03-06 20:17:27.512  9567  9588 I OpenGLRenderer: Davey! duration=9223130382862ms; Flags=0, FrameTimelineVsyncId=22541300, IntendedVsync=241653992477565, Vsync=241654009144231, InputEventId=0, HandleInputStart=241654016729948, AnimationStart=241654016731354, PerformTraversalsStart=241654027383803, DrawStart=241654027432866, FrameDeadline=241654016477564, FrameInterval=241654016727240, FrameStartTime=8333333, SyncQueued=241654028126355, SyncStart=241654028281980, IssueDrawCommandsStart=241654028378908, SwapBuffers=241654029483179, FrameCompleted=9223372036854775807, DequeueBufferDuration=17812, QueueBufferDuration=622708, GpuCompleted=9223372036854775807, SwapBuffersCompleted=241654030510731, DisplayPresentTime=0,
03-06 20:17:27.517  1319  1319 I SDM     : HWCDisplayBuiltIn::GetOptimalRefreshRate: active_refresh_rate_: 60
03-06 20:17:27.526  1319  1319 I SDM     : HWCDisplayBuiltIn::GetOptimalRefreshRate: active_refresh_rate_: 60
03-06 20:17:27.534  1319  1319 I SDM     : HWCDisplayBuiltIn::GetOptimalRefreshRate: active_refresh_rate_: 60
03-06 20:17:27.536  8858  8875 D Benchmark: Iteration 0 captured UiState{highlight_process=HighlightProcess{cmdline=com.example.empoweher}}
03-06 20:17:27.536  8858  8875 D UiDevice: Turning on screen.
03-06 20:17:27.536  8858  8875 D Benchmark: Dropping shader cache for com.example.empoweher
03-06 20:17:27.536  8858  8875 D Benchmark: Profile Installer - Benchmark Operation: DROP_SHADER_CACHE
03-06 20:17:27.542  1319  1319 I SDM     : HWCDisplayBuiltIn::GetOptimalRefreshRate: active_refresh_rate_: 60
03-06 20:17:27.552  1319  1319 I SDM     : HWCDisplayBuiltIn::GetOptimalRefreshRate: active_refresh_rate_: 60
03-06 20:17:27.560  1319  1319 I SDM     : HWCDisplayBuiltIn::GetOptimalRefreshRate: active_refresh_rate_: 60
03-06 20:17:27.568  1319  1319 I SDM     : HWCDisplayBuiltIn::GetOptimalRefreshRate: active_refresh_rate_: 60
03-06 20:17:27.572  9685  9685 D ProcessState: Binder ioctl to enable oneway spam detection failed: Invalid argument
03-06 20:17:27.577  1319  1319 I SDM     : HWCDisplayBuiltIn::GetOptimalRefreshRate: active_refresh_rate_: 60
03-06 20:17:27.581  9567  9567 D ProfileInstaller:
03-06 20:17:27.585  1319  1319 I SDM     : HWCDisplayBuiltIn::GetOptimalRefreshRate: active_refresh_rate_: 60
03-06 20:17:27.588  8858  8875 D Benchmark: Killing process com.example.empoweher
03-06 20:17:27.589  8858  8875 D UiDevice: Executing shell command: am force-stop com.example.empoweher
03-06 20:17:27.594  1319  1319 I SDM     : HWCDisplayBuiltIn::GetOptimalRefreshRate: active_refresh_rate_: 60
03-06 20:17:27.613  9691  9691 D ProcessState: Binder ioctl to enable oneway spam detection failed: Invalid argument
03-06 20:17:27.621 23304 23304 D BoundBrokerSvc: onUnbind: Intent { act=com.google.android.gms.auth.api.identity.service.signin.START dat=chimera-action: cmp=com.google.android.gms/.chimera.GmsApiService }
03-06 20:17:27.627  7451  7498 I BtGatt.ScanManager: msg.what = 6
03-06 20:17:27.638  2070  2294 I libprocessgroup: Successfully killed process cgroup uid 12031 pid 9567 in 19ms
03-06 20:17:27.644  2070  5976 W InputManager-JNI: Input channel object '773289b com.example.empoweher/com.example.empoweher.activities.MainActivity (client)' was disposed without first being removed with the input manager!
03-06 20:17:27.649  2070  5976 W InputManager-JNI: Input channel object 'Letterbox_left_ActivityRecord{40fcfbf u0 com.example.empoweher/.activities.MainActivity t1655} (client)' was disposed without first being removed with the input manager!
03-06 20:17:27.649  2070  5976 W InputManager-JNI: Input channel object 'Letterbox_top_ActivityRecord{40fcfbf u0 com.example.empoweher/.activities.MainActivity t1655} (client)' was disposed without first being removed with the input manager!
03-06 20:17:27.649  2070  5976 W InputManager-JNI: Input channel object 'Letterbox_right_ActivityRecord{40fcfbf u0 com.example.empoweher/.activities.MainActivity t1655} (client)' was disposed without first being removed with the input manager!
03-06 20:17:27.649  2070  5976 W InputManager-JNI: Input channel object 'Letterbox_bottom_ActivityRecord{40fcfbf u0 com.example.empoweher/.activities.MainActivity t1655} (client)' was disposed without first being removed with the input manager!
03-06 20:17:27.651  2070  2623 W InputDispatcher: Letterbox_top_ActivityRecord{40fcfbf u0 com.example.empoweher/.activities.MainActivity t1655} has FLAG_SLIPPERY. Please report this in b/157929241
03-06 20:17:27.653  1319  1319 I SDM     : HWCDisplayBuiltIn::GetOptimalRefreshRate: active_refresh_rate_: 60
03-06 20:17:27.662  3353  3353 D CarrierSvcBindHelper: No carrier app for: 0
03-06 20:17:27.662  3353  3353 E PhoneInterfaceManager: [PhoneIntfMgr] getCarrierPackageNamesForIntentAndPhone: No UICC
03-06 20:17:27.663  3353  3353 D CarrierSvcBindHelper: No carrier app for: 1
03-06 20:17:27.674  4634 16181 W MediaProvider: isAppCloneUserPair failed. Users: 0 and 0
03-06 20:17:27.674  4634 16181 W MediaProvider: isAppCloneUserPair for user 0: false
03-06 20:17:27.679 23215 23215 I A       : onApplyWindowInsets: systemWindowInsets=Insets{left=0, top=115, right=0, bottom=60}
03-06 20:17:27.679 23215 23215 I A       : onApplyWindowInsets: systemWindowInsets=Insets{left=0, top=115, right=0, bottom=60}
03-06 20:17:27.683  1392  1392 E BpTransactionCompletedListener: Failed to transact (-32)
03-06 20:17:27.686  1236  1236 I Zygote  : Process 9567 exited due to signal 9 (Killed)
03-06 20:17:27.703  4653  4653 I GsaVoiceInteractionSrv: Handling ACTION_START_HOTWORD
03-06 20:17:27.704  4653  5242 I GsaVoiceInteractionSrv: disregardVoiceMatch: false
03-06 20:17:27.704  4653  5242 I GsaVoiceInteractionSrv: Cannot start hotword, hotword has been explicitly disabled.
03-06 20:17:27.705 23215 29739 I OpenGLRenderer: Davey! duration=1267736ms; Flags=1, FrameTimelineVsyncId=22535436, IntendedVsync=240386485308246, Vsync=240386485308246, InputEventId=0, HandleInputStart=240386485747949, AnimationStart=240386485750553, PerformTraversalsStart=240386485751751, DrawStart=240386498724096, FrameDeadline=240386509308245, FrameInterval=240386485743418, FrameStartTime=8333333, SyncQueued=240386498988836, SyncStart=240386499122377, IssueDrawCommandsStart=240386499492430, SwapBuffers=240386502447430, FrameCompleted=241654222388458, DequeueBufferDuration=44010, QueueBufferDuration=1072917, GpuCompleted=241654222388458, SwapBuffersCompleted=240386504161440, DisplayPresentTime=0,
03-06 20:17:27.709 23215 23215 I A       : onApplyWindowInsets: systemWindowInsets=Insets{left=0, top=115, right=0, bottom=60}
03-06 20:17:27.709 23215 23215 I A       : onApplyWindowInsets: systemWindowInsets=Insets{left=0, top=115, right=0, bottom=60}
03-06 20:17:27.727  1319  1319 I SDM     : HWCDisplayBuiltIn::GetOptimalRefreshRate: active_refresh_rate_: 60
03-06 20:17:27.733  1324  1324 I QTI PowerHAL: Power setBoost: 0, duration: 0
03-06 20:17:27.735  1319  1319 I SDM     : HWCDisplayBuiltIn::GetOptimalRefreshRate: active_refresh_rate_: 60
03-06 20:17:27.744  1319  1319 I SDM     : HWCDisplayBuiltIn::GetOptimalRefreshRate: active_refresh_rate_: 60
03-06 20:17:27.747 24401  9058 I NetworkScheduler.Stats: (REDACTED) Task %s/%s started execution. cause:%s exec_start_elapsed_seconds: %s
03-06 20:17:27.751  1319  1319 I SDM     : HWCDisplayBuiltIn::GetOptimalRefreshRate: active_refresh_rate_: 60
03-06 20:17:27.754  4601  4601 I GoogleInputMethodService: GoogleInputMethodService.onFinishInput():3301
03-06 20:17:27.755  4601  4601 I GoogleInputMethodService: GoogleInputMethodService.onStartInput():1979
03-06 20:17:27.756  4601  4601 I DeviceUnlockedTag: DeviceUnlockedTag.notifyDeviceLockStatusChanged():79 Notify device unlocked.
03-06 20:17:27.760  1319  1319 I SDM     : HWCDisplayBuiltIn::GetOptimalRefreshRate: active_refresh_rate_: 60
03-06 20:17:27.763 24401  8267 I NetworkScheduler.Stats: (REDACTED) Task %s/%s finished executing. cause:%s result: %s elapsed_millis: %s uptime_millis: %s exec_start_elapsed_seconds: %s
03-06 20:17:27.768  1319  1319 I SDM     : HWCDisplayBuiltIn::GetOptimalRefreshRate: active_refresh_rate_: 60
03-06 20:17:27.776  1319  1319 I SDM     : HWCDisplayBuiltIn::GetOptimalRefreshRate: active_refresh_rate_: 60
03-06 20:17:27.784  1319  1319 I SDM     : HWCDisplayBuiltIn::GetOptimalRefreshRate: active_refresh_rate_: 60
03-06 20:17:27.792  1319  1319 I SDM     : HWCDisplayBuiltIn::GetOptimalRefreshRate: active_refresh_rate_: 60
03-06 20:17:27.798  7451  7498 I BtGatt.ScanManager: msg.what = 6
03-06 20:17:27.801  1319  1319 I SDM     : HWCDisplayBuiltIn::GetOptimalRefreshRate: active_refresh_rate_: 60
03-06 20:17:27.809  1319  1319 I SDM     : HWCDisplayBuiltIn::GetOptimalRefreshRate: active_refresh_rate_: 60
03-06 20:17:27.817  1319  1319 I SDM     : HWCDisplayBuiltIn::GetOptimalRefreshRate: active_refresh_rate_: 60
03-06 20:17:27.824  4634 25473 I MediaProvider: Invalidating LocalCallingIdentity cache for package com.example.benchmark. Reason: owned_database_row_deleted:/storage/emulated/0/Android/media/com.example.benchmark/temporaryScript3754720480362282088.tmp
03-06 20:17:27.826  1319  1319 I SDM     : HWCDisplayBuiltIn::GetOptimalRefreshRate: active_refresh_rate_: 60
03-06 20:17:27.830  4634 25473 I MediaProvider: Deleted 1 0 0 0 0 0 0 items on external_primary due to com.android.shell
03-06 20:17:27.834  1319  1319 I SDM     : HWCDisplayBuiltIn::GetOptimalRefreshRate: active_refresh_rate_: 60
03-06 20:17:27.843  1319  1319 I SDM     : HWCDisplayBuiltIn::GetOptimalRefreshRate: active_refresh_rate_: 60
03-06 20:17:27.851  1319  1319 I SDM     : HWCDisplayBuiltIn::GetOptimalRefreshRate: active_refresh_rate_: 60
03-06 20:17:27.859  1319  1319 I SDM     : HWCDisplayBuiltIn::GetOptimalRefreshRate: active_refresh_rate_: 60
03-06 20:17:27.868  1319  1319 I SDM     : HWCDisplayBuiltIn::GetOptimalRefreshRate: active_refresh_rate_: 60
03-06 20:17:27.876 23304 23304 D BoundBrokerSvc: onUnbind: Intent { act=com.google.android.gms.measurement.START pkg=com.google.android.gms }
03-06 20:17:27.876  1319  1319 I SDM     : HWCDisplayBuiltIn::GetOptimalRefreshRate: active_refresh_rate_: 60
03-06 20:17:27.880 24401  9212 I NetworkScheduler.Stats: (REDACTED) Task %s/%s started execution. cause:%s exec_start_elapsed_seconds: %s
03-06 20:17:27.885  1319  1319 I SDM     : HWCDisplayBuiltIn::GetOptimalRefreshRate: active_refresh_rate_: 60
03-06 20:17:27.890 24401  9058 I NetworkScheduler.Stats: (REDACTED) Task %s/%s finished executing. cause:%s result: %s elapsed_millis: %s uptime_millis: %s exec_start_elapsed_seconds: %s
03-06 20:17:27.893  1319  1319 I SDM     : HWCDisplayBuiltIn::GetOptimalRefreshRate: active_refresh_rate_: 60
03-06 20:17:27.901  1319  1319 I SDM     : HWCDisplayBuiltIn::GetOptimalRefreshRate: active_refresh_rate_: 60
03-06 20:17:27.909  1319  1319 I SDM     : HWCDisplayBuiltIn::GetOptimalRefreshRate: active_refresh_rate_: 60
03-06 20:17:27.918  1319  1319 I SDM     : HWCDisplayBuiltIn::GetOptimalRefreshRate: active_refresh_rate_: 60
03-06 20:17:27.926  1319  1319 I SDM     : HWCDisplayBuiltIn::GetOptimalRefreshRate: active_refresh_rate_: 60
03-06 20:17:27.934  4634  9674 W MediaProvider: isAppCloneUserPair failed. Users: 0 and 0
03-06 20:17:27.934  4634  9674 W MediaProvider: isAppCloneUserPair for user 0: false
03-06 20:17:27.934  1319  1319 I SDM     : HWCDisplayBuiltIn::GetOptimalRefreshRate: active_refresh_rate_: 60
03-06 20:17:27.943  1319  1319 I SDM     : HWCDisplayBuiltIn::GetOptimalRefreshRate: active_refresh_rate_: 60
03-06 20:17:27.951  1319  1319 I SDM     : HWCDisplayBuiltIn::GetOptimalRefreshRate: active_refresh_rate_: 60
03-06 20:17:27.959  1319  1319 I SDM     : HWCDisplayBuiltIn::GetOptimalRefreshRate: active_refresh_rate_: 60
03-06 20:17:27.968  1319  1319 I SDM     : HWCDisplayBuiltIn::GetOptimalRefreshRate: active_refresh_rate_: 60
03-06 20:17:27.976  1319  1319 I SDM     : HWCDisplayBuiltIn::GetOptimalRefreshRate: active_refresh_rate_: 60
03-06 20:17:27.984  4634  4642 W FuseDaemon: Reducing the number of considered missed Gc histogram windows from 145 to 100
03-06 20:17:27.985  1319  1319 I SDM     : HWCDisplayBuiltIn::GetOptimalRefreshRate: active_refresh_rate_: 60
03-06 20:17:27.991  3248  3248 I QImsService: ImsServiceClassTracker : updateAlertQuota:newQuota=2097152,Remaining=2097152
03-06 20:17:27.993  1319  1319 I SDM     : HWCDisplayBuiltIn::GetOptimalRefreshRate: active_refresh_rate_: 60
03-06 20:17:28.001  1319  1319 I SDM     : HWCDisplayBuiltIn::GetOptimalRefreshRate: active_refresh_rate_: 60
03-06 20:17:28.010  1319  1319 I SDM     : HWCDisplayBuiltIn::GetOptimalRefreshRate: active_refresh_rate_: 60
03-06 20:17:28.018  1319  1319 I SDM     : HWCDisplayBuiltIn::GetOptimalRefreshRate: active_refresh_rate_: 60
03-06 20:17:28.026  1319  1319 I SDM     : HWCDisplayBuiltIn::GetOptimalRefreshRate: active_refresh_rate_: 60
03-06 20:17:28.034  1319  1319 I SDM     : HWCDisplayBuiltIn::GetOptimalRefreshRate: active_refresh_rate_: 60
03-06 20:17:28.042  1319  1319 I SDM     : HWCDisplayBuiltIn::GetOptimalRefreshRate: active_refresh_rate_: 60
03-06 20:17:28.051  1319  1319 I SDM     : HWCDisplayBuiltIn::GetOptimalRefreshRate: active_refresh_rate_: 60
03-06 20:17:28.059  1319  1319 I SDM     : HWCDisplayBuiltIn::GetOptimalRefreshRate: active_refresh_rate_: 60
03-06 20:17:28.067  1319  1319 I SDM     : HWCDisplayBuiltIn::GetOptimalRefreshRate: active_refresh_rate_: 60
03-06 20:17:28.076  1319  1319 I SDM     : HWCDisplayBuiltIn::GetOptimalRefreshRate: active_refresh_rate_: 60
03-06 20:17:28.085  1319  1319 I SDM     : HWCDisplayBuiltIn::GetOptimalRefreshRate: active_refresh_rate_: 60
03-06 20:17:28.088 24401  9212 I NetworkScheduler.Stats: (REDACTED) Task %s/%s started execution. cause:%s exec_start_elapsed_seconds: %s
03-06 20:17:28.092 24401  8504 I NetworkScheduler.Stats: (REDACTED) Task %s/%s finished executing. cause:%s result: %s elapsed_millis: %s uptime_millis: %s exec_start_elapsed_seconds: %s
03-06 20:17:28.093  1319  1319 I SDM     : HWCDisplayBuiltIn::GetOptimalRefreshRate: active_refresh_rate_: 60
03-06 20:17:28.101  1319  1319 I SDM     : HWCDisplayBuiltIn::GetOptimalRefreshRate: active_refresh_rate_: 60
03-06 20:17:28.109  1319  1319 I SDM     : HWCDisplayBuiltIn::GetOptimalRefreshRate: active_refresh_rate_: 60
03-06 20:17:28.117  1319  1319 I SDM     : HWCDisplayBuiltIn::GetOptimalRefreshRate: active_refresh_rate_: 60
03-06 20:17:28.126  1319  1319 I SDM     : HWCDisplayBuiltIn::GetOptimalRefreshRate: active_refresh_rate_: 60
03-06 20:17:28.134  1319  1319 I SDM     : HWCDisplayBuiltIn::GetOptimalRefreshRate: active_refresh_rate_: 60
03-06 20:17:28.143  1319  1319 I SDM     : HWCDisplayBuiltIn::GetOptimalRefreshRate: active_refresh_rate_: 60
03-06 20:17:28.151  1319  1319 I SDM     : HWCDisplayBuiltIn::GetOptimalRefreshRate: active_refresh_rate_: 60
03-06 20:17:28.159  1319  1319 I SDM     : HWCDisplayBuiltIn::GetOptimalRefreshRate: active_refresh_rate_: 60
03-06 20:17:28.167  1319  1319 I SDM     : HWCDisplayBuiltIn::GetOptimalRefreshRate: active_refresh_rate_: 60
03-06 20:17:28.176  1319  1319 I SDM     : HWCDisplayBuiltIn::GetOptimalRefreshRate: active_refresh_rate_: 60
03-06 20:17:28.184  1319  1319 I SDM     : HWCDisplayBuiltIn::GetOptimalRefreshRate: active_refresh_rate_: 60
03-06 20:17:28.187  4634  9673 I MediaProvider: Invalidating LocalCallingIdentity cache for package com.example.benchmark. Reason: owned_database_row_deleted:/storage/emulated/0/Android/media/com.example.benchmark/temporaryScript928004117935233933.tmp
03-06 20:17:28.192  4634  9673 I MediaProvider: Deleted 1 0 0 0 0 0 0 items on external_primary due to com.android.shell
03-06 20:17:28.192  1319  1319 I SDM     : HWCDisplayBuiltIn::GetOptimalRefreshRate: active_refresh_rate_: 60
03-06 20:17:28.201  1319  1319 I SDM     : HWCDisplayBuiltIn::GetOptimalRefreshRate: active_refresh_rate_: 60
03-06 20:17:28.209  1319  1319 I SDM     : HWCDisplayBuiltIn::GetOptimalRefreshRate: active_refresh_rate_: 60
03-06 20:17:28.217  1319  1319 I SDM     : HWCDisplayBuiltIn::GetOptimalRefreshRate: active_refresh_rate_: 60
03-06 20:17:28.226  1319  1319 I SDM     : HWCDisplayBuiltIn::GetOptimalRefreshRate: active_refresh_rate_: 60
03-06 20:17:28.234  1319  1319 I SDM     : HWCDisplayBuiltIn::GetOptimalRefreshRate: active_refresh_rate_: 60
03-06 20:17:28.254 24401  9212 I NetworkScheduler.Stats: (REDACTED) Task %s/%s started execution. cause:%s exec_start_elapsed_seconds: %s
03-06 20:17:28.260 24401  8504 I NetworkScheduler.Stats: (REDACTED) Task %s/%s finished executing. cause:%s result: %s elapsed_millis: %s uptime_millis: %s exec_start_elapsed_seconds: %s
03-06 20:17:28.261  8858  8875 D PerfettoCapture: Supported ABIs: arm64-v8a, armeabi-v7a, armeabi
03-06 20:17:28.262  8858  8875 D PerfettoCapture: Recording perfetto trace
03-06 20:17:28.282  4634 25455 W MediaProvider: isAppCloneUserPair failed. Users: 0 and 0
03-06 20:17:28.282  4634 25455 W MediaProvider: isAppCloneUserPair for user 0: false
03-06 20:17:28.288  8858  8875 I PerfettoCapture: Cleanup perfetto before starting.
03-06 20:17:28.319 24401  9058 I NetworkScheduler.Stats: (REDACTED) Task %s/%s started execution. cause:%s exec_start_elapsed_seconds: %s
03-06 20:17:28.327 24401  8504 I NetworkScheduler.Stats: (REDACTED) Task %s/%s finished executing. cause:%s result: %s elapsed_millis: %s uptime_millis: %s exec_start_elapsed_seconds: %s
03-06 20:17:28.383  4634  9674 W MediaProvider: isAppCloneUserPair failed. Users: 0 and 0
03-06 20:17:28.383  4634  9674 W MediaProvider: isAppCloneUserPair for user 0: false
03-06 20:17:28.434  4634  4802 W MediaProvider: Failed to update quota for uri: content://media/external_primary/file/1000023198
03-06 20:17:28.434  4634  4802 W MediaProvider: java.io.FileNotFoundException: No item at content://media/external_primary/file/1000023198
03-06 20:17:28.434  4634  4802 W MediaProvider: 	at com.android.providers.media.MediaProvider.queryForSingleItem(MediaProvider.java:9014)
03-06 20:17:28.434  4634  4802 W MediaProvider: 	at com.android.providers.media.MediaProvider.queryForDataFile(MediaProvider.java:8954)
03-06 20:17:28.434  4634  4802 W MediaProvider: 	at com.android.providers.media.MediaProvider.queryForDataFile(MediaProvider.java:8946)
03-06 20:17:28.434  4634  4802 W MediaProvider: 	at com.android.providers.media.MediaProvider.updateQuotaTypeForUri(MediaProvider.java:899)
03-06 20:17:28.434  4634  4802 W MediaProvider: 	at com.android.providers.media.MediaProvider$5.lambda$onInsert$0(MediaProvider.java:971)
03-06 20:17:28.434  4634  4802 W MediaProvider: 	at com.android.providers.media.MediaProvider$5.$r8$lambda$fpXVCCb4tNgN0rBFXazZWCUznbc(MediaProvider.java:0)
03-06 20:17:28.434  4634  4802 W MediaProvider: 	at com.android.providers.media.MediaProvider$5$$ExternalSyntheticLambda1.run(R8$$SyntheticClass:0)
03-06 20:17:28.434  4634  4802 W MediaProvider: 	at android.os.Handler.handleCallback(Handler.java:978)
03-06 20:17:28.434  4634  4802 W MediaProvider: 	at android.os.Handler.dispatchMessage(Handler.java:104)
03-06 20:17:28.434  4634  4802 W MediaProvider: 	at android.os.Looper.loopOnce(Looper.java:238)
03-06 20:17:28.434  4634  4802 W MediaProvider: 	at android.os.Looper.loop(Looper.java:357)
03-06 20:17:28.434  4634  4802 W MediaProvider: 	at android.os.HandlerThread.run(HandlerThread.java:67)
03-06 20:17:28.447 24401  9058 I NetworkScheduler.Stats: (REDACTED) Task %s/%s started execution. cause:%s exec_start_elapsed_seconds: %s
03-06 20:17:28.455 24401  9212 I NetworkScheduler.Stats: (REDACTED) Task %s/%s finished executing. cause:%s result: %s elapsed_millis: %s uptime_millis: %s exec_start_elapsed_seconds: %s
03-06 20:17:28.489  4634  9673 I MediaProvider: Invalidating LocalCallingIdentity cache for package com.example.benchmark. Reason: owned_database_row_deleted:/storage/emulated/0/Android/media/com.example.benchmark/temporaryScript2884453163250654558.tmp
03-06 20:17:28.491  4634  9673 I MediaProvider: Deleted 1 0 0 0 0 0 0 items on external_primary due to com.android.shell
03-06 20:17:28.497  8858  8875 I PerfettoCapture: Starting perfetto tracing with cmd: cat /storage/emulated/0/Android/media/com.example.benchmark/trace_config.pb | perfetto --background -c - -o /data/misc/perfetto-traces/trace_output.pb
03-06 20:17:28.511  4634 16181 W MediaProvider: isAppCloneUserPair failed. Users: 0 and 0
03-06 20:17:28.511  4634 16181 W MediaProvider: isAppCloneUserPair for user 0: false
03-06 20:17:28.554 24401  8504 I NetworkScheduler.Stats: (REDACTED) Task %s/%s started execution. cause:%s exec_start_elapsed_seconds: %s
03-06 20:17:28.555  9745  9745 W perfetto: type=1400 audit(0.0:29849): avc: denied { write } for path="/data/local/tmp/temporaryScript3418975399168849054.tmp_stderr" dev="dm-12" ino=880382 scontext=u:r:perfetto:s0 tcontext=u:object_r:shell_data_file:s0 tclass=file permissive=0
03-06 20:17:28.562 24401  8267 I NetworkScheduler.Stats: (REDACTED) Task %s/%s finished executing. cause:%s result: %s elapsed_millis: %s uptime_millis: %s exec_start_elapsed_seconds: %s
03-06 20:17:28.581  9746  9746 I perfetto: perfetto_cmd.cc:794     Connected to the Perfetto traced service, starting tracing
03-06 20:17:28.582  1537  1537 I perfetto: ing_service_impl.cc:912 Configured tracing session 2, #sources:9, duration:0 ms, #buffers:2, total buffer size:36864 KB, total sessions:1, uid:2000 session name: ""
03-06 20:17:28.583  1536  1536 I perfetto: probes_producer.cc:241  Ftrace setup (target_buf=3)
03-06 20:17:28.621  9748  9748 D hw-ProcessState: Binder ioctl to enable oneway spam detection failed: Invalid argument
03-06 20:17:28.627  4634  9671 I MediaProvider: Invalidating LocalCallingIdentity cache for package com.example.benchmark. Reason: owned_database_row_deleted:/storage/emulated/0/Android/media/com.example.benchmark/temporaryScript3418975399168849054.tmp
03-06 20:17:28.629  4634  9671 I MediaProvider: Deleted 1 0 0 0 0 0 0 items on external_primary due to com.android.shell
03-06 20:17:28.628  1536  1536 W traced_probes: type=1400 audit(0.0:29850): avc: denied { read } for name="format" dev="tracefs" ino=5801 scontext=u:r:traced_probes:s0 tcontext=u:object_r:debugfs_tracing_debug:s0 tclass=file permissive=0
03-06 20:17:28.628  1536  1536 W traced_probes: type=1400 audit(0.0:29851): avc: denied { read } for name="format" dev="tracefs" ino=5771 scontext=u:r:traced_probes:s0 tcontext=u:object_r:debugfs_tracing_debug:s0 tclass=file permissive=0
03-06 20:17:28.628  1536  1536 W traced_probes: type=1400 audit(0.0:29852): avc: denied { read } for name="format" dev="tracefs" ino=5765 scontext=u:r:traced_probes:s0 tcontext=u:object_r:debugfs_tracing_debug:s0 tclass=file permissive=0
03-06 20:17:28.628  1536  1536 W traced_probes: type=1400 audit(0.0:29853): avc: denied { read } for name="format" dev="tracefs" ino=5783 scontext=u:r:traced_probes:s0 tcontext=u:object_r:debugfs_tracing_debug:s0 tclass=file permissive=0
03-06 20:17:28.638  1536  1536 I perfetto: ftrace_procfs.cc:206    enabled ftrace in /sys/kernel/tracing/
03-06 20:17:28.651  8858  8875 I PerfettoCapture: Perfetto output - 9746
03-06 20:17:28.651  8858  8875 I PerfettoCapture: EXITCODE=0
03-06 20:17:28.681 24401  9058 I NetworkScheduler.Stats: (REDACTED) Task %s/%s started execution. cause:%s exec_start_elapsed_seconds: %s
03-06 20:17:28.690 24401  8267 I NetworkScheduler.Stats: (REDACTED) Task %s/%s finished executing. cause:%s result: %s elapsed_millis: %s uptime_millis: %s exec_start_elapsed_seconds: %s
03-06 20:17:28.706  8858  8875 I PerfettoCapture: Perfetto tracing started successfully with pid 9746.
03-06 20:17:28.737  4634  9670 W MediaProvider: isAppCloneUserPair failed. Users: 0 and 0
03-06 20:17:28.737  4634  9670 W MediaProvider: isAppCloneUserPair for user 0: false
03-06 20:17:28.757   939   939 I hwservicemanager: getTransport: Cannot find entry android.hardware.power.stats@1.0::IPowerStats/default in either framework or device VINTF manifest.
03-06 20:17:28.757  1536  1536 E perfetto: power_data_source.cc:84 Failed to retrieve rail descriptors.
03-06 20:17:28.803 24401  8504 I NetworkScheduler.Stats: (REDACTED) Task %s/%s started execution. cause:%s exec_start_elapsed_seconds: %s
03-06 20:17:28.818 24401  9058 I NetworkScheduler.Stats: (REDACTED) Task %s/%s finished executing. cause:%s result: %s elapsed_millis: %s uptime_millis: %s exec_start_elapsed_seconds: %s
03-06 20:17:28.856  4634  9410 I MediaProvider: Invalidating LocalCallingIdentity cache for package com.example.benchmark. Reason: owned_database_row_deleted:/storage/emulated/0/Android/media/com.example.benchmark/temporaryScript6885928796435288096.tmp
03-06 20:17:28.858  4634  9410 I MediaProvider: Deleted 1 0 0 0 0 0 0 items on external_primary due to com.android.shell
03-06 20:17:28.863  8858  8875 I PerfettoCapture: /sys/kernel/tracing/tracing_on = 1, polled 0 times, capture fully started
03-06 20:17:28.879  4634  9672 I MediaProvider: Deleted 1 0 0 0 0 0 0 items on external_primary due to com.example.benchmark
03-06 20:17:28.883  8858  8875 D UiDevice: Pressing home button.
03-06 20:17:28.892  1324  1324 I QTI PowerHAL: Power setBoost: 0, duration: 0
03-06 20:17:28.894  1324  1324 I QTI PowerHAL: Power setBoost: 0, duration: 0
03-06 20:17:28.903  2070  2223 D WindowManager: startDockOrHome: startReason= startDockOrHome
03-06 20:17:28.903  1324  1324 I QTI PowerHAL: Power setBoost: 0, duration: 0
03-06 20:17:28.911  3022  3022 V ShadeControllerImpl: NotificationShadeWindow: com.android.systemui.statusbar.phone.NotificationShadeWindowView{29ca3eb I.E...... ......ID 0,0-1080,2460} canPanelBeCollapsed(): false
03-06 20:17:28.929  3022  3022 V ShadeControllerImpl: NotificationShadeWindow: com.android.systemui.statusbar.phone.NotificationShadeWindowView{29ca3eb I.E...... ......ID 0,0-1080,2460} canPanelBeCollapsed(): false
03-06 20:17:28.931 24401  8267 I NetworkScheduler.Stats: (REDACTED) Task %s/%s started execution. cause:%s exec_start_elapsed_seconds: %s
03-06 20:17:28.937 24401  9212 I NetworkScheduler.Stats: (REDACTED) Task %s/%s finished executing. cause:%s result: %s elapsed_millis: %s uptime_millis: %s exec_start_elapsed_seconds: %s
03-06 20:17:29.909  8858  8875 W InteractionController: Timed out waiting 1000ms for command and events.
03-06 20:17:29.996  8858  8875 D Benchmark: Starting activity with command: am start  -W "intent:#Intent;action=android.intent.action.MAIN;category=android.intent.category.LAUNCHER;launchFlags=0x10008000;package=com.example.empoweher;component=com.example.empoweher/.activities.MainActivity;end"
03-06 20:17:30.017  4634  9673 W MediaProvider: isAppCloneUserPair failed. Users: 0 and 0
03-06 20:17:30.017  4634  9673 W MediaProvider: isAppCloneUserPair for user 0: false
03-06 20:17:30.117  9781  9781 D ProcessState: Binder ioctl to enable oneway spam detection failed: Invalid argument
03-06 20:17:30.131 24401  8267 I NetworkScheduler.Stats: (REDACTED) Task %s/%s started execution. cause:%s exec_start_elapsed_seconds: %s
03-06 20:17:30.134  1324  1324 I QTI PowerHAL: Power setMode: 5 to: 1
03-06 20:17:30.135  1319  1319 I SDM     : HWCDisplayBuiltIn::GetOptimalRefreshRate: active_refresh_rate_: 60
03-06 20:17:30.139 24401  9212 I NetworkScheduler.Stats: (REDACTED) Task %s/%s finished executing. cause:%s result: %s elapsed_millis: %s uptime_millis: %s exec_start_elapsed_seconds: %s
03-06 20:17:30.152  1319  1319 I SDM     : HWCDisplayBuiltIn::GetOptimalRefreshRate: active_refresh_rate_: 60
03-06 20:17:30.168  1319  1319 I SDM     : HWCDisplayBuiltIn::GetOptimalRefreshRate: active_refresh_rate_: 60
03-06 20:17:30.190  1236  1236 D Zygote  : Forked child process 9786
03-06 20:17:30.208  1324  1324 I QTI PowerHAL: Power setBoost: 0, duration: 0
03-06 20:17:30.211  1319  1319 I SDM     : HWCDisplayBuiltIn::GetOptimalRefreshRate: active_refresh_rate_: 60
03-06 20:17:30.228  9786  9786 I ample.empowehe: Using CollectorTypeCC GC.
03-06 20:17:30.230  1319  1319 I SDM     : HWCDisplayBuiltIn::GetOptimalRefreshRate: active_refresh_rate_: 60
03-06 20:17:30.232  7487  7492 I adbd    : jdwp connection from 9786
03-06 20:17:30.233  9786  9786 D ProcessState: Binder ioctl to enable oneway spam detection failed: Invalid argument
03-06 20:17:30.245  1319  1319 I SDM     : HWCDisplayBuiltIn::GetOptimalRefreshRate: active_refresh_rate_: 60
03-06 20:17:30.246  9786  9786 D CompatibilityChangeReporter: Compat change id reported: 171979766; UID 12031; state: ENABLED
03-06 20:17:30.253  1319  1319 I SDM     : HWCDisplayBuiltIn::GetOptimalRefreshRate: active_refresh_rate_: 60
03-06 20:17:30.261  1319  1319 I SDM     : HWCDisplayBuiltIn::GetOptimalRefreshRate: active_refresh_rate_: 60
03-06 20:17:30.264  4653  4653 I GsaVoiceInteractionSrv: Handling ACTION_STOP_HOTWORD
03-06 20:17:30.265  4653  5083 E HwDetectorWithState: a: 3
03-06 20:17:30.269  1319  1319 I SDM     : HWCDisplayBuiltIn::GetOptimalRefreshRate: active_refresh_rate_: 60
03-06 20:17:30.278  1319  1319 I SDM     : HWCDisplayBuiltIn::GetOptimalRefreshRate: active_refresh_rate_: 60
03-06 20:17:30.286  1319  1319 I SDM     : HWCDisplayBuiltIn::GetOptimalRefreshRate: active_refresh_rate_: 60
03-06 20:17:30.294  1319  1319 I SDM     : HWCDisplayBuiltIn::GetOptimalRefreshRate: active_refresh_rate_: 60
03-06 20:17:30.303  1319  1319 I SDM     : HWCDisplayBuiltIn::GetOptimalRefreshRate: active_refresh_rate_: 60
03-06 20:17:30.308  1324  1324 I QTI PowerHAL: Power setBoost: 0, duration: 0
03-06 20:17:30.312  1319  1319 I SDM     : HWCDisplayBuiltIn::GetOptimalRefreshRate: active_refresh_rate_: 60
03-06 20:17:30.320  1319  1319 I SDM     : HWCDisplayBuiltIn::GetOptimalRefreshRate: active_refresh_rate_: 60
03-06 20:17:30.328  1319  1319 I SDM     : HWCDisplayBuiltIn::GetOptimalRefreshRate: active_refresh_rate_: 60
03-06 20:17:30.344  1319  1319 I SDM     : HWCDisplayBuiltIn::GetOptimalRefreshRate: active_refresh_rate_: 60
03-06 20:17:30.347  9786  9786 D nativeloader: Configuring clns-4 for other apk /data/app/~~vtXINWp3a-aSjqIvdZfWXQ==/com.example.empoweher-Qr05Vz6PusKbr-6d0zmzRQ==/base.apk. target_sdk_version=34, uses_libraries=, library_path=/data/app/~~vtXINWp3a-aSjqIvdZfWXQ==/com.example.empoweher-Qr05Vz6PusKbr-6d0zmzRQ==/lib/arm64, permitted_path=/data:/mnt/expand:/data/user/0/com.example.empoweher
03-06 20:17:30.361  1319  1319 I SDM     : HWCDisplayBuiltIn::GetOptimalRefreshRate: active_refresh_rate_: 60
03-06 20:17:30.374  9786  9786 V GraphicsEnvironment: ANGLE Developer option for 'com.example.empoweher' set to: 'default'
03-06 20:17:30.375  9786  9786 V GraphicsEnvironment: ANGLE GameManagerService for com.example.empoweher: false
03-06 20:17:30.375  9786  9786 V GraphicsEnvironment: Updatable production driver is not supported on the device.
03-06 20:17:30.376  9786  9786 D NetworkSecurityConfig: No Network Security Config specified, using platform default
03-06 20:17:30.376  9786  9786 D NetworkSecurityConfig: No Network Security Config specified, using platform default
03-06 20:17:30.378  1319  1319 I SDM     : HWCDisplayBuiltIn::GetOptimalRefreshRate: active_refresh_rate_: 60
03-06 20:17:30.388  9786  9786 I FirebaseApp: Device unlocked: initializing all Firebase APIs for app [DEFAULT]
03-06 20:17:30.390  9786  9786 I FirebaseInitProvider: FirebaseApp initialization successful
03-06 20:17:30.394  1319  1319 I SDM     : HWCDisplayBuiltIn::GetOptimalRefreshRate: active_refresh_rate_: 60
03-06 20:17:30.397  9786  9786 D WM-WrkMgrInitializer: Initializing WorkManager with default configuration.
03-06 20:17:30.403  9786  9786 D WM-PackageManagerHelper: Skipping component enablement for androidx.work.impl.background.systemjob.SystemJobService
03-06 20:17:30.403  9786  9786 D WM-Schedulers: Created SystemJobScheduler and enabled SystemJobService
03-06 20:17:30.411  1319  1319 I SDM     : HWCDisplayBuiltIn::GetOptimalRefreshRate: active_refresh_rate_: 60
03-06 20:17:30.427  1319  1319 I SDM     : HWCDisplayBuiltIn::GetOptimalRefreshRate: active_refresh_rate_: 60
03-06 20:17:30.431  9786  9810 D CompatibilityChangeReporter: Compat change id reported: 160794467; UID 12031; state: ENABLED
03-06 20:17:30.443  1319  1319 I SDM     : HWCDisplayBuiltIn::GetOptimalRefreshRate: active_refresh_rate_: 60
03-06 20:17:30.460  1319  1319 I SDM     : HWCDisplayBuiltIn::GetOptimalRefreshRate: active_refresh_rate_: 60
03-06 20:17:30.475  9786  9786 W ample.empowehe: Method java.lang.Object androidx.compose.runtime.snapshots.SnapshotStateMap.mutate(kotlin.jvm.functions.Function1) failed lock verification and will run slower.
03-06 20:17:30.475  9786  9786 W ample.empowehe: Common causes for lock verification issues are non-optimized dex code
03-06 20:17:30.475  9786  9786 W ample.empowehe: and incorrect proguard optimizations.
03-06 20:17:30.475  9786  9786 W ample.empowehe: Method void androidx.compose.runtime.snapshots.SnapshotStateMap.update(kotlin.jvm.functions.Function1) failed lock verification and will run slower.
03-06 20:17:30.475  9786  9786 W ample.empowehe: Method boolean androidx.compose.runtime.snapshots.SnapshotStateMap.removeIf$runtime_release(kotlin.jvm.functions.Function1) failed lock verification and will run slower.
03-06 20:17:30.478  1319  1319 I SDM     : HWCDisplayBuiltIn::GetOptimalRefreshRate: active_refresh_rate_: 60
03-06 20:17:30.488  1319  1319 I SDM     : HWCDisplayBuiltIn::GetOptimalRefreshRate: active_refresh_rate_: 60
03-06 20:17:30.502 23215 23215 I A       : onApplyWindowInsets: systemWindowInsets=Insets{left=0, top=115, right=0, bottom=60}
03-06 20:17:30.502 23215 23215 I A       : onApplyWindowInsets: systemWindowInsets=Insets{left=0, top=115, right=0, bottom=60}
03-06 20:17:30.503  1319  1319 I SDM     : HWCDisplayBuiltIn::GetOptimalRefreshRate: active_refresh_rate_: 60
03-06 20:17:30.511  1319  1319 I SDM     : HWCDisplayBuiltIn::GetOptimalRefreshRate: active_refresh_rate_: 60
03-06 20:17:30.519  1319  1319 I SDM     : HWCDisplayBuiltIn::GetOptimalRefreshRate: active_refresh_rate_: 60
03-06 20:17:30.523  9786  9811 I AdrenoGLES-0: QUALCOMM build                   : 223000e821, I12e4aa4c5c
03-06 20:17:30.523  9786  9811 I AdrenoGLES-0: Build Date                       : 01/22/22
03-06 20:17:30.523  9786  9811 I AdrenoGLES-0: OpenGL ES Shader Compiler Version: EV031.32.02.17
03-06 20:17:30.523  9786  9811 I AdrenoGLES-0: Local Branch                     :
03-06 20:17:30.523  9786  9811 I AdrenoGLES-0: Remote Branch                    :
03-06 20:17:30.523  9786  9811 I AdrenoGLES-0: Remote Branch                    :
03-06 20:17:30.523  9786  9811 I AdrenoGLES-0: Reconstruct Branch               :
03-06 20:17:30.523  9786  9811 I AdrenoGLES-0: Build Config                     : S P 10.0.7 AArch64
03-06 20:17:30.523  9786  9811 I AdrenoGLES-0: Driver Path                      : /vendor/lib64/egl/libGLESv2_adreno.so
03-06 20:17:30.529 23304 23304 D BoundBrokerSvc: onBind: Intent { act=com.google.android.gms.auth.api.identity.service.signin.START dat=chimera-action: cmp=com.google.android.gms/.chimera.GmsApiService }
03-06 20:17:30.530 23304 23304 D BoundBrokerSvc: Loading bound service for intent: Intent { act=com.google.android.gms.auth.api.identity.service.signin.START dat=chimera-action: cmp=com.google.android.gms/.chimera.GmsApiService }
03-06 20:17:30.557  9786  9811 I AdrenoGLES-0: PFP: 0x016ee190, ME: 0x00000000
03-06 20:17:30.559  1319  1319 I SDM     : HWCDisplayBuiltIn::GetOptimalRefreshRate: active_refresh_rate_: 60
03-06 20:17:30.570  9786  9786 I System.out: PaddingValues(start=0.0.dp, top=0.0.dp, end=0.0.dp, bottom=80.0.dp)
03-06 20:17:30.580  9786  9786 W ample.empowehe: Method boolean androidx.compose.runtime.snapshots.SnapshotStateList.conditionalUpdate(kotlin.jvm.functions.Function1) failed lock verification and will run slower.
03-06 20:17:30.581  9786  9786 W ample.empowehe: Method java.lang.Object androidx.compose.runtime.snapshots.SnapshotStateList.mutate(kotlin.jvm.functions.Function1) failed lock verification and will run slower.
03-06 20:17:30.581  9786  9786 W ample.empowehe: Method void androidx.compose.runtime.snapshots.SnapshotStateList.update(kotlin.jvm.functions.Function1) failed lock verification and will run slower.
03-06 20:17:30.602  1319  1319 I SDM     : HWCDisplayBuiltIn::GetOptimalRefreshRate: active_refresh_rate_: 60
03-06 20:17:30.609  1319  1319 I SDM     : HWCDisplayBuiltIn::GetOptimalRefreshRate: active_refresh_rate_: 60
03-06 20:17:30.611  1319  1475 I SDM     : HWCDisplay::GetColorModeCount: Supported color mode count = 3
03-06 20:17:30.611  1319  1475 I SDM     : HWCDisplay::GetColorModes: Color mode = 0 is supported
03-06 20:17:30.611  1319  1475 I SDM     : HWCDisplay::GetColorModes: Color mode = 7 is supported
03-06 20:17:30.611  1319  1475 I SDM     : HWCDisplay::GetColorModes: Color mode = 9 is supported
03-06 20:17:30.613  9786  9811 D hw-ProcessState: Binder ioctl to enable oneway spam detection failed: Invalid argument
03-06 20:17:30.750  9786  9786 I Choreographer: Skipped 34 frames!  The application may be doing too much work on its main thread.
03-06 20:17:30.754  1319  1475 I SDM     : HWCDisplayBuiltIn::GetOptimalRefreshRate: active_refresh_rate_: 60
03-06 20:17:30.767  4601  4601 I GoogleInputMethodService: GoogleInputMethodService.onFinishInput():3301
03-06 20:17:30.768  4601  4601 I GoogleInputMethodService: GoogleInputMethodService.onStartInput():1979
03-06 20:17:30.769  4601  4601 I DeviceUnlockedTag: DeviceUnlockedTag.notifyDeviceLockStatusChanged():79 Notify device unlocked.
03-06 20:17:30.771  1319  1475 I SDM     : HWCDisplayBuiltIn::GetOptimalRefreshRate: active_refresh_rate_: 60
03-06 20:17:30.779  2070  2219 I ActivityTaskManager: Displayed com.example.empoweher/.activities.MainActivity: +624ms
03-06 20:17:30.789  1319  1475 I SDM     : HWCDisplayBuiltIn::GetOptimalRefreshRate: active_refresh_rate_: 60
03-06 20:17:30.792  1324  1324 I QTI PowerHAL: Power setMode: 5 to: 0
03-06 20:17:30.804  1319  1475 I SDM     : HWCDisplayBuiltIn::GetOptimalRefreshRate: active_refresh_rate_: 60
03-06 20:17:30.821  1319  1475 I SDM     : HWCDisplayBuiltIn::GetOptimalRefreshRate: active_refresh_rate_: 60
03-06 20:17:30.837  4634  9670 I MediaProvider: Invalidating LocalCallingIdentity cache for package com.example.benchmark. Reason: owned_database_row_deleted:/storage/emulated/0/Android/media/com.example.benchmark/temporaryScript6771522905732627048.tmp
03-06 20:17:30.838  1319  1475 I SDM     : HWCDisplayBuiltIn::GetOptimalRefreshRate: active_refresh_rate_: 60
03-06 20:17:30.838  4634  9670 I MediaProvider: Deleted 1 0 0 0 0 0 0 items on external_primary due to com.android.shell
03-06 20:17:30.842  8858  8875 D Benchmark: Result: Starting: Intent { act=android.intent.action.MAIN cat=[android.intent.category.LAUNCHER] flg=0x10008000 pkg=com.example.empoweher cmp=com.example.empoweher/.activities.MainActivity }
03-06 20:17:30.842  8858  8875 D Benchmark: Status: ok
03-06 20:17:30.842  8858  8875 D Benchmark: LaunchState: COLD
03-06 20:17:30.842  8858  8875 D Benchmark: Activity: com.example.empoweher/.activities.MainActivity
03-06 20:17:30.842  8858  8875 D Benchmark: TotalTime: 624
03-06 20:17:30.842  8858  8875 D Benchmark: WaitTime: 627
03-06 20:17:30.842  8858  8875 D Benchmark: Complete
03-06 20:17:30.853  1319  1475 I SDM     : HWCDisplayBuiltIn::GetOptimalRefreshRate: active_refresh_rate_: 60
03-06 20:17:30.862  1319  1475 I SDM     : HWCDisplayBuiltIn::GetOptimalRefreshRate: active_refresh_rate_: 60
03-06 20:17:30.878  1319  1475 I SDM     : HWCDisplayBuiltIn::GetOptimalRefreshRate: active_refresh_rate_: 60
03-06 20:17:30.887  1319  1475 I SDM     : HWCDisplayBuiltIn::GetOptimalRefreshRate: active_refresh_rate_: 60
03-06 20:17:30.891 24401  8267 I NetworkScheduler.Stats: (REDACTED) Task %s/%s started execution. cause:%s exec_start_elapsed_seconds: %s
03-06 20:17:30.899 24401  9058 I NetworkScheduler.Stats: (REDACTED) Task %s/%s finished executing. cause:%s result: %s elapsed_millis: %s uptime_millis: %s exec_start_elapsed_seconds: %s
03-06 20:17:30.903  1319  1475 I SDM     : HWCDisplayBuiltIn::GetOptimalRefreshRate: active_refresh_rate_: 60
03-06 20:17:30.912  1319  1475 I SDM     : HWCDisplayBuiltIn::GetOptimalRefreshRate: active_refresh_rate_: 60
03-06 20:17:30.920  4634 16181 W MediaProvider: isAppCloneUserPair failed. Users: 0 and 0
03-06 20:17:30.920  4634 16181 W MediaProvider: isAppCloneUserPair for user 0: false
03-06 20:17:30.928  1319  1475 I SDM     : HWCDisplayBuiltIn::GetOptimalRefreshRate: active_refresh_rate_: 60
03-06 20:17:30.937  1319  1475 I SDM     : HWCDisplayBuiltIn::GetOptimalRefreshRate: active_refresh_rate_: 60
03-06 20:17:30.962  1319  1475 I SDM     : HWCDisplayBuiltIn::GetOptimalRefreshRate: active_refresh_rate_: 60
03-06 20:17:30.970 24401 24452 I FontLog : (REDACTED) Received query %s, URI %s
03-06 20:17:30.972 24401  8267 I NetworkScheduler.Stats: (REDACTED) Task %s/%s started execution. cause:%s exec_start_elapsed_seconds: %s
03-06 20:17:30.983 24401 24452 I FontLog : (REDACTED) Query [%s] resolved to %s
03-06 20:17:30.987  1319  1475 I SDM     : HWCDisplayBuiltIn::GetOptimalRefreshRate: active_refresh_rate_: 60
03-06 20:17:31.003  1319  1475 I SDM     : HWCDisplayBuiltIn::GetOptimalRefreshRate: active_refresh_rate_: 60
03-06 20:17:31.013 24401  8504 I NetworkScheduler.Stats: (REDACTED) Task %s/%s finished executing. cause:%s result: %s elapsed_millis: %s uptime_millis: %s exec_start_elapsed_seconds: %s
03-06 20:17:31.015  9855  9855 D ProcessState: Binder ioctl to enable oneway spam detection failed: Invalid argument
03-06 20:17:31.024 24401 24452 I FontLog : (REDACTED) Fetch %s end status %s
03-06 20:17:31.034 24401 24409 W .gms.persisten: Suspending all threads took: 5.898ms
03-06 20:17:31.036  1319  1475 I SDM     : HWCDisplayBuiltIn::GetOptimalRefreshRate: active_refresh_rate_: 60
03-06 20:17:31.049 24401 29035 I FontLog : (REDACTED) Pulling font file for id = %d, cache size = %d
03-06 20:17:31.053 24401 24409 I .gms.persisten: Background young concurrent copying GC freed 251753(15MB) AllocSpace objects, 0(0B) LOS objects, 38% free, 24MB/40MB, paused 177us,6.150ms total 101.749ms
03-06 20:17:31.055 24401 29035 I FontLog : (REDACTED) Pulling font file for id = %d, cache size = %d
03-06 20:17:31.059  1324  1324 I QTI PowerHAL: Power setBoost: 0, duration: 0
03-06 20:17:31.062  2070  2099 W InputManager-JNI: Input channel object 'eae295 Splash Screen com.example.empoweher (client)' was disposed without first being removed with the input manager!
03-06 20:17:31.062  1319  1475 I SDM     : HWCDisplayBuiltIn::GetOptimalRefreshRate: active_refresh_rate_: 60
03-06 20:17:31.071  1319  1475 I SDM     : HWCDisplayBuiltIn::GetOptimalRefreshRate: active_refresh_rate_: 60
03-06 20:17:31.086  1319  1475 I SDM     : HWCDisplayBuiltIn::GetOptimalRefreshRate: active_refresh_rate_: 60
03-06 20:17:31.094  1319  1475 I SDM     : HWCDisplayBuiltIn::GetOptimalRefreshRate: active_refresh_rate_: 60
03-06 20:17:31.103  1319  1475 I SDM     : HWCDisplayBuiltIn::GetOptimalRefreshRate: active_refresh_rate_: 60
03-06 20:17:31.104  4634 25473 I MediaProvider: Invalidating LocalCallingIdentity cache for package com.example.benchmark. Reason: owned_database_row_deleted:/storage/emulated/0/Android/media/com.example.benchmark/temporaryScript3436151918365635644.tmp
03-06 20:17:31.112  1319  1475 I SDM     : HWCDisplayBuiltIn::GetOptimalRefreshRate: active_refresh_rate_: 60
03-06 20:17:31.112  4634 25473 I MediaProvider: Deleted 1 0 0 0 0 0 0 items on external_primary due to com.android.shell
03-06 20:17:31.121  1319  1475 I SDM     : HWCDisplayBuiltIn::GetOptimalRefreshRate: active_refresh_rate_: 60
03-06 20:17:31.128  1319  1475 I SDM     : HWCDisplayBuiltIn::GetOptimalRefreshRate: active_refresh_rate_: 60
03-06 20:17:31.132  8858  8875 I System.out: 0 Flags,FrameTimelineVsyncId,IntendedVsync,Vsync,InputEventId,HandleInputStart,AnimationStart,PerformTraversalsStart,DrawStart,FrameDeadline,FrameInterval,FrameStartTime,SyncQueued,SyncStart,IssueDrawCommandsStart,SwapBuffers,FrameCompleted,DequeueBufferDuration,QueueBufferDuration,GpuCompleted,SwapBuffersCompleted,DisplayPresentTime,
03-06 20:17:31.132  8858  8875 I System.out: 1 1,22541973,241656926348098,241656976348096,0,241656980708368,241656980709462,241656980846806,241657144501978,241656942014764,241656980701962,8333333,241657148915208,241657151165521,241657151572865,241657267681574,241657271767304,18906,806458,241657271767304,241657269245689,0,
03-06 20:17:31.133  8858  8875 I System.out: 2 0,22541991,241656993044839,241657276378161,0,241657276717565,241657276718815,241657281215325,241657281687148,241657017044838,241657276661471,8333333,241657281990378,241657282081575,241657282148867,241657283671315,241657288765118,20625,756511,241657288765118,241657284709544,0,
03-06 20:17:31.133  8858  8875 I System.out: 3 0,22542073,241657284807033,241657284807033,0,241657290482722,241657290484128,241657291605118,241657297879598,241657308807032,241657290480170,8333333,241657298205952,241657298530588,241657298859390,241657304541942,241657309137880,3978437,946094,241657309137880,241657305953661,0,
03-06 20:17:31.133  8858  8875 I System.out: 4 0,22542076,241657293141413,241657301474746,0,241657308916057,241657308917203,241657309990016,241657310034755,241657317141412,241657308912724,8333333,241657310220068,241657310256839,241657310311839,241657314182047,241657319636527,1873490,902917,241657319636527,241657315447308,0,
03-06 20:17:31.134  8858  8875 I System.out: 5 0,22542082,241657309810574,241657309810574,0,241657311481943,241657311484078,241657312648610,241657312704026,241657333810573,241657311477880,8333333,241657312884808,241657315522152,241657315625485,241657319092360,241657323705642,2323334,1138802,241657323705642,241657320591840,0,
03-06 20:17:31.134  8858  8875 I System.out: 6 0,22542085,241657318146441,241657318146441,0,241657318590798,241657318591735,241657319834131,241657319889131,241657342146440,241657318588610,8333333,241657320025173,241657320667725,241657320727986,241657323958194,241657326801163,1956354,35781,241657326801163,241657324281892,0,
03-06 20:17:31.134  8858  8875 I System.out: 7 0,22542088,241657326472706,241657326472706,0,241657326899236,241657326900278,241657328134809,241657328178611,241657350472705,241657326896788,8333333,241657328303559,241657328436997,241657328699861,241657336520800,241657343139654,6637032,766719,241657343139654,241657337964498,0,
03-06 20:17:31.135  8858  8875 I System.out: 8 0,22542091,241657334808055,241657334808055,0,241657335145852,241657335147154,241657336320331,241657336360279,241657358808054,241657335143925,8333333,241657336470487,241657338034654,241657338091894,241657351770697,241657362594240,13017449,454114,241657362594240,241657352411322,0,
03-06 20:17:31.135  8858  8875 I System.out: 9 0,22542094,241657343134615,241657343134615,0,241657343962988,241657343964238,241657345252832,241657345301478,241657367134614,241657343959655,8333333,241657345459551,241657352474916,241657352558041,241657369681168,241657376363043,16305783,516719,241657376363043,241657370488095,0,
03-06 20:17:31.135  8858  8875 I System.out: 10 0,22542097,241657351469443,241657351469443,0,241657352997103,241657352997624,241657353861843,241657353896999,241657375469442,241657352995228,8333333,241657353993093,241657370555491,241657370623876,241657384146794,241657387206430,12792553,519948,241657386523982,241657387206430,0,
03-06 20:17:31.135  8858  8875 I System.out: 11 0,22542100,241657359831671,241657368165004,0,241657371039293,241657371040751,241657371991220,241657372067001,241657383831670,241657371036636,8333333,241657372187105,241657387278721,241657387341117,241657393322680,241657401643775,5248490,551771,241657401643775,241657394142368,0,
03-06 20:17:31.136  8858  8875 I System.out: 12 0,22542106,241657376522928,241657384856261,0,241657387805961,241657387806951,241657388834919,241657388878878,241657400522927,241657387803305,8333333,241657389021586,241657394216378,241657394283305,241657409014349,241657411430963,13984741,996614,241657411430963,241657410514245,0,
03-06 20:17:31.136  8858  8875 I System.out: 13 0,22542112,241657393213596,241657393213596,0,241657394684139,241657394685024,241657395597420,241657395635962,241657417213595,241657394681743,8333333,241657395741431,241657410636849,241657410707213,241657418687058,241657426835757,7229116,1283073,241657426835757,241657420312579,0,
03-06 20:17:31.136  8858  8875 I System.out: 14 0,22542115,241657401528416,241657409861749,0,241657411578880,241657411580547,241657412702734,241657412740078,241657425528415,241657411575130,8333333,241657412843411,241657420380027,241657420434245,241657434186643,241657437205810,13119897,1065833,241657437205810,241657435516903,0,
03-06 20:17:31.136  1319  1475 I SDM     : HWCDisplayBuiltIn::GetOptimalRefreshRate: active_refresh_rate_: 60
03-06 20:17:31.137  8858  8875 I System.out: 15 0,22542121,241657418200304,241657418200304,0,241657420923360,241657420924610,241657421891537,241657421927631,241657442200303,241657420920496,8333333,241657422039037,241657435598153,241657435664299,241657443467842,241657451653467,7101876,441459,241657451653467,241657444150550,0,
03-06 20:17:31.138  8858  8875 I System.out: 16 0,22542124,241657426533618,241657434866951,0,241657436275080,241657436276591,241657437257216,241657437294664,241657450533617,241657436272685,8333333,241657437412528,241657444213519,241657444267165,241657459001437,241657461378052,13927137,1833021,241657461378052,241657461264510,0,
03-06 20:17:31.138  8858  8875 I System.out: 17 0,22542130,241657443220164,241657443220164,0,241657444737321,241657444738779,241657445638831,241657445674613,241657467220163,241657444734769,8333333,241657445786436,241657461339614,241657461394875,241657467996438,241657476972272,5745834,529271,241657476972272,241657468829667,0,
