03-06 20:17:40.274 10224 10224 D WM-Schedulers: Created SystemJobScheduler and enabled SystemJobService
03-06 20:17:40.279  1319  1477 I SDM     : HWCDisplayBuiltIn::GetOptimalRefreshRate: active_refresh_rate_: 60
03-06 20:17:40.295  1319  1477 I SDM     : HWCDisplayBuiltIn::GetOptimalRefreshRate: active_refresh_rate_: 60
03-06 20:17:40.301 10224 10248 D CompatibilityChangeReporter: Compat change id reported: 160794467; UID 12031; state: ENABLED
03-06 20:17:40.312  1319  1477 I SDM     : HWCDisplayBuiltIn::GetOptimalRefreshRate: active_refresh_rate_: 60
03-06 20:17:40.329  1319  1477 I SDM     : HWCDisplayBuiltIn::GetOptimalRefreshRate: active_refresh_rate_: 60
03-06 20:17:40.339  1319  1477 I SDM     : HWCDisplayBuiltIn::GetOptimalRefreshRate: active_refresh_rate_: 60
03-06 20:17:40.348 10224 10224 W ample.empowehe: Method java.lang.Object androidx.compose.runtime.snapshots.SnapshotStateMap.mutate(kotlin.jvm.functions.Function1) failed lock verification and will run slower.
03-06 20:17:40.348 10224 10224 W ample.empowehe: Common causes for lock verification issues are non-optimized dex code
03-06 20:17:40.348 10224 10224 W ample.empowehe: and incorrect proguard optimizations.
03-06 20:17:40.348 10224 10224 W ample.empowehe: Method void androidx.compose.runtime.snapshots.SnapshotStateMap.update(kotlin.jvm.functions.Function1) failed lock verification and will run slower.
03-06 20:17:40.349 10224 10224 W ample.empowehe: Method boolean androidx.compose.runtime.snapshots.SnapshotStateMap.removeIf$runtime_release(kotlin.jvm.functions.Function1) failed lock verification and will run slower.
03-06 20:17:40.350 23215 23215 I A       : onApplyWindowInsets: systemWindowInsets=Insets{left=0, top=115, right=0, bottom=60}
03-06 20:17:40.350 23215 23215 I A       : onApplyWindowInsets: systemWindowInsets=Insets{left=0, top=115, right=0, bottom=60}
03-06 20:17:40.355  1319  1477 I SDM     : HWCDisplayBuiltIn::GetOptimalRefreshRate: active_refresh_rate_: 60
03-06 20:17:40.369  1319  1477 I SDM     : HWCDisplayBuiltIn::GetOptimalRefreshRate: active_refresh_rate_: 60
03-06 20:17:40.378 23304 23304 D BoundBrokerSvc: onBind: Intent { act=com.google.android.gms.auth.api.identity.service.signin.START dat=chimera-action: cmp=com.google.android.gms/.chimera.GmsApiService }
03-06 20:17:40.378 23304 23304 D BoundBrokerSvc: Loading bound service for intent: Intent { act=com.google.android.gms.auth.api.identity.service.signin.START dat=chimera-action: cmp=com.google.android.gms/.chimera.GmsApiService }
03-06 20:17:40.387  1319  1477 I SDM     : HWCDisplayBuiltIn::GetOptimalRefreshRate: active_refresh_rate_: 60
03-06 20:17:40.388 10224 10249 I AdrenoGLES-0: QUALCOMM build                   : 223000e821, I12e4aa4c5c
03-06 20:17:40.388 10224 10249 I AdrenoGLES-0: Build Date                       : 01/22/22
03-06 20:17:40.388 10224 10249 I AdrenoGLES-0: OpenGL ES Shader Compiler Version: EV031.32.02.17
03-06 20:17:40.388 10224 10249 I AdrenoGLES-0: Local Branch                     :
03-06 20:17:40.388 10224 10249 I AdrenoGLES-0: Remote Branch                    :
03-06 20:17:40.388 10224 10249 I AdrenoGLES-0: Remote Branch                    :
03-06 20:17:40.388 10224 10249 I AdrenoGLES-0: Reconstruct Branch               :
03-06 20:17:40.388 10224 10249 I AdrenoGLES-0: Build Config                     : S P 10.0.7 AArch64
03-06 20:17:40.388 10224 10249 I AdrenoGLES-0: Driver Path                      : /vendor/lib64/egl/libGLESv2_adreno.so
03-06 20:17:40.411  1319  1477 I SDM     : HWCDisplayBuiltIn::GetOptimalRefreshRate: active_refresh_rate_: 60
03-06 20:17:40.452 10224 10224 I System.out: PaddingValues(start=0.0.dp, top=0.0.dp, end=0.0.dp, bottom=80.0.dp)
03-06 20:17:40.461 10224 10249 I AdrenoGLES-0: PFP: 0x016ee190, ME: 0x00000000
03-06 20:17:40.465 10224 10224 W ample.empowehe: Method boolean androidx.compose.runtime.snapshots.SnapshotStateList.conditionalUpdate(kotlin.jvm.functions.Function1) failed lock verification and will run slower.
03-06 20:17:40.465 10224 10224 W ample.empowehe: Method java.lang.Object androidx.compose.runtime.snapshots.SnapshotStateList.mutate(kotlin.jvm.functions.Function1) failed lock verification and will run slower.
03-06 20:17:40.465 10224 10224 W ample.empowehe: Method void androidx.compose.runtime.snapshots.SnapshotStateList.update(kotlin.jvm.functions.Function1) failed lock verification and will run slower.
03-06 20:17:40.487  1319  1477 I SDM     : HWCDisplayBuiltIn::GetOptimalRefreshRate: active_refresh_rate_: 60
03-06 20:17:40.494  1319  1477 I SDM     : HWCDisplayBuiltIn::GetOptimalRefreshRate: active_refresh_rate_: 60
03-06 20:17:40.530  1319  1477 I SDM     : HWCDisplay::GetColorModeCount: Supported color mode count = 3
03-06 20:17:40.530  1319  1477 I SDM     : HWCDisplay::GetColorModes: Color mode = 0 is supported
03-06 20:17:40.530  1319  1477 I SDM     : HWCDisplay::GetColorModes: Color mode = 7 is supported
03-06 20:17:40.530  1319  1477 I SDM     : HWCDisplay::GetColorModes: Color mode = 9 is supported
03-06 20:17:40.531 10224 10249 D hw-ProcessState: Binder ioctl to enable oneway spam detection failed: Invalid argument
03-06 20:17:40.672 10224 10224 I Choreographer: Skipped 40 frames!  The application may be doing too much work on its main thread.
03-06 20:17:40.681  1319  1477 I SDM     : HWCDisplayBuiltIn::GetOptimalRefreshRate: active_refresh_rate_: 60
03-06 20:17:40.689  2070  2219 I ActivityTaskManager: Displayed com.example.empoweher/.activities.MainActivity: +706ms
03-06 20:17:40.697  1319  1477 I SDM     : HWCDisplayBuiltIn::GetOptimalRefreshRate: active_refresh_rate_: 60
03-06 20:17:40.693  4601  4601 I GoogleInputMethodService: GoogleInputMethodService.onFinishInput():3301
03-06 20:17:40.707  4601  4601 I GoogleInputMethodService: GoogleInputMethodService.onStartInput():1979
03-06 20:17:40.708  4601  4601 I DeviceUnlockedTag: DeviceUnlockedTag.notifyDeviceLockStatusChanged():79 Notify device unlocked.
03-06 20:17:40.714  1324  1324 I QTI PowerHAL: Power setMode: 5 to: 0
03-06 20:17:40.715  1319  1477 I SDM     : HWCDisplayBuiltIn::GetOptimalRefreshRate: active_refresh_rate_: 60
03-06 20:17:40.731  1319  1477 I SDM     : HWCDisplayBuiltIn::GetOptimalRefreshRate: active_refresh_rate_: 60
03-06 20:17:40.749  1319  1477 I SDM     : HWCDisplayBuiltIn::GetOptimalRefreshRate: active_refresh_rate_: 60
03-06 20:17:40.755  4634  9674 I MediaProvider: Invalidating LocalCallingIdentity cache for package com.example.benchmark. Reason: owned_database_row_deleted:/storage/emulated/0/Android/media/com.example.benchmark/temporaryScript1734974449426042784.tmp
03-06 20:17:40.758  4634  9674 I MediaProvider: Deleted 1 0 0 0 0 0 0 items on external_primary due to com.android.shell
03-06 20:17:40.762  8858  8875 D Benchmark: Result: Starting: Intent { act=android.intent.action.MAIN cat=[android.intent.category.LAUNCHER] flg=0x10008000 pkg=com.example.empoweher cmp=com.example.empoweher/.activities.MainActivity }
03-06 20:17:40.762  8858  8875 D Benchmark: Status: ok
03-06 20:17:40.762  8858  8875 D Benchmark: LaunchState: COLD
03-06 20:17:40.762  8858  8875 D Benchmark: Activity: com.example.empoweher/.activities.MainActivity
03-06 20:17:40.762  8858  8875 D Benchmark: TotalTime: 706
03-06 20:17:40.762  8858  8875 D Benchmark: WaitTime: 710
03-06 20:17:40.762  8858  8875 D Benchmark: Complete
03-06 20:17:40.764  1319  1477 I SDM     : HWCDisplayBuiltIn::GetOptimalRefreshRate: active_refresh_rate_: 60
03-06 20:17:40.780  1319  1477 I SDM     : HWCDisplayBuiltIn::GetOptimalRefreshRate: active_refresh_rate_: 60
03-06 20:17:40.788  1319  1477 I SDM     : HWCDisplayBuiltIn::GetOptimalRefreshRate: active_refresh_rate_: 60
03-06 20:17:40.792  3022  6384 I OpenGLRenderer: Davey! duration=9223130369586ms; Flags=0, FrameTimelineVsyncId=22544751, IntendedVsync=241667253495044, Vsync=241667278495043, InputEventId=0, HandleInputStart=241667281841947, AnimationStart=241667281843092, PerformTraversalsStart=241667282170228, DrawStart=241667282252520, FrameDeadline=241667277495043, FrameInterval=241667281837520, FrameStartTime=8333333, SyncQueued=241667282393665, SyncStart=241667297270229, IssueDrawCommandsStart=241667297340021, SwapBuffers=241667298000750, FrameCompleted=9223372036854775807, DequeueBufferDuration=26302, QueueBufferDuration=509271, GpuCompleted=9223372036854775807, SwapBuffersCompleted=241667298809448, DisplayPresentTime=0,
03-06 20:17:40.797  1319  1477 I SDM     : HWCDisplayBuiltIn::GetOptimalRefreshRate: active_refresh_rate_: 60
03-06 20:17:40.801  3022  6384 I OpenGLRenderer: Davey! duration=9223130369553ms; Flags=0, FrameTimelineVsyncId=22544763, IntendedVsync=241667286850724, Vsync=241667295184057, InputEventId=0, HandleInputStart=241667297717104, AnimationStart=241667297717990, PerformTraversalsStart=241667298036792, DrawStart=241667298122625, FrameDeadline=241667310850723, FrameInterval=241667297639500, FrameStartTime=8333333, SyncQueued=241667298277990, SyncStart=241667312336273, IssueDrawCommandsStart=241667312415231, SwapBuffers=241667313692054, FrameCompleted=9223372036854775807, DequeueBufferDuration=30625, QueueBufferDuration=473958, GpuCompleted=9223372036854775807, SwapBuffersCompleted=241667314468981, DisplayPresentTime=0,
03-06 20:17:40.805  1319  1477 I SDM     : HWCDisplayBuiltIn::GetOptimalRefreshRate: active_refresh_rate_: 60
03-06 20:17:40.809  3022  6384 I OpenGLRenderer: Davey! duration=9223130369544ms; Flags=0, FrameTimelineVsyncId=22544769, IntendedVsync=241667303527233, Vsync=241667311860566, InputEventId=0, HandleInputStart=241667312907366, AnimationStart=241667312909189, PerformTraversalsStart=241667313279554, DrawStart=241667313356429, FrameDeadline=241667327527232, FrameInterval=241667312902366, FrameStartTime=8333333, SyncQueued=241667313530179, SyncStart=241667320618461, IssueDrawCommandsStart=241667320766742, SwapBuffers=241667321304867, FrameCompleted=9223372036854775807, DequeueBufferDuration=27552, QueueBufferDuration=580626, GpuCompleted=9223372036854775807, SwapBuffersCompleted=241667322180180, DisplayPresentTime=0,
03-06 20:17:40.815  1319  1477 I SDM     : HWCDisplayBuiltIn::GetOptimalRefreshRate: active_refresh_rate_: 60
03-06 20:17:40.820 24401  6538 I FontLog : (REDACTED) Received query %s, URI %s
03-06 20:17:40.820 24401  6538 I FontLog : (REDACTED) Query [%s] resolved to %s
03-06 20:17:40.820  3022  6384 I OpenGLRenderer: Davey! duration=9223130369527ms; Flags=0, FrameTimelineVsyncId=22544775, IntendedVsync=241667320194522, Vsync=241667320194522, InputEventId=0, HandleInputStart=241667321363461, AnimationStart=241667321364555, PerformTraversalsStart=241667321729086, DrawStart=241667321817211, FrameDeadline=241667344194521, FrameInterval=241667321360492, FrameStartTime=8333333, SyncQueued=241667321959242, SyncStart=241667329071951, IssueDrawCommandsStart=241667329154243, SwapBuffers=241667329826326, FrameCompleted=9223372036854775807, DequeueBufferDuration=27864, QueueBufferDuration=1395886, GpuCompleted=9223372036854775807, SwapBuffersCompleted=241667331585702, DisplayPresentTime=0,
03-06 20:17:40.821 24401  6538 I FontLog : (REDACTED) Fetch %s end status %s
03-06 20:17:40.828 24401  6538 I FontLog : (REDACTED) Pulling font file for id = %d, cache size = %d
03-06 20:17:40.830  1319  1477 I SDM     : HWCDisplayBuiltIn::GetOptimalRefreshRate: active_refresh_rate_: 60
03-06 20:17:40.831 24401  6538 I FontLog : (REDACTED) Pulling font file for id = %d, cache size = %d
03-06 20:17:40.839  1319  1477 I SDM     : HWCDisplayBuiltIn::GetOptimalRefreshRate: active_refresh_rate_: 60
03-06 20:17:40.843  3022  6384 I OpenGLRenderer: Davey! duration=9223130369504ms; Flags=0, FrameTimelineVsyncId=22544781, IntendedVsync=241667336842451, Vsync=241667336842451, InputEventId=0, HandleInputStart=241667337585806, AnimationStart=241667337587421, PerformTraversalsStart=241667337954869, DrawStart=241667338033879, FrameDeadline=241667360842450, FrameInterval=241667337581275, FrameStartTime=8333333, SyncQueued=241667338171588, SyncStart=241667351163464, IssueDrawCommandsStart=241667351275860, SwapBuffers=241667351826433, FrameCompleted=9223372036854775807, DequeueBufferDuration=26250, QueueBufferDuration=678281, GpuCompleted=9223372036854775807, SwapBuffersCompleted=241667352801589, DisplayPresentTime=0,
03-06 20:17:40.845 24401  9058 I NetworkScheduler.Stats: (REDACTED) Task %s/%s started execution. cause:%s exec_start_elapsed_seconds: %s
03-06 20:17:40.855  1319  1477 I SDM     : HWCDisplayBuiltIn::GetOptimalRefreshRate: active_refresh_rate_: 60
03-06 20:17:40.856 24401  8504 I NetworkScheduler.Stats: (REDACTED) Task %s/%s finished executing. cause:%s result: %s elapsed_millis: %s uptime_millis: %s exec_start_elapsed_seconds: %s
03-06 20:17:40.858  4634  9412 W MediaProvider: isAppCloneUserPair failed. Users: 0 and 0
03-06 20:17:40.858  4634  9412 W MediaProvider: isAppCloneUserPair for user 0: false
03-06 20:17:40.864  1319  1477 I SDM     : HWCDisplayBuiltIn::GetOptimalRefreshRate: active_refresh_rate_: 60
03-06 20:17:40.872  1319  1477 I SDM     : HWCDisplayBuiltIn::GetOptimalRefreshRate: active_refresh_rate_: 60
03-06 20:17:40.881  1319  1477 I SDM     : HWCDisplayBuiltIn::GetOptimalRefreshRate: active_refresh_rate_: 60
03-06 20:17:40.913  1319  1477 I SDM     : HWCDisplayBuiltIn::GetOptimalRefreshRate: active_refresh_rate_: 60
03-06 20:17:40.930  1319  1477 I SDM     : HWCDisplayBuiltIn::GetOptimalRefreshRate: active_refresh_rate_: 60
03-06 20:17:40.930 10294 10294 D ProcessState: Binder ioctl to enable oneway spam detection failed: Invalid argument
03-06 20:17:40.939  1319  1477 I SDM     : HWCDisplayBuiltIn::GetOptimalRefreshRate: active_refresh_rate_: 60
03-06 20:17:40.971  1319  1477 I SDM     : HWCDisplayBuiltIn::GetOptimalRefreshRate: active_refresh_rate_: 60
03-06 20:17:40.981  1319  1477 I SDM     : HWCDisplayBuiltIn::GetOptimalRefreshRate: active_refresh_rate_: 60
03-06 20:17:40.985  1324  1324 I QTI PowerHAL: Power setBoost: 0, duration: 0
03-06 20:17:40.991  2070  5976 W InputManager-JNI: Input channel object '82aac6a Splash Screen com.example.empoweher (client)' was disposed without first being removed with the input manager!
03-06 20:17:40.999  1319  1477 I SDM     : HWCDisplayBuiltIn::GetOptimalRefreshRate: active_refresh_rate_: 60
03-06 20:17:41.003  4634  9674 I MediaProvider: Invalidating LocalCallingIdentity cache for package com.example.benchmark. Reason: owned_database_row_deleted:/storage/emulated/0/Android/media/com.example.benchmark/temporaryScript1913646364261212917.tmp
03-06 20:17:41.005  4634  9674 I MediaProvider: Deleted 1 0 0 0 0 0 0 items on external_primary due to com.android.shell
03-06 20:17:41.013  1319  1477 I SDM     : HWCDisplayBuiltIn::GetOptimalRefreshRate: active_refresh_rate_: 60
03-06 20:17:41.018  8858  8875 I System.out: 0 Flags,FrameTimelineVsyncId,IntendedVsync,Vsync,InputEventId,HandleInputStart,AnimationStart,PerformTraversalsStart,DrawStart,FrameDeadline,FrameInterval,FrameStartTime,SyncQueued,SyncStart,IssueDrawCommandsStart,SwapBuffers,FrameCompleted,DequeueBufferDuration,QueueBufferDuration,GpuCompleted,SwapBuffersCompleted,DisplayPresentTime,
03-06 20:17:41.019  8858  8875 I System.out: 1 1,22544623,241666794958307,241666844958305,0,241666849146122,241666849147216,241666849343883,241667061528071,241666810624973,241666849139560,8333333,241667065798696,241667066834477,241667067258957,241667189739177,241667193781730,857344,696094,241667193781730,241667191134750,0,
03-06 20:17:41.019  8858  8875 I System.out: 2 0,22544641,241666861673416,241667195006736,0,241667198771522,241667198773293,241667202731730,241667203189491,241666885673415,241667198712043,8333333,241667203511418,241667203589855,241667203646522,241667204715324,241667208772773,20625,1289271,241667208772773,241667206368241,0,
03-06 20:17:41.020  8858  8875 I System.out: 3 0,22544736,241667211764062,241667211764062,0,241667212650169,241667212651002,241667213524856,241667221367097,241667227430728,241667212648346,8333333,241667221616941,241667221755586,241667221871316,241667225490639,241667230467098,1965104,1895417,241667230467098,241667228458764,0,
03-06 20:17:41.020  8858  8875 I System.out: 4 0,22544739,241667220156731,241667228490064,0,241667229239077,241667229239910,241667230326316,241667230383608,241667244156730,241667229237202,8333333,241667230623035,241667231062775,241667231296994,241667234627046,241667243216787,2161563,714375,241667243216787,241667235677827,0,
03-06 20:17:41.020  8858  8875 I System.out: 5 0,22544745,241667236828831,241667236828831,0,241667237179026,241667237180171,241667238109390,241667238152932,241667260828830,241667237176578,8333333,241667238281265,241667238429911,241667238594390,241667242141786,241667253089808,2383125,2671094,241667253089808,241667245374912,0,
03-06 20:17:41.021  8858  8875 I System.out: 6 0,22544748,241667245166689,241667245166689,0,241667245550693,241667245551526,241667246785693,241667246828454,241667269166688,241667245549287,8333333,241667246935849,241667247048506,241667247207464,241667250601371,241667256741996,2175001,2495833,241667256741996,241667253401215,0,
03-06 20:17:41.021  8858  8875 I System.out: 7 0,22544751,241667253495044,241667253495044,0,241667253949756,241667253950954,241667255116788,241667255146840,241667277495043,241667253947308,8333333,241667255254861,241667255319496,241667255385225,241667264394341,241667272237883,7574584,372917,241667272237883,241667265016945,0,
03-06 20:17:41.021  8858  8875 I System.out: 8 0,22544754,241667261832513,241667261832513,0,241667262196216,241667262197205,241667263273091,241667263312153,241667285832512,241667262194393,8333333,241667263427361,241667265079445,241667265130799,241667280751113,241667294963667,14861355,383646,241667294963667,241667281376113,0,
03-06 20:17:41.021  8858  8875 I System.out: 9 0,22544757,241667270176004,241667270176004,0,241667270566685,241667270568196,241667271612206,241667271666894,241667294176003,241667270564185,8333333,241667271814966,241667281433405,241667281516113,241667296081323,241667305298876,13720731,545208,241667305298876,241667296918563,0,
03-06 20:17:41.022  8858  8875 I System.out: 10 0,22544760,241667278513806,241667278513806,0,241667282029967,241667282030697,241667282911322,241667282947988,241667302513805,241667282027832,8333333,241667283051738,241667296995073,241667297053354,241667310657887,241667316113460,12854480,511094,241667315404137,241667316113460,0,
03-06 20:17:41.022  8858  8875 I System.out: 11 0,22544763,241667286850724,241667295184057,0,241667297564917,241667297566219,241667298582261,241667298623459,241667310850723,241667297562261,8333333,241667298733407,241667316186377,241667316256950,241667319227367,241667325162316,2229062,907969,241667325162316,241667320496325,0,
03-06 20:17:41.022  8858  8875 I System.out: 12 0,22544769,241667303527233,241667311860566,0,241667316778825,241667316780231,241667317691846,241667317729971,241667327527232,241667316776742,8333333,241667317839190,241667320569346,241667320624815,241667327827316,241667335248931,6584480,1090990,241667335248931,241667329312108,0,
03-06 20:17:41.022  8858  8875 I System.out: 13 0,22544775,241667320194522,241667320194522,0,241667321211430,241667321212732,241667322213565,241667322289086,241667344194521,241667321209086,8333333,241667322442628,241667329430701,241667329535753,241667335904973,241667345555859,5625418,495729,241667345555859,241667336701171,0,
03-06 20:17:41.023  8858  8875 I System.out: 14 0,22544778,241667328519220,241667328519220,0,241667330171743,241667330173097,241667331067785,241667331102577,241667352519219,241667330168514,8333333,241667331206327,241667336776015,241667336867994,241667347876484,241667355535079,9259168,837553,241667355535079,241667349331953,0,
03-06 20:17:41.023  8858  8875 I System.out: 15 0,22544781,241667336842451,241667336842451,0,241667339923723,241667339927057,241667342411848,241667342582161,241667360842450,241667339918098,8333333,241667342895026,241667349406537,241667349499297,241667361656330,241667365346538,11523960,407135,241667365346538,241667362313882,0,
03-06 20:17:41.023  8858  8875 I System.out: 16 0,22544784,241667345178859,241667345178859,0,241667350014766,241667350016068,241667350939037,241667350977006,241667369178858,241667350012683,8333333,241667351081589,241667362387371,241667362445705,241667369813830,241667378881800,6634792,1331199,241667378881800,241667371422528,0,
03-06 20:17:41.023  1319  1477 I SDM     : HWCDisplayBuiltIn::GetOptimalRefreshRate: active_refresh_rate_: 60
03-06 20:17:41.023  8858  8875 I System.out: 17 0,22544787,241667353511758,241667361845091,0,241667363072528,241667363073934,241667364416017,241667364456486,241667377511757,241667363068517,8333333,241667364586538,241667371486278,241667371537372,241667385876332,241667388415603,13670366,1337083,241667388415603,241667387589978,0,
03-06 20:17:41.024  8858  8875 I System.out: 18 0,22544793,241667370168222,241667370168222,0,241667371941226,241667371942685,241667373078935,241667373118622,241667394168221,241667371939091,8333333,241667373235237,241667387674613,241667387744197,241667394726385,241667397218000,6309219,593333,241667397218000,241667395572687,0,
03-06 20:17:41.024  8858  8875 I System.out: 19 0,22544796,241667378503640,241667386836973,0,241667388692739,241667388694145,241667389657062,241667389693572,241667402503639,241667388690186,8333333,241667389809405,241667395656750,241667395735500,241667403259511,241667405802532,6686928,640885,241667405802532,241667404414042,0,
03-06 20:17:41.024  8858  8875 I System.out: 20 0,22544802,241667395144067,241667395144067,0,241667396744146,241667396745291,241667397770812,241667397817896,241667419144066,241667396742271,8333333,241667400527323,241667404516803,241667404662011,241667412133105,241667423654252,6793125,410937,241667423654252,241667412783991,0,
03-06 20:17:41.024  8858  8875 I System.out: 21 0,22544805,241667403468057,241667403468057,0,241667405267896,241667405269355,241667406441022,241667406487428,241667427468056,241667405265292,8333333,241667406608417,241667412863731,241667412928731,241667425502430,241667429000815,11881981,622552,241667429000815,241667426381805,0,
03-06 20:17:41.025  8858  8875 I System.out: 22 0,22544808,241667411801179,241667411801179,0,241667413571283,241667413571908,241667414555970,241667414594147,241667435801178,241667413569512,8333333,241667414699564,241667426448263,241667426517065,241667434039566,241667437307431,6859012,389063,241667437307431,241667434607431,0,
03-06 20:17:41.025  8858  8875 I System.out: 23 0,22544811,241667420134301,241667420134301,0,241667427067430,241667427068367,241667428356805,241667428411284,241667444134300,241667427062794,8333333,241667428565034,241667434673629,241667434729983,241667443705557,241667446122640,8248178,546406,241667446122640,241667444598890,0,
03-06 20:17:41.025  8858  8875 I System.out: 24 0,22544814,241667428476799,241667428476799,0,241667435205868,241667435206858,241667436519514,241667436568941,241667444143465,241667435203316,8333333,241667436732275,241667444686390,241667444753630,241667450874776,0,5424845,414219,0,241667451494516,0,
03-06 20:17:41.025  8858  8875 I System.out: 25 0,22544817,241667436810556,241667445143889,0,241667445320088,241667445320817,241667446446807,241667446488265,241667452477222,241667445314671,8333333,241667446607588,241667451579516,241667451632797,241667460710402,0,8483022,962031,0,241667461930923,0,
03-06 20:17:41.026  8858  8875 I System.out: 26 0,22544823,241667453495052,241667453495052,0,241667453872485,241667453873683,241667454881443,241667454912120,241667469161718,241667453870089,8333333,241667455031391,241667462020194,241667462098735,241667469154049,0,6384011,1326563,0,241667470782330,0,
03-06 20:17:41.038  1319  1477 I SDM     : HWCDisplayBuiltIn::GetOptimalRefreshRate: active_refresh_rate_: 60
03-06 20:17:41.039  8858  8875 I PerfettoCapture: Stopping perfetto.
03-06 20:17:41.047  1319  1477 I SDM     : HWCDisplayBuiltIn::GetOptimalRefreshRate: active_refresh_rate_: 60
03-06 20:17:41.048 24401  9058 I NetworkScheduler.Stats: (REDACTED) Task %s/%s started execution. cause:%s exec_start_elapsed_seconds: %s
03-06 20:17:41.054  4634 10109 W MediaProvider: isAppCloneUserPair failed. Users: 0 and 0
03-06 20:17:41.054  4634 10109 W MediaProvider: isAppCloneUserPair for user 0: false
03-06 20:17:41.055  1319  1477 I SDM     : HWCDisplayBuiltIn::GetOptimalRefreshRate: active_refresh_rate_: 60
03-06 20:17:41.060 24401  8267 I NetworkScheduler.Stats: (REDACTED) Task %s/%s finished executing. cause:%s result: %s elapsed_millis: %s uptime_millis: %s exec_start_elapsed_seconds: %s
03-06 20:17:41.064  1319  1477 I SDM     : HWCDisplayBuiltIn::GetOptimalRefreshRate: active_refresh_rate_: 60
03-06 20:17:41.079  1319  1477 I SDM     : HWCDisplayBuiltIn::GetOptimalRefreshRate: active_refresh_rate_: 60
03-06 20:17:41.088  1319  1477 I SDM     : HWCDisplayBuiltIn::GetOptimalRefreshRate: active_refresh_rate_: 60
03-06 20:17:41.097  1319  1477 I SDM     : HWCDisplayBuiltIn::GetOptimalRefreshRate: active_refresh_rate_: 60
03-06 20:17:41.105  1319  1477 I SDM     : HWCDisplayBuiltIn::GetOptimalRefreshRate: active_refresh_rate_: 60
03-06 20:17:41.112 10183 10183 I perfetto: perfetto_cmd.cc:951     SIGINT/SIGTERM received: disabling tracing.
03-06 20:17:41.113  1319  1477 I SDM     : HWCDisplayBuiltIn::GetOptimalRefreshRate: active_refresh_rate_: 60
03-06 20:17:41.121  1536  1536 I perfetto: probes_producer.cc:340  Producer stop (id=22)
03-06 20:17:41.122  1319  1477 I SDM     : HWCDisplayBuiltIn::GetOptimalRefreshRate: active_refresh_rate_: 60
03-06 20:17:41.122  1536  1536 I perfetto: ftrace_procfs.cc:213    disabled ftrace in /sys/kernel/tracing/
03-06 20:17:41.130  1319  1477 I SDM     : HWCDisplayBuiltIn::GetOptimalRefreshRate: active_refresh_rate_: 60
03-06 20:17:41.138  1319  1477 I SDM     : HWCDisplayBuiltIn::GetOptimalRefreshRate: active_refresh_rate_: 60
03-06 20:17:41.141 24401  9058 I NetworkScheduler.Stats: (REDACTED) Task %s/%s started execution. cause:%s exec_start_elapsed_seconds: %s
03-06 20:17:41.149  1319  1477 I SDM     : HWCDisplayBuiltIn::GetOptimalRefreshRate: active_refresh_rate_: 60
03-06 20:17:41.163  1319  1477 I SDM     : HWCDisplayBuiltIn::GetOptimalRefreshRate: active_refresh_rate_: 60
03-06 20:17:41.166 10313 10313 D hw-ProcessState: Binder ioctl to enable oneway spam detection failed: Invalid argument
03-06 20:17:41.171  4634 10111 I MediaProvider: Invalidating LocalCallingIdentity cache for package com.example.benchmark. Reason: owned_database_row_deleted:/storage/emulated/0/Android/media/com.example.benchmark/temporaryScript4472072540907376554.tmp
03-06 20:17:41.171  1319  1477 I SDM     : HWCDisplayBuiltIn::GetOptimalRefreshRate: active_refresh_rate_: 60
03-06 20:17:41.176  4634 10111 I MediaProvider: Deleted 1 0 0 0 0 0 0 items on external_primary due to com.android.shell
03-06 20:17:41.177  1536  1536 I perfetto: probes_producer.cc:340  Producer stop (id=23)
03-06 20:17:41.177  1536  1536 I perfetto: probes_producer.cc:340  Producer stop (id=24)
03-06 20:17:41.178  1536  1536 I perfetto: probes_producer.cc:340  Producer stop (id=25)
03-06 20:17:41.178  1536  1536 I perfetto: probes_producer.cc:340  Producer stop (id=26)
03-06 20:17:41.179  1319  1477 I SDM     : HWCDisplayBuiltIn::GetOptimalRefreshRate: active_refresh_rate_: 60
03-06 20:17:41.184  8858  8875 D Benchmark: kill -TERM command output - Output(stdout=, stderr=)
03-06 20:17:41.188  1319  1477 I SDM     : HWCDisplayBuiltIn::GetOptimalRefreshRate: active_refresh_rate_: 60
03-06 20:17:41.196  1319  1477 I SDM     : HWCDisplayBuiltIn::GetOptimalRefreshRate: active_refresh_rate_: 60
03-06 20:17:41.204  1319  1477 I SDM     : HWCDisplayBuiltIn::GetOptimalRefreshRate: active_refresh_rate_: 60
03-06 20:17:41.212  1319  1477 I SDM     : HWCDisplayBuiltIn::GetOptimalRefreshRate: active_refresh_rate_: 60
03-06 20:17:41.222  1319  1477 I SDM     : HWCDisplayBuiltIn::GetOptimalRefreshRate: active_refresh_rate_: 60
03-06 20:17:41.229  1319  1477 I SDM     : HWCDisplayBuiltIn::GetOptimalRefreshRate: active_refresh_rate_: 60
03-06 20:17:41.237  1319  1477 I SDM     : HWCDisplayBuiltIn::GetOptimalRefreshRate: active_refresh_rate_: 60
03-06 20:17:41.245  1319  1477 I SDM     : HWCDisplayBuiltIn::GetOptimalRefreshRate: active_refresh_rate_: 60
03-06 20:17:41.254  1319  1477 I SDM     : HWCDisplayBuiltIn::GetOptimalRefreshRate: active_refresh_rate_: 60
03-06 20:17:41.262  1319  1477 I SDM     : HWCDisplayBuiltIn::GetOptimalRefreshRate: active_refresh_rate_: 60
03-06 20:17:41.270  1319  1477 I SDM     : HWCDisplayBuiltIn::GetOptimalRefreshRate: active_refresh_rate_: 60
03-06 20:17:41.279  1319  1477 I SDM     : HWCDisplayBuiltIn::GetOptimalRefreshRate: active_refresh_rate_: 60
03-06 20:17:41.287  1319  1477 I SDM     : HWCDisplayBuiltIn::GetOptimalRefreshRate: active_refresh_rate_: 60
03-06 20:17:41.295  1319  1477 I SDM     : HWCDisplayBuiltIn::GetOptimalRefreshRate: active_refresh_rate_: 60
03-06 20:17:41.303  1319  1477 I SDM     : HWCDisplayBuiltIn::GetOptimalRefreshRate: active_refresh_rate_: 60
03-06 20:17:41.312  1319  1477 I SDM     : HWCDisplayBuiltIn::GetOptimalRefreshRate: active_refresh_rate_: 60
03-06 20:17:41.320  1319  1477 I SDM     : HWCDisplayBuiltIn::GetOptimalRefreshRate: active_refresh_rate_: 60
03-06 20:17:41.329  1319  1477 I SDM     : HWCDisplayBuiltIn::GetOptimalRefreshRate: active_refresh_rate_: 60
03-06 20:17:41.332  8858  8875 D Benchmark: Waiting 100 ms for [ProcessPid(processName=perfetto, pid=10183)] to die
03-06 20:17:41.333 10183 10183 I perfetto: perfetto_cmd.cc:913     Trace written into the output file
03-06 20:17:41.338  1319  1477 I SDM     : HWCDisplayBuiltIn::GetOptimalRefreshRate: active_refresh_rate_: 60
03-06 20:17:41.341  1537  1537 I perfetto: ng_service_impl.cc:2293 Tracing session 4 ended, total sessions:0
03-06 20:17:41.346  1319  1477 I SDM     : HWCDisplayBuiltIn::GetOptimalRefreshRate: active_refresh_rate_: 60
03-06 20:17:41.347 24401  9212 I NetworkScheduler.Stats: (REDACTED) Task %s/%s finished executing. cause:%s result: %s elapsed_millis: %s uptime_millis: %s exec_start_elapsed_seconds: %s
03-06 20:17:41.354  1319  1477 I SDM     : HWCDisplayBuiltIn::GetOptimalRefreshRate: active_refresh_rate_: 60
03-06 20:17:41.362  1319  1477 I SDM     : HWCDisplayBuiltIn::GetOptimalRefreshRate: active_refresh_rate_: 60
03-06 20:17:41.370  1319  1477 I SDM     : HWCDisplayBuiltIn::GetOptimalRefreshRate: active_refresh_rate_: 60
03-06 20:17:41.379  1319  1477 I SDM     : HWCDisplayBuiltIn::GetOptimalRefreshRate: active_refresh_rate_: 60
03-06 20:17:41.384  8858  8875 I PerfettoCapture: Writing to /storage/emulated/0/Android/media/com.example.benchmark/ExampleStartupBenchmark_startup_iter003_2024-03-06-14-47-41.perfetto-trace.
03-06 20:17:41.388  1319  1477 I SDM     : HWCDisplayBuiltIn::GetOptimalRefreshRate: active_refresh_rate_: 60
03-06 20:17:41.395  4634  9887 W MediaProvider: isAppCloneUserPair failed. Users: 0 and 0
03-06 20:17:41.395  4634  9887 W MediaProvider: isAppCloneUserPair for user 0: false
03-06 20:17:41.396  1319  1477 I SDM     : HWCDisplayBuiltIn::GetOptimalRefreshRate: active_refresh_rate_: 60
03-06 20:17:41.404  1319  1477 I SDM     : HWCDisplayBuiltIn::GetOptimalRefreshRate: active_refresh_rate_: 60
03-06 20:17:41.412  1319  1477 I SDM     : HWCDisplayBuiltIn::GetOptimalRefreshRate: active_refresh_rate_: 60
03-06 20:17:41.421  1319  1477 I SDM     : HWCDisplayBuiltIn::GetOptimalRefreshRate: active_refresh_rate_: 60
03-06 20:17:41.429  1319  1477 I SDM     : HWCDisplayBuiltIn::GetOptimalRefreshRate: active_refresh_rate_: 60
03-06 20:17:41.433 24401  9058 I NetworkScheduler.Stats: (REDACTED) Task %s/%s started execution. cause:%s exec_start_elapsed_seconds: %s
03-06 20:17:41.438  1319  1477 I SDM     : HWCDisplayBuiltIn::GetOptimalRefreshRate: active_refresh_rate_: 60
03-06 20:17:41.440 24401  9212 I NetworkScheduler.Stats: (REDACTED) Task %s/%s finished executing. cause:%s result: %s elapsed_millis: %s uptime_millis: %s exec_start_elapsed_seconds: %s
03-06 20:17:41.445  1319  1477 I SDM     : HWCDisplayBuiltIn::GetOptimalRefreshRate: active_refresh_rate_: 60
03-06 20:17:41.454  1319  1477 I SDM     : HWCDisplayBuiltIn::GetOptimalRefreshRate: active_refresh_rate_: 60
03-06 20:17:41.460  4634  9671 W MediaProvider: isAppCloneUserPair failed. Users: 0 and 0
03-06 20:17:41.460  4634  9671 W MediaProvider: isAppCloneUserPair for user 0: false
03-06 20:17:41.462  1319  1477 I SDM     : HWCDisplayBuiltIn::GetOptimalRefreshRate: active_refresh_rate_: 60
03-06 20:17:41.471  1319  1477 I SDM     : HWCDisplayBuiltIn::GetOptimalRefreshRate: active_refresh_rate_: 60
03-06 20:17:41.479  1319  1477 I SDM     : HWCDisplayBuiltIn::GetOptimalRefreshRate: active_refresh_rate_: 60
03-06 20:17:41.488  1319  1477 I SDM     : HWCDisplayBuiltIn::GetOptimalRefreshRate: active_refresh_rate_: 60
03-06 20:17:41.496  1319  1477 I SDM     : HWCDisplayBuiltIn::GetOptimalRefreshRate: active_refresh_rate_: 60
03-06 20:17:41.505  1319  1477 I SDM     : HWCDisplayBuiltIn::GetOptimalRefreshRate: active_refresh_rate_: 60
03-06 20:17:41.513  1319  1477 I SDM     : HWCDisplayBuiltIn::GetOptimalRefreshRate: active_refresh_rate_: 60
03-06 20:17:41.521  1319  1477 I SDM     : HWCDisplayBuiltIn::GetOptimalRefreshRate: active_refresh_rate_: 60
03-06 20:17:41.522 24401  9058 I NetworkScheduler.Stats: (REDACTED) Task %s/%s started execution. cause:%s exec_start_elapsed_seconds: %s
03-06 20:17:41.528 24401  9212 I NetworkScheduler.Stats: (REDACTED) Task %s/%s finished executing. cause:%s result: %s elapsed_millis: %s uptime_millis: %s exec_start_elapsed_seconds: %s
03-06 20:17:41.529  1319  1477 I SDM     : HWCDisplayBuiltIn::GetOptimalRefreshRate: active_refresh_rate_: 60
03-06 20:17:41.537  1319  1477 I SDM     : HWCDisplayBuiltIn::GetOptimalRefreshRate: active_refresh_rate_: 60
03-06 20:17:41.546  1319  1477 I SDM     : HWCDisplayBuiltIn::GetOptimalRefreshRate: active_refresh_rate_: 60
03-06 20:17:41.554  1319  1477 I SDM     : HWCDisplayBuiltIn::GetOptimalRefreshRate: active_refresh_rate_: 60
03-06 20:17:41.562  1319  1477 I SDM     : HWCDisplayBuiltIn::GetOptimalRefreshRate: active_refresh_rate_: 60
03-06 20:17:41.563  4634 10335 I MediaProvider: Invalidating LocalCallingIdentity cache for package com.example.benchmark. Reason: owned_database_row_deleted:/storage/emulated/0/Android/media/com.example.benchmark/temporaryScript7832896445202003414.tmp
03-06 20:17:41.565  4634 10335 I MediaProvider: Deleted 1 0 0 0 0 0 0 items on external_primary due to com.android.shell
03-06 20:17:41.571  1319  1477 I SDM     : HWCDisplayBuiltIn::GetOptimalRefreshRate: active_refresh_rate_: 60
03-06 20:17:41.572  8858  8875 D Benchmark: Moving /storage/emulated/0/Android/media/com.example.benchmark/ExampleStartupBenchmark_startup_iter003_2024-03-06-14-47-41.perfetto-trace to /sdcard/Android/media/com.example.benchmark/additional_test_output/ExampleStartupBenchmark_startup_iter003_2024-03-06-14-47-41.perfetto-trace
03-06 20:17:41.579  1319  1477 I SDM     : HWCDisplayBuiltIn::GetOptimalRefreshRate: active_refresh_rate_: 60
03-06 20:17:41.588  1319  1477 I SDM     : HWCDisplayBuiltIn::GetOptimalRefreshRate: active_refresh_rate_: 60
03-06 20:17:41.596  1319  1477 I SDM     : HWCDisplayBuiltIn::GetOptimalRefreshRate: active_refresh_rate_: 60
03-06 20:17:41.601 24401  9058 I NetworkScheduler.Stats: (REDACTED) Task %s/%s started execution. cause:%s exec_start_elapsed_seconds: %s
03-06 20:17:41.604  1319  1477 I SDM     : HWCDisplayBuiltIn::GetOptimalRefreshRate: active_refresh_rate_: 60
03-06 20:17:41.606 24401  8267 I NetworkScheduler.Stats: (REDACTED) Task %s/%s finished executing. cause:%s result: %s elapsed_millis: %s uptime_millis: %s exec_start_elapsed_seconds: %s
03-06 20:17:41.608  9429  9429 I perfetto:      http_server.cc:231 [HTTP] GET /restore_initial_tables [body=0B, origin=""]
03-06 20:17:41.609  9429  9429 I perfetto: e_processor_impl.cc:987 Resetting DB to initial state, deleting table/views:
03-06 20:17:41.613  1319  1477 I SDM     : HWCDisplayBuiltIn::GetOptimalRefreshRate: active_refresh_rate_: 60
03-06 20:17:41.621  1319  1477 I SDM     : HWCDisplayBuiltIn::GetOptimalRefreshRate: active_refresh_rate_: 60
03-06 20:17:41.630  1319  1477 I SDM     : HWCDisplayBuiltIn::GetOptimalRefreshRate: active_refresh_rate_: 60
03-06 20:17:41.647  1319  1477 I SDM     : HWCDisplayBuiltIn::GetOptimalRefreshRate: active_refresh_rate_: 60
03-06 20:17:41.655  1319  1477 I SDM     : HWCDisplayBuiltIn::GetOptimalRefreshRate: active_refresh_rate_: 60
03-06 20:17:41.659  8858  8869 W System  : A resource failed to call close.
03-06 20:17:41.663  1319  1477 I SDM     : HWCDisplayBuiltIn::GetOptimalRefreshRate: active_refresh_rate_: 60
03-06 20:17:41.671  1319  1477 I SDM     : HWCDisplayBuiltIn::GetOptimalRefreshRate: active_refresh_rate_: 60
03-06 20:17:41.679  1319  1477 I SDM     : HWCDisplayBuiltIn::GetOptimalRefreshRate: active_refresh_rate_: 60
03-06 20:17:41.687  1319  1477 I SDM     : HWCDisplayBuiltIn::GetOptimalRefreshRate: active_refresh_rate_: 60
03-06 20:17:41.695  1319  1477 I SDM     : HWCDisplayBuiltIn::GetOptimalRefreshRate: active_refresh_rate_: 60
03-06 20:17:41.704  1319  1477 I SDM     : HWCDisplayBuiltIn::GetOptimalRefreshRate: active_refresh_rate_: 60
03-06 20:17:41.710  9429  9429 I perfetto:      http_server.cc:231 [HTTP] POST /parse [body=7470619B, origin=""]
03-06 20:17:41.713  1319  1477 I SDM     : HWCDisplayBuiltIn::GetOptimalRefreshRate: active_refresh_rate_: 60
03-06 20:17:41.721  1319  1477 I SDM     : HWCDisplayBuiltIn::GetOptimalRefreshRate: active_refresh_rate_: 60
03-06 20:17:41.729  1319  1477 I SDM     : HWCDisplayBuiltIn::GetOptimalRefreshRate: active_refresh_rate_: 60
03-06 20:17:41.739  1319  1477 I SDM     : HWCDisplayBuiltIn::GetOptimalRefreshRate: active_refresh_rate_: 60
03-06 20:17:41.746  1319  1477 I SDM     : HWCDisplayBuiltIn::GetOptimalRefreshRate: active_refresh_rate_: 60
03-06 20:17:41.754  1319  1477 I SDM     : HWCDisplayBuiltIn::GetOptimalRefreshRate: active_refresh_rate_: 60
03-06 20:17:41.763  1319  1477 I SDM     : HWCDisplayBuiltIn::GetOptimalRefreshRate: active_refresh_rate_: 60
03-06 20:17:41.766  9429  9429 I perfetto:      http_server.cc:231 [HTTP] GET /notify_eof [body=0B, origin=""]
03-06 20:17:41.771  1319  1477 I SDM     : HWCDisplayBuiltIn::GetOptimalRefreshRate: active_refresh_rate_: 60
03-06 20:17:41.779  1319  1477 I SDM     : HWCDisplayBuiltIn::GetOptimalRefreshRate: active_refresh_rate_: 60
03-06 20:17:41.787  1319  1477 I SDM     : HWCDisplayBuiltIn::GetOptimalRefreshRate: active_refresh_rate_: 60
03-06 20:17:41.796  1319  1477 I SDM     : HWCDisplayBuiltIn::GetOptimalRefreshRate: active_refresh_rate_: 60
03-06 20:17:41.804  1319  1477 I SDM     : HWCDisplayBuiltIn::GetOptimalRefreshRate: active_refresh_rate_: 60
03-06 20:17:41.812  1319  1477 I SDM     : HWCDisplayBuiltIn::GetOptimalRefreshRate: active_refresh_rate_: 60
03-06 20:17:41.821  1319  1477 I SDM     : HWCDisplayBuiltIn::GetOptimalRefreshRate: active_refresh_rate_: 60
03-06 20:17:41.829  1319  1477 I SDM     : HWCDisplayBuiltIn::GetOptimalRefreshRate: active_refresh_rate_: 60
03-06 20:17:41.838  1319  1477 I SDM     : HWCDisplayBuiltIn::GetOptimalRefreshRate: active_refresh_rate_: 60
03-06 20:17:41.846  1319  1477 I SDM     : HWCDisplayBuiltIn::GetOptimalRefreshRate: active_refresh_rate_: 60
03-06 20:17:41.854  1319  1477 I SDM     : HWCDisplayBuiltIn::GetOptimalRefreshRate: active_refresh_rate_: 60
03-06 20:17:41.862  1319  1477 I SDM     : HWCDisplayBuiltIn::GetOptimalRefreshRate: active_refresh_rate_: 60
03-06 20:17:41.871  1319  1477 I SDM     : HWCDisplayBuiltIn::GetOptimalRefreshRate: active_refresh_rate_: 60
03-06 20:17:41.879  1319  1477 I SDM     : HWCDisplayBuiltIn::GetOptimalRefreshRate: active_refresh_rate_: 60
03-06 20:17:41.887  1319  1477 I SDM     : HWCDisplayBuiltIn::GetOptimalRefreshRate: active_refresh_rate_: 60
03-06 20:17:41.896  1319  1477 I SDM     : HWCDisplayBuiltIn::GetOptimalRefreshRate: active_refresh_rate_: 60
03-06 20:17:41.904  1319  1477 I SDM     : HWCDisplayBuiltIn::GetOptimalRefreshRate: active_refresh_rate_: 60
03-06 20:17:41.904 10224 10224 D kkk     : hello
03-06 20:17:41.905 10224 10224 D kkk     : hello
03-06 20:17:41.905 10224 10224 D kkk     : hello
03-06 20:17:41.905 10224 10224 D kkk     : hello
03-06 20:17:41.905 10224 10224 D kkk     : hello
03-06 20:17:41.905 10224 10224 D kkk     : hello
03-06 20:17:41.905 10224 10224 D kkk     : hello
03-06 20:17:41.906 10224 10224 D kkk     : hello
03-06 20:17:41.906 10224 10224 D kkk     : hello
03-06 20:17:41.906 10224 10224 D kkk     : hello
03-06 20:17:41.906 10224 10224 D kkk     : hello
03-06 20:17:41.906 10224 10224 D kkk     : hello
03-06 20:17:41.906 10224 10224 D kkk     : hello
03-06 20:17:41.907 10224 10224 D hello   : [Note(noteId=1705763773637, note=hello, time=null, name=ndksj), Note(noteId=1705768642655, note=Dear Students,
03-06 20:17:41.907 10224 10224 D hello   :
03-06 20:17:41.907 10224 10224 D hello   : A gentle reminder for Open day tomorrow, *22nd Nov 23*
03-06 20:17:41.907 10224 10224 D hello   :
03-06 20:17:41.907 10224 10224 D hello   : Kindly ensure :-
03-06 20:17:41.907 10224 10224 D hello   : 1. You come to college at the *time allocated* to you.
03-06 20:17:41.907 10224 10224 D hello   : 2. Ensure that you have your *college ID card and hall ticket,* without which you will not be allowed into the class.
03-06 20:17:41.907 10224 10224 D hello   : 3. *Do not carry any pens, paper, mobile with you*. You need to handover this before occupying your seat and take it back once leaving from class.
03-06 20:17:41.907 10224 10224 D hello   : 4. *You can see only your paper.*
03-06 20:17:41.907 10224 10224 D hello   : 5. Please be *formally dressed*
03-06 20:17:41.907 10224 10224 D hello   :
03-06 20:17:41.907 10224 10224 D hello   : Kindly cooperate.
03-06 20:17:41.907 10224 10224 D hello   :
03-06 20:17:41.907 10224 10224 D hello   : Thanks
03-06 20:17:41.907 10224 10224 D hello   : Team CMPN, VESIT, time=null, name=Open Day), Note(noteId=1705768858846, note=Hi Unstoppable,
03-06 20:17:41.907 10224 10224 D hello   :
03-06 20:17:41.907 10224 10224 D hello   : Jio is live with their Internship Program!
03-06 20:17:41.907 10224 10224 D hello   :
03-06 20:17:41.907 10224 10224 D hello   : Application Link: https://unstop.com/internships/internship-program-jio-platforms-limited-802771
03-06 20:17:41.907 10224 10224 D hello   :
03-06 20:17:41.907 10224 10224 D hello   : Stipend: 30,000/month
03-06 20:17:41.907 10224 10224 D hello   :
03-06 20:17:41.907 10224 10224 D hello   : Eligibility: Undergraduate and postgraduate students
03-06 20:17:41.907 10224 10224 D hello   :
03-06 20:17:41.907 10224 10224 D hello   : Applications closing soon!
03-06 20:17:41.907 10224 10224 D hello   :
03-06 20:17:41.907 10224 10224 D hello   : Regards,
03-06 20:17:41.907 10224 10224 D hello   : Team Unstop, time=null, name=jio), Note(noteId=1705814049512, note=a note from today , time=null, name=hello), Note(noteId=1705845792314, note=Hello, time=null, name=Sound Check), Note(noteId=1707672596690, note=hi, time=null, name=yo), Note(noteId=1707698752111, note=
03-06 20:17:41.907 10224 10224 D hello   : 
03-06 20:17:41.907 10224 10224 D hello   : 
03-06 20:17:41.907 10224 10224 D hello   : 
03-06 20:17:41.907 10224 10224 D hello   : 
03-06 20:17:41.907 10224 10224 D hello   : 
03-06 20:17:41.907 10224 10224 D hello   : 
03-06 20:17:41.907 10224 10224 D hello   : 
03-06 20:17:41.907 10224 10224 D hello   : 
03-06 20:17:41.907 10224 10224 D hello   : 
03-06 20:17:41.907 10224 10224 D hello   : 
03-06 20:17:41.907 10224 10224 D hello   : , time=null, name=jwsh), Note(noteId=1707706041299, note=hi, time=null, name=yo), Note(noteId=1707707213049, note=
03-06 20:17:41.907 10224 10224 D hello   : 
03-06 20:17:41.907 10224 10224 D hello   : 
03-06 20:17:41.907 10224 10224 D hello   : 
03-06 20:17:41.907 10224 10224 D hello   : 
03-06 20:17:41.907 10224 10224 D hello   : 
03-06 20:17:41.907 10224 10224 D hello   : 
03-06 20:17:41.907 10224 10224 D hello   : 
03-06 20:17:41.907 10224 10224 D hello   : 
03-06 20:17:41.907 10224 10224 D hello   : 
03-06 20:17:41.907 10224 10224 D hello   : 
03-06 20:17:41.907 10224 10224 D hello   : , time=null, name=jwsh), Note(noteId=1707707291500, note=sykeyek6, time=null, name=dgkyk), Note(noteId=1707707311817, note=sykeyek6, time=null, name=dgkyk), Note(noteId=1709464198167, note=A test note, time=null, name=testing ), Note(noteId=1709694367555, note=herra khooja, time=null, name=malae)]
03-06 20:17:41.908 10224 10224 D kkk     : hello
03-06 20:17:41.908 10224 10224 D kkk     : hello
03-06 20:17:41.908 10224 10224 D kkk     : hello
03-06 20:17:41.908 10224 10224 D kkk     : hello
03-06 20:17:41.909 10224 10224 D kkk     : hello
03-06 20:17:41.909 10224 10224 D kkk     : hello
03-06 20:17:41.909 10224 10224 D kkk     : hello
03-06 20:17:41.909 10224 10224 D kkk     : hello
03-06 20:17:41.909 10224 10224 D kkk     : hello
03-06 20:17:41.909 10224 10224 D kkk     : hello
03-06 20:17:41.909 10224 10224 D kkk     : hello
03-06 20:17:41.910 10224 10224 D kkk     : hello
03-06 20:17:41.910 10224 10224 D kkk     : hello
03-06 20:17:41.910 10224 10224 D hello   : [Note(noteId=1705763773637, note=hello, time=null, name=ndksj), Note(noteId=1705768642655, note=Dear Students,
03-06 20:17:41.910 10224 10224 D hello   :
03-06 20:17:41.910 10224 10224 D hello   : A gentle reminder for Open day tomorrow, *22nd Nov 23*
03-06 20:17:41.910 10224 10224 D hello   :
03-06 20:17:41.910 10224 10224 D hello   : Kindly ensure :-
03-06 20:17:41.910 10224 10224 D hello   : 1. You come to college at the *time allocated* to you.
03-06 20:17:41.910 10224 10224 D hello   : 2. Ensure that you have your *college ID card and hall ticket,* without which you will not be allowed into the class.
03-06 20:17:41.910 10224 10224 D hello   : 3. *Do not carry any pens, paper, mobile with you*. You need to handover this before occupying your seat and take it back once leaving from class.
03-06 20:17:41.910 10224 10224 D hello   : 4. *You can see only your paper.*
03-06 20:17:41.910 10224 10224 D hello   : 5. Please be *formally dressed*
03-06 20:17:41.910 10224 10224 D hello   :
03-06 20:17:41.910 10224 10224 D hello   : Kindly cooperate.
03-06 20:17:41.910 10224 10224 D hello   :
03-06 20:17:41.910 10224 10224 D hello   : Thanks
03-06 20:17:41.910 10224 10224 D hello   : Team CMPN, VESIT, time=null, name=Open Day), Note(noteId=1705768858846, note=Hi Unstoppable,
03-06 20:17:41.910 10224 10224 D hello   :
03-06 20:17:41.910 10224 10224 D hello   : Jio is live with their Internship Program!
03-06 20:17:41.910 10224 10224 D hello   :
03-06 20:17:41.910 10224 10224 D hello   : Application Link: https://unstop.com/internships/internship-program-jio-platforms-limited-802771
03-06 20:17:41.910 10224 10224 D hello   :
03-06 20:17:41.910 10224 10224 D hello   : Stipend: 30,000/month
03-06 20:17:41.910 10224 10224 D hello   :
03-06 20:17:41.910 10224 10224 D hello   : Eligibility: Undergraduate and postgraduate students
03-06 20:17:41.910 10224 10224 D hello   :
03-06 20:17:41.910 10224 10224 D hello   : Applications closing soon!
03-06 20:17:41.910 10224 10224 D hello   :
03-06 20:17:41.910 10224 10224 D hello   : Regards,
03-06 20:17:41.910 10224 10224 D hello   : Team Unstop, time=null, name=jio), Note(noteId=1705814049512, note=a note from today , time=null, name=hello), Note(noteId=1705845792314, note=Hello, time=null, name=Sound Check), Note(noteId=1707672596690, note=hi, time=null, name=yo), Note(noteId=1707698752111, note=
03-06 20:17:41.910 10224 10224 D hello   : 
03-06 20:17:41.910 10224 10224 D hello   : 
03-06 20:17:41.910 10224 10224 D hello   : 
03-06 20:17:41.910 10224 10224 D hello   : 
03-06 20:17:41.910 10224 10224 D hello   : 
03-06 20:17:41.910 10224 10224 D hello   : 
03-06 20:17:41.910 10224 10224 D hello   : 
03-06 20:17:41.910 10224 10224 D hello   : 
03-06 20:17:41.910 10224 10224 D hello   : 
03-06 20:17:41.910 10224 10224 D hello   : 
03-06 20:17:41.910 10224 10224 D hello   : , time=null, name=jwsh), Note(noteId=1707706041299, note=hi, time=null, name=yo), Note(noteId=1707707213049, note=
03-06 20:17:41.910 10224 10224 D hello   : 
03-06 20:17:41.910 10224 10224 D hello   : 
03-06 20:17:41.910 10224 10224 D hello   : 
03-06 20:17:41.910 10224 10224 D hello   : 
03-06 20:17:41.910 10224 10224 D hello   : 
03-06 20:17:41.910 10224 10224 D hello   : 
03-06 20:17:41.910 10224 10224 D hello   : 
03-06 20:17:41.910 10224 10224 D hello   : 
03-06 20:17:41.910 10224 10224 D hello   : 
03-06 20:17:41.910 10224 10224 D hello   : 
03-06 20:17:41.910 10224 10224 D hello   : , time=null, name=jwsh), Note(noteId=1707707291500, note=sykeyek6, time=null, name=dgkyk), Note(noteId=1707707311817, note=sykeyek6, time=null, name=dgkyk), Note(noteId=1709464198167, note=A test note, time=null, name=testing ), Note(noteId=1709694367555, note=herra khooja, time=null, name=malae)]
03-06 20:17:41.913  1319  1477 I SDM     : HWCDisplayBuiltIn::GetOptimalRefreshRate: active_refresh_rate_: 60
03-06 20:17:41.914 10224 10224 D CompatibilityChangeReporter: Compat change id reported: 171228096; UID 12031; state: ENABLED
03-06 20:17:41.920  1319  1477 I SDM     : HWCDisplayBuiltIn::GetOptimalRefreshRate: active_refresh_rate_: 60
03-06 20:17:41.936  1319  1477 I SDM     : HWCDisplayBuiltIn::GetOptimalRefreshRate: active_refresh_rate_: 60
03-06 20:17:41.945  1319  1477 I SDM     : HWCDisplayBuiltIn::GetOptimalRefreshRate: active_refresh_rate_: 60
03-06 20:17:41.954  1319  1477 I SDM     : HWCDisplayBuiltIn::GetOptimalRefreshRate: active_refresh_rate_: 60
03-06 20:17:41.962  1319  1477 I SDM     : HWCDisplayBuiltIn::GetOptimalRefreshRate: active_refresh_rate_: 60
03-06 20:17:41.970  1319  1477 I SDM     : HWCDisplayBuiltIn::GetOptimalRefreshRate: active_refresh_rate_: 60
03-06 20:17:41.979  1319  1477 I SDM     : HWCDisplayBuiltIn::GetOptimalRefreshRate: active_refresh_rate_: 60
