03-06 20:17:10.048  4913  9237 D Fota    : ConnectivityActionReceiver:NetworkCallback:networkCapabilities=[ Transports: WIFI Capabilities: NOT_METERED&INTERNET&NOT_RESTRICTED&TRUSTED&NOT_VPN&VALIDATED&NOT_ROAMING&FOREGROUND&NOT_CONGESTED&NOT_SUSPENDED&NOT_VCN_MANAGED LinkUpBandwidth>=34134Kbps LinkDnBandwidth>=34061Kbps TransportInfo: <SSID: <unknown ssid>, BSSID: 02:00:00:00:00:00, MAC: 02:00:00:00:00:00, IP: /192.168.29.141, Security type: 2, Supplicant state: COMPLETED, Wi-Fi standard: 5, RSSI: -47, Link speed: 433Mbps, Tx Link speed: 433Mbps, Max Supported Tx Link speed: 433Mbps, Rx Link speed: 390Mbps, Max Supported Rx Link speed: 433Mbps, Frequency: 5745MHz, Net ID: -1, Metered hint: false, score: 60, isUsable: true, CarrierMerged: false, SubscriptionId: -1, IsPrimary: -1, Trusted: true, Restricted: false, Ephemeral: false, OEM paid: false, OEM private: false, OSU AP: false, FQDN: <none>, Provider friendly name: <none>, Requesting package name: <none><none>MLO Information: , Is TID-To-Link negotiation supported by the AP: false, AP MLD Address: <none>, AP MLO Link Id: <none>, AP MLO Affiliated links: <none>> SignalStrength: -47 UnderlyingNetworks: Null]
03-06 20:17:10.056 12330 12735 I CarrierServices: [617] ekm.handleMessage: RcsEngineImpl[DUAL_REG]:[a9e2e3fa-401b]>Handler: handleMessage processing message:[NOTIFY_UPTIME_IGNORE_STATE_CHANGED] with [non-null]:RcsEngineImpl reference
03-06 20:17:10.058 12330 12738 I CarrierServices: [618] eam.c: Connected state: [1], networkType: [WIFI]
03-06 20:17:10.067 12330 12735 I CarrierServices: [617] ejf.f: ProvisioningEngineDataRetriever: Rcs is enabled from user settings: true
03-06 20:17:10.189  8326  9029 I AssistantConnector: Use gRPC connector
03-06 20:17:10.213  8326  8348 I Bugle   : BugleStartup: Registering SIM change receiver...
03-06 20:17:10.214  8326  8348 I Bugle   : BugleStartup: Updating app config...
03-06 20:17:10.218  8326  8348 I Bugle   : BugleStartup: Done with SIM change receiver & app config.
03-06 20:17:10.218  8326  8348 I Bugle   : BugleStartup: Handling shared prefs upgrade & Load MMS Configuration...
03-06 20:17:10.279  8326  8350 I BugleRcsEngine: [786] apbi.l: Reinitialize CSLib Flags: com.google.android.ims.library
03-06 20:17:10.279  8326  8350 I Bugle   : BugleStartup: Initializing RCS availability...
03-06 20:17:10.284  8326  8350 I Bugle   : RcsAvailabilityUtilForProvisioningEngineV2: updateAvailabilityAsync, hint: NO_HINT
03-06 20:17:10.284  8326  8350 I Bugle   : BugleStartup: Done with RCS availability.
03-06 20:17:10.285  8326  8350 I Bugle   : BugleStartup: Done initializing with enabled individual init failures.
03-06 20:17:10.287  8326  8350 W BugleRcsEngine: [786] apsb.a: [SR]: Single Registration is disabled. Skipping Single Registration capability check for subId: 4
03-06 20:17:10.290  8326  9031 I BugleRcsEngine: [821] aqri.c: do not delay first event
03-06 20:17:10.294  8326  8350 I BugleRcsProvisioning: RcsAvailabilityUpdaterLocal: [SR]: SingleRegistration configuration, singleRegistrationRcsConfigAvailableAndEnabled: false, simId: redacted-pii:sim_id[chars:20]
03-06 20:17:10.301  8326  8349 I BugleRcsEngine: [785] aqri.c: SIM state event delay enabled: attempts 0, maxAttempts 3, delaySeconds 90 MSIM delayseconds 90, effective delay seconds 90
03-06 20:17:10.301  8326  8349 I BugleRcsEngine: [785] aqri.c: posted simEventProcessTask to handler with delay 90
03-06 20:17:10.303  8326  8349 I BugleRcsEngine: [785] aqre.d: (Sim): delay SIM event: android.intent.action.SIM_STATE_CHANGED, ABSENT
03-06 20:17:10.311  9027  9027 I dex2oat64: Using CollectorTypeCC GC.
03-06 20:17:10.317  8326  9031 I BugleRcsEngine: [821] aqre.n: (Sim): Processing an intent
03-06 20:17:10.318  8326  9031 I BugleRcsEngine: [821] aqre.x: (Sim): SIM state LOADED
03-06 20:17:10.320  8326  8357 I Bugle   : CountryCodeDetector: updateMainDeviceCountry from default subscription network country. detected country: in
03-06 20:17:10.321  8326  8349 I BugleRcsEngine: [785] aqri.c: SIM state event delay enabled: attempts 1, maxAttempts 3, delaySeconds 90 MSIM delayseconds 90, effective delay seconds 90
03-06 20:17:10.322  8326  8349 I BugleRcsEngine: [785] aqri.c: posted simEventProcessTask to handler with delay 90
03-06 20:17:10.323  8326  8349 I BugleRcsEngine: [785] aqre.d: (Sim): delay SIM event: android.intent.action.ACTION_DEFAULT_DATA_SUBSCRIPTION_CHANGED, null
03-06 20:17:10.331  8326  8359 W Bugle   : BuglePhoneNumberUtils: canonicalizeMccMnc: invalid mccmnc. mcc: null, mnc: null
03-06 20:17:10.332  8326  9031 I BugleRcsEngine: [821] aqre.x: (Sim): SIM changed: false. current id: redacted-pii:sim_id[chars:20]; stored id: redacted-pii:sim_id[chars:20]; isFiDevice: false; subId: 4; slotIndex: 0
03-06 20:17:10.336  3353  3815 D PhoneInterfaceManager: [PhoneIntfMgr] getIccId from phone
03-06 20:17:10.338  8326  8359 W Bugle   : BuglePhoneNumberUtils: canonicalizeMccMnc: invalid mccmnc. mcc: null, mnc: null
03-06 20:17:10.340  8326  9031 I BugleRcsEngine: [821] aqre.x: (Sim): Skipping writing subId because this is main bugle process.
03-06 20:17:10.343  8326  9031 I BugleRcsEngine: [821] aqre.x: (Sim): Updated SIM info: currentSimId: redacted-pii:sim_id[chars:20]; imsi: redacted-pii:imsi[chars:15]; rawMsisdn: redacted-pii:phone_number[chars:12,last2:92]; formattedMsisdn: redacted-pii:phone_number[chars:13,last2:92]; mccmnc: redacted-pii:sim_operator[chars:6] isFiDevice: false; subId: 4; slotIndex: 0
03-06 20:17:10.350  8326  9031 I BugleRcsEngine: [821] aqre.K: (Sim): Broadcasting Intent { act=com.google.android.ims.SIM_LOADED (has extras) }
03-06 20:17:10.350  8326  8350 I BugleRcsProvisioning: RcsAvailabilityUpdaterLocal: Provisioning Engine subscription{id:4}, simId: redacted-pii:sim_id[chars:20], provisioningEngineVersion: 3
03-06 20:17:10.350  8326  8350 I BugleRcsProvisioning: RcsAvailabilityUpdaterLocal: updateRcsAvailability, currentAvailability: 9, newAvailability: 7, hint: NO_HINT
03-06 20:17:10.351  8326  8350 I RcsClientLib: Connecting ChatSessionService
03-06 20:17:10.351  8326  8326 I Bugle   : SimChangeReceiver: action: com.google.android.ims.SIM_LOADED
03-06 20:17:10.357  8326  8349 I BugleRcsEngine: [785] aqri.c: SIM state event delay enabled: attempts 2, maxAttempts 3, delaySeconds 90 MSIM delayseconds 90, effective delay seconds 90
03-06 20:17:10.357  8326  8349 I BugleRcsEngine: [785] aqri.c: posted simEventProcessTask to handler with delay 90
03-06 20:17:10.358  8326  8349 I BugleRcsEngine: [785] aqre.d: (Sim): delay SIM event: android.intent.action.ACTION_DEFAULT_VOICE_SUBSCRIPTION_CHANGED, null
03-06 20:17:10.358  8326  8349 I BugleNetwork: TachyonRefreshManagerImpl: Availability changed to AVAILABLE, triggering RegisterRefresh, previous: 9
03-06 20:17:10.360  8326  8349 I BugleRcsProvisioning: RcsProvisioningTrigger: onRcsAvailabilityUpdate : availability is updated to RCS is setup, lastAvailability is null, simId hash = -1070955062301017834, isPev3Enabled = true
03-06 20:17:10.361  8326  8349 I BugleRcsEngine: [785] apzh.h: RcsProvisioningManager: Receive onRcsAvailabilityUpdate, SIM = redacted-pii:sim_id[chars:20], availability = RcsAvailability{mAvailability=AVAILABLE (RCS is setup)}
03-06 20:17:10.362  8326  8349 I BugleRcsProvisioning: RcsProvisioningTrigger: onRcsAvailabilityUpdate : isPreviousDisabled = true, isCurrentDisabled = false
03-06 20:17:10.365  8326  8348 I Bugle   : RcsAvailabilityUtilForProvisioningEngineV2: updateAvailabilityAsync, hint: NO_HINT
03-06 20:17:10.370  8326  8349 I BugleRcsEngine: [785] apzh.i: RcsProvisioningManager: Receive onRcsConfigurationUpdate, SIM = redacted-pii:sim_id[chars:20], hasConfiguration = true
03-06 20:17:10.372  8326  8349 I BugleRcsEngine: [785] ofz.d: Scheduled config refresh with 44593 seconds delay, false appendIfExists
03-06 20:17:10.372  8326  8350 I RcsClientLib: shouldUseCarrierServicesJibeService: true, CarrierServices rcs service found: true
03-06 20:17:10.373  8326  8349 I BugleRcsProvisioning: RcsProvisioningTrigger: Schedule refresh for valid configuration : refreshDelay = 44593
03-06 20:17:10.376  8326  8379 I BugleNetwork: TachyonRefreshManagerImpl: Found registrations in settings, count: 5
03-06 20:17:10.376  8326  8379 I BugleNetwork: TachyonRefreshManagerImpl: Updating registration, number: redacted-pii[13-chars]
03-06 20:17:10.377  8326  8379 I BugleNetwork: TachyonRefreshManagerImpl: Updating registration, number: redacted-pii[13-chars]
03-06 20:17:10.377  8326  8379 I BugleNetwork: TachyonRefreshManagerImpl: Updating registration, number: redacted-pii[13-chars]
03-06 20:17:10.377  8326  8379 I BugleNetwork: TachyonRefreshManagerImpl: Updating registration, number: redacted-pii[13-chars]
03-06 20:17:10.377  8326  8350 I RcsClientLib: Connecting EventService
03-06 20:17:10.377  8326  8379 I BugleNetwork: TachyonRefreshManagerImpl: Updating registration, number: redacted-pii[14-chars]
03-06 20:17:10.377  8326  8326 I RcsClientLib: com.google.android.rcs.client.chatsession.ChatSessionService connected
03-06 20:17:10.377  8326  8326 I BugleRcs: com.google.android.rcs.client.chatsession.ChatSessionService RCS service connected
03-06 20:17:10.377  8326  8379 I BugleNetwork: RegistrationProvider: Refresh Tachyon Registration Now
03-06 20:17:10.378  8326  8379 I BugleNetwork: RegistrationProvider: Refresh Tachyon Registration Now
03-06 20:17:10.378  8326  8379 I BugleNetwork: RegistrationProvider: Refresh Tachyon Registration Now
03-06 20:17:10.378  8326  8379 I BugleNetwork: RegistrationProvider: Refresh Tachyon Registration Now
03-06 20:17:10.378  8326  8379 I BugleNetwork: RegistrationProvider: Refresh Tachyon Registration Now
03-06 20:17:10.381  8326  8326 I BugleRcsEngine: [2] apbi.l: Reinitialize CSLib Flags: com.google.android.ims.library
03-06 20:17:10.381  8326  8349 W BugleRcsEngine: [785] apsb.a: [SR]: Single Registration is disabled. Skipping Single Registration capability check for subId: 4
03-06 20:17:10.386  8326  8349 I BugleRcsProvisioning: RcsAvailabilityUpdaterLocal: [SR]: SingleRegistration configuration, singleRegistrationRcsConfigAvailableAndEnabled: false, simId: redacted-pii:sim_id[chars:20]
03-06 20:17:10.392  8326  8351 I BugleRcsEngine: [787] apzh.e: RcsProvisioningManager: combineConfigurationWithAvailability, simId = redacted-pii:sim_id[chars:20], hasConfig = true
03-06 20:17:10.393  8326  8351 I BugleTransport: Provisioning API config update with config. Turning on chat
03-06 20:17:10.398  8326  8350 I RcsClientLib: shouldUseCarrierServicesJibeService: true, CarrierServices rcs service found: true
03-06 20:17:10.398  8326  8348 I BugleRcsEngine: [784] apzh.e: RcsProvisioningManager: combineConfigurationWithAvailability, simId = redacted-pii:sim_id[chars:20], hasConfig = true
03-06 20:17:10.398  8326  8348 I Bugle   : BusinessRcsConfigurationListener: Attempting to add vsmsToken, token available: true, imsi available: true, msisdn available: true
03-06 20:17:10.401  8326  8348 I Bugle   : VerifiedSmsEnabledCheckerImpl: VSMS is disabled via Phenotype flag.
03-06 20:17:10.401  8326  8348 I Bugle   : VerifiedSmsRegistrationHelper: Verified SMS is disabled or not supported, not storing RCS token.
03-06 20:17:10.402  8326  8348 I BugleRcsEngine: [784] apzf.a: RcsProvisioningManager: Notify RcsConfigurationListener pwp@7f2d5cc onRcsConfigurationUpdate, SIM = redacted-pii:sim_id[chars:20], hasConfiguration = true
03-06 20:17:10.402  8326  8326 I RcsClientLib: com.google.android.rcs.client.events.EventService connected
03-06 20:17:10.402  8326  8326 I BugleRcs: com.google.android.rcs.client.events.EventService RCS service connected
03-06 20:17:10.403  8326  8350 I RcsClientLib: Connecting ContactsService
03-06 20:17:10.403  9027  9027 I dex2oat64: Large app, accepted running with swap.
03-06 20:17:10.406  8326  8348 I BugleRcsEngine: [784] ofz.l: Scheduled provisioning task with 44593 seconds delay, KEEP policy
03-06 20:17:10.409  8326  8348 I BugleNetwork: RegistrationProvider: Tachyon registration token is null, ignore immediate refresh
03-06 20:17:10.410  8326  8348 I BugleNetwork: RegistrationProvider: Tachyon registration token is null, ignore immediate refresh
03-06 20:17:10.411  8326  8348 I BugleNetwork: RegistrationProvider: Tachyon registration token is null, ignore immediate refresh
03-06 20:17:10.412  8326  8348 I BugleNetwork: RegistrationProvider: Refresh Tachyon Registration with token Now
03-06 20:17:10.414  8326  8348 I BugleNetwork: RegistrationProvider: Tachyon registration token is null, ignore immediate refresh
03-06 20:17:10.418  8326  8348 I BugleJobs: Icing index repair service is not scheduled. [CONTEXT class_name="IcingMonitoringUtils" ]
03-06 20:17:10.421  8326  8348 I BugleBackup: Registering preference change listener for "buglesub_4".
03-06 20:17:10.448  8326  8350 I RcsClientLib: shouldUseCarrierServicesJibeService: true, CarrierServices rcs service found: true
03-06 20:17:10.453  8326  8326 I RcsClientLib: com.google.android.rcs.client.contacts.ContactsService connected
03-06 20:17:10.453  8326  8326 I BugleRcs: com.google.android.rcs.client.contacts.ContactsService RCS service connected
03-06 20:17:10.455  8326  8350 I RcsClientLib: Connecting FileTransferService
03-06 20:17:10.467  8326  8351 I BugleTransport: isChatAvailable: true, enabledTransport: 2
03-06 20:17:10.484  8326  8349 I BugleRcsProvisioning: RcsAvailabilityUpdaterLocal: Provisioning Engine subscription{id:4}, simId: redacted-pii:sim_id[chars:20], provisioningEngineVersion: 3
03-06 20:17:10.484  8326  8349 I BugleRcsProvisioning: RcsAvailabilityUpdaterLocal: updateRcsAvailability, currentAvailability: 7, newAvailability: 7, hint: NO_HINT
03-06 20:17:10.484  8326  9040 I DynamiteModule: Considering local module com.google.android.gms.measurement.dynamite:59 and remote module com.google.android.gms.measurement.dynamite:102
03-06 20:17:10.484  8326  9040 I DynamiteModule: Selected remote version of com.google.android.gms.measurement.dynamite, version >= 102
03-06 20:17:10.484  8326  9040 V DynamiteModule: Dynamite loader version >= 2, using loadModule2NoCrashUtils
03-06 20:17:10.488  8326  8351 I BugleRcsEngine: [787] apzf.a: RcsProvisioningManager: Notify RcsConfigurationListener adle@ebd49fc onRcsConfigurationUpdate, SIM = redacted-pii:sim_id[chars:20], hasConfiguration = true
03-06 20:17:10.498  8326  8348 I BugleRcsProvisioning: RcsProvisioningTrigger: onRcsAvailabilityUpdate : availability is updated to RCS is setup, lastAvailability is RCS is setup, simId hash = -1070955062301017834, isPev3Enabled = true
03-06 20:17:10.498  8326  9040 W .apps.messagin: ClassLoaderContext type mismatch. expected=PCL, found=DLC (PCL[] | DLC[];PCL[/product/priv-app/Messages/Messages.apk*130707850:/product/priv-app/Messages/Messages.apk!classes2.dex*3715582442:/product/priv-app/Messages/Messages.apk!classes3.dex*2291639872:/product/priv-app/Messages/Messages.apk!classes4.dex*3418517559:/product/priv-app/Messages/Messages.apk!classes5.dex*612821188:/product/priv-app/Messages/Messages.apk!classes6.dex*2886729422]{PCL[/system/framework/org.apache.http.legacy.jar*2058259660]})
03-06 20:17:10.499  8326  8349 I RcsClientLib: Connecting FileTransferService
03-06 20:17:10.500  8326  8348 I BugleNetwork: RegistrationProvider: RefreshRequestId: 842671ea-5bbd-4cd1-8b72-5bb6cce41eb7
03-06 20:17:10.505  8326  8378 I BugleTachygram: Tachygram state change required. Forcing Tachyon phone registration. Active? false
03-06 20:17:10.505  8326  8378 I BugleNetwork: TachyonPhoneRegistration: Ensuring Tachyon phone registration
03-06 20:17:10.512  8326  8348 W Bugle   : Failed to check if revocation is enabled
03-06 20:17:10.512  8326  8348 W Bugle   : bcgc: Jibe SDK Service not available. Is the Jibe SDK service running? Did you call connect() and wait for the notification before calling an API function?
03-06 20:17:10.512  8326  8348 W Bugle   : 	at bcfv.b(PG:2)
03-06 20:17:10.512  8326  8348 W Bugle   : 	at com.google.android.rcs.client.profile.RcsProfileService.getRcsConfig(PG:1)
03-06 20:17:10.512  8326  8348 W Bugle   : 	at aamz.G(PG:1)
03-06 20:17:10.512  8326  8348 W Bugle   : 	at vul.a(PG:10)
03-06 20:17:10.512  8326  8348 W Bugle   : 	at ztt.e(PG:4)
03-06 20:17:10.512  8326  8348 W Bugle   : 	at zsd.a(PG:6)
03-06 20:17:10.512  8326  8348 W Bugle   : 	at bels.a(PG:2)
03-06 20:17:10.512  8326  8348 W Bugle   : 	at bifl.b(PG:2)
03-06 20:17:10.512  8326  8348 W Bugle   : 	at bifn.run(PG:9)
03-06 20:17:10.512  8326  8348 W Bugle   : 	at bihh.execute(PG:1)
03-06 20:17:10.512  8326  8348 W Bugle   : 	at bifj.o(PG:1)
03-06 20:17:10.512  8326  8348 W Bugle   : 	at bifj.j(PG:12)
03-06 20:17:10.512  8326  8348 W Bugle   : 	at bifj.set(PG:2)
03-06 20:17:10.512  8326  8348 W Bugle   : 	at bifm.e(PG:1)
03-06 20:17:10.512  8326  8348 W Bugle   : 	at bifn.run(PG:12)
03-06 20:17:10.512  8326  8348 W Bugle   : 	at bihh.execute(PG:1)
03-06 20:17:10.512  8326  8348 W Bugle   : 	at bifj.o(PG:1)
03-06 20:17:10.512  8326  8348 W Bugle   : 	at bifj.j(PG:12)
03-06 20:17:10.512  8326  8348 W Bugle   : 	at bifj.set(PG:2)
03-06 20:17:10.512  8326  8348 W Bugle   : 	at bifm.e(PG:1)
03-06 20:17:10.512  8326  8348 W Bugle   : 	at bifn.run(PG:12)
03-06 20:17:10.512  8326  8348 W Bugle   : 	at bihh.execute(PG:1)
03-06 20:17:10.512  8326  8348 W Bugle   : 	at bifj.o(PG:1)
03-06 20:17:10.512  8326  8348 W Bugle   : 	at bifj.j(PG:12)
03-06 20:17:10.512  8326  8348 W Bugle   : 	at bifj.m(PG:5)
03-06 20:17:10.512  8326  8348 W Bugle   : 	at bijt.e(PG:2)
03-06 20:17:10.512  8326  8348 W Bugle   : 	at biix.run(PG:8)
03-06 20:17:10.512  8326  8348 W Bugle   : 	at bijv.run(PG:1)
03-06 20:17:10.512  8326  8348 W Bugle   : 	at aucy.run(PG:1)
03-06 20:17:10.512  8326  8348 W Bugle   : 	at java.util.concurrent.ThreadPoolExecutor.runWorker(ThreadPoolExecutor.java:1145)
03-06 20:17:10.512  8326  8348 W Bugle   : 	at java.util.concurrent.ThreadPoolExecutor$Worker.run(ThreadPoolExecutor.java:644)
03-06 20:17:10.512  8326  8348 W Bugle   : 	at aubz.run(PG:2)
03-06 20:17:10.512  8326  8348 W Bugle   : 	at aucj.run(PG:4)
03-06 20:17:10.512  8326  8348 W Bugle   : 	at java.lang.Thread.run(Thread.java:1012)
03-06 20:17:10.512  8326  8348 W BugleEtouffee: RegisterDataDecoratorImpl: Unable to determine fallback type
03-06 20:17:10.512  8326  8348 I BugleEtouffee: RegisterDataDecoratorImpl: Added Etouffee capability without generating prekeys
03-06 20:17:10.519  8326  8350 I RcsClientLib: shouldUseCarrierServicesJibeService: true, CarrierServices rcs service found: true
03-06 20:17:10.524  8326  8350 I RcsClientLib: Connecting LocationSharingService
03-06 20:17:10.524  8326  8326 I RcsClientLib: com.google.android.rcs.client.filetransfer.FileTransferService connected
03-06 20:17:10.524  8326  8326 I BugleRcs: com.google.android.rcs.client.filetransfer.FileTransferService RCS service connected
03-06 20:17:10.532 24401 24401 D BoundBrokerSvc: onBind: Intent { act=com.google.android.gms.pseudonymous.service.START pkg=com.google.android.gms }
03-06 20:17:10.532 24401 24401 D BoundBrokerSvc: Loading bound service for intent: Intent { act=com.google.android.gms.pseudonymous.service.START pkg=com.google.android.gms }
03-06 20:17:10.536  8326  8349 I RcsClientLib: shouldUseCarrierServicesJibeService: true, CarrierServices rcs service found: true
03-06 20:17:10.542  8326  8349 I RcsClientLib: Connecting LocationSharingService
03-06 20:17:10.554  8326  8348 I BugleJobs: Starts to observe table change.
03-06 20:17:10.556  8326  8351 I BugleNetwork: RegistrationProvider: Refresh Tachyon Registration with token Now
03-06 20:17:10.574  8326  8350 I RcsClientLib: shouldUseCarrierServicesJibeService: true, CarrierServices rcs service found: true
03-06 20:17:10.576  8326  8349 I RcsClientLib: shouldUseCarrierServicesJibeService: true, CarrierServices rcs service found: true
03-06 20:17:10.579  8326  8326 I RcsClientLib: com.google.android.rcs.client.locationsharing.LocationSharingService connected
03-06 20:17:10.579  8326  8326 I BugleRcs: com.google.android.rcs.client.locationsharing.LocationSharingService RCS service connected
03-06 20:17:10.581  8326  8350 I RcsClientLib: Connecting ImsConnectionTrackerService
03-06 20:17:10.589  8326  8349 I RcsClientLib: Connecting ImsConnectionTrackerService
03-06 20:17:10.596  8326  8339 D CompatibilityChangeReporter: Compat change id reported: 150939131; UID 10197; state: ENABLED
03-06 20:17:10.619  8326  8348 V AssistantIntegClient: #getAssistantConfig()
03-06 20:17:10.626  8326  8376 I BugleTransport: isChatAvailable: RcsAvailability is AVAILABLE (RCS is setup)
03-06 20:17:10.627  8326  8376 I BugleTransport: isChatAvailable: RcsAvailability is AVAILABLE (RCS is setup)
03-06 20:17:10.628  8326  8351 I BugleRcsProvisioning: BugleSystemBindingManager: onCsLibPhenotypeUpdated
03-06 20:17:10.630 12330 12820 I CarrierServices: [621] ejm.b: ProvisioningServerUtil: Using MCC based URL
03-06 20:17:10.638  9027  9034 W dex2oat64: Accessing hidden method Landroid/icu/text/DateFormat$HourCycle;->values()[Landroid/icu/text/DateFormat$HourCycle; (blocked, linking, denied)
03-06 20:17:10.638  9027  9034 W dex2oat64: Accessing hidden field Landroid/icu/text/DateFormat$HourCycle;->HOUR_CYCLE_11:Landroid/icu/text/DateFormat$HourCycle; (blocked, linking, denied)
03-06 20:17:10.638  9027  9034 W dex2oat64: Accessing hidden field Landroid/icu/text/DateFormat$HourCycle;->HOUR_CYCLE_12:Landroid/icu/text/DateFormat$HourCycle; (blocked, linking, denied)
03-06 20:17:10.638  9027  9034 W dex2oat64: Accessing hidden field Landroid/icu/text/DateFormat$HourCycle;->HOUR_CYCLE_23:Landroid/icu/text/DateFormat$HourCycle; (blocked, linking, denied)
03-06 20:17:10.638  9027  9034 W dex2oat64: Accessing hidden field Landroid/icu/text/DateFormat$HourCycle;->HOUR_CYCLE_24:Landroid/icu/text/DateFormat$HourCycle; (blocked, linking, denied)
03-06 20:17:10.638  9027  9034 W dex2oat64: Accessing hidden method Landroid/icu/text/DateTimePatternGenerator;->getDefaultHourCycle()Landroid/icu/text/DateFormat$HourCycle; (blocked, linking, denied)
03-06 20:17:10.638  9027  9034 W dex2oat64: Accessing hidden method Landroid/icu/number/NumberFormatterSettings;->usage(Ljava/lang/String;)Landroid/icu/number/NumberFormatterSettings; (blocked, linking, denied)
03-06 20:17:10.639  9027  9034 W dex2oat64: Accessing hidden method Landroid/icu/number/FormattedNumber;->getOutputUnit()Landroid/icu/util/MeasureUnit; (blocked, linking, denied)
03-06 20:17:10.639  9027  9034 W dex2oat64: Accessing hidden method Landroid/icu/util/MeasureUnit;->getIdentifier()Ljava/lang/String; (blocked, linking, denied)
03-06 20:17:10.640  8326  8351 I BugleRcsEngine: [787] agbb.b: SystemBindingManager: force P/H Flag update scheduled and start updateBinding
03-06 20:17:10.640  8326  8351 I Bugle   : RcsAvailabilityUtilForProvisioningEngineV2: onCsLibPhenotypeUpdated
03-06 20:17:10.641  8326  8351 I BugleRcsProvisioning: RcsProvisioningTrigger: onCsLibPhenotypeUpdated, enableProvisioningTaskInBugle = true
03-06 20:17:10.641  8326  8351 I BugleRcsProvisioning: RcsProvisioningTrigger: updateRcsAvailability : hint = CSLIB_PHENOTYPE_UPDATE
03-06 20:17:10.642  8326  8351 I Bugle   : RcsAvailabilityUtilForProvisioningEngineV2: updateAvailabilityAsync, hint: CSLIB_PHENOTYPE_UPDATE
03-06 20:17:10.642  8326  8351 I Bugle   : RcsAvailabilityUtilForProvisioningEngineV2: swapAvailabilityUpdater, provisioningTaskInBugle: true, activeRcsAvailabilityUpdater: aann
03-06 20:17:10.643  8326  9041 I FA      : App measurement initialized, version: 85000
03-06 20:17:10.643  8326  9041 I FA      : To enable debug logging run: adb shell setprop log.tag.FA VERBOSE
03-06 20:17:10.643  8326  9041 I FA      : To enable faster debug mode event logging run:
03-06 20:17:10.643  8326  9041 I FA      :   adb shell setprop debug.firebase.analytics.app com.google.android.apps.messaging
03-06 20:17:10.644  8326  8350 I RcsClientLib: shouldUseCarrierServicesJibeService: true, CarrierServices rcs service found: true
03-06 20:17:10.646  8326  8371 I BugleRcsEngine: [803] aqdj.b: Using MCC based URL
03-06 20:17:10.654  8326  8350 I RcsClientLib: Connecting RcsProfileService
03-06 20:17:10.655  8326  8326 I RcsClientLib: com.google.android.rcs.client.ims.ImsConnectionTrackerService connected
03-06 20:17:10.655  8326  8326 I BugleRcs: com.google.android.rcs.client.ims.ImsConnectionTrackerService RCS service connected
03-06 20:17:10.661  8326  8326 I BugleRcs: subscribing to global rcs listener
03-06 20:17:10.661  8326  8349 I RcsClientLib: shouldUseCarrierServicesJibeService: true, CarrierServices rcs service found: true
03-06 20:17:10.662 12330 13411 I CarrierServices: [623] EventHubProxy.subscribe: Adding event listener com.google.android.ims.rcsservice.events.IEventObserver$Stub$Proxy@f90468c for category 3 with key 261113484 for hub UI
03-06 20:17:10.663 12330 13411 I CarrierServices: [623] EventHubProxy.subscribe: Adding event listener com.google.android.ims.rcsservice.events.IEventObserver$Stub$Proxy@234e1d5 for category 5 with key 37020117 for hub UI
03-06 20:17:10.664 12330 13411 I CarrierServices: [623] EventHubProxy.subscribe: Adding event listener com.google.android.ims.rcsservice.events.IEventObserver$Stub$Proxy@d113dea for category 2 with key 219233770 for hub UI
03-06 20:17:10.670  8326  8349 I RcsClientLib: Connecting RcsProfileService
03-06 20:17:10.695  8326  9041 W FA      : Failed to retrieve Firebase Instance Id
03-06 20:17:10.700  9027  9027 W dex2oat64: Method java.lang.Object androidx.compose.runtime.snapshots.SnapshotStateMap.mutate(kotlin.jvm.functions.Function1) failed lock verification and will run slower.
03-06 20:17:10.700  9027  9027 W dex2oat64: Common causes for lock verification issues are non-optimized dex code
03-06 20:17:10.700  9027  9027 W dex2oat64: and incorrect proguard optimizations.
03-06 20:17:10.701  9027  9027 W dex2oat64: Method void androidx.compose.runtime.snapshots.SnapshotStateMap.update(kotlin.jvm.functions.Function1) failed lock verification and will run slower.
03-06 20:17:10.702  9027  9027 W dex2oat64: Method boolean androidx.compose.runtime.snapshots.SnapshotStateMap.removeIf$runtime_release(kotlin.jvm.functions.Function1) failed lock verification and will run slower.
03-06 20:17:10.708  8326  8350 I RcsClientLib: shouldUseCarrierServicesJibeService: true, CarrierServices rcs service found: true
03-06 20:17:10.710  8326  8349 I RcsClientLib: shouldUseCarrierServicesJibeService: true, CarrierServices rcs service found: true
03-06 20:17:10.714  8326  8349 I RcsClientLib: Connecting BusinessInfoService
03-06 20:17:10.720  8326  8350 I RcsClientLib: Connecting BusinessInfoService
03-06 20:17:10.729  8326  8348 I BugleRcsEngine: [784] aomf.run: SystemBindingManager: SystemBinding enabled: true
03-06 20:17:10.731  8326  8348 W BugleRcsEngine: [784] apsb.a: [SR]: Single Registration is disabled. Skipping Single Registration capability check for subId: 4
03-06 20:17:10.735  8326  8348 I BugleRcsProvisioning: RcsAvailabilityUpdaterLocal: [SR]: SingleRegistration configuration, singleRegistrationRcsConfigAvailableAndEnabled: false, simId: redacted-pii:sim_id[chars:20]
03-06 20:17:10.738  8326  8365 I BugleRcsEngine: [798] aqdj.b: Using MCC based URL
03-06 20:17:10.753  8326  8350 I RcsClientLib: shouldUseCarrierServicesJibeService: true, CarrierServices rcs service found: true
03-06 20:17:10.757  8326  8350 I RcsClientLib: Connecting RcsMessagingService
03-06 20:17:10.759  8326  8349 I RcsClientLib: shouldUseCarrierServicesJibeService: true, CarrierServices rcs service found: true
03-06 20:17:10.767  9027  9027 W dex2oat64: Method boolean androidx.compose.runtime.snapshots.SnapshotStateList.conditionalUpdate(kotlin.jvm.functions.Function1) failed lock verification and will run slower.
03-06 20:17:10.767  9027  9027 W dex2oat64: Method java.lang.Object androidx.compose.runtime.snapshots.SnapshotStateList.mutate(kotlin.jvm.functions.Function1) failed lock verification and will run slower.
03-06 20:17:10.767  9027  9027 W dex2oat64: Method void androidx.compose.runtime.snapshots.SnapshotStateList.update(kotlin.jvm.functions.Function1) failed lock verification and will run slower.
03-06 20:17:10.771  8326  9041 W FA      : Failed to retrieve Firebase Instance Id
03-06 20:17:10.774  8326  8349 I RcsClientLib: Connecting RcsMessagingService
03-06 20:17:10.783  8326  9041 W FA      : Failed to retrieve Firebase Instance Id
03-06 20:17:10.789  8326  8350 I RcsClientLib: shouldUseCarrierServicesJibeService: true, CarrierServices rcs service found: true
03-06 20:17:10.794  8326  8351 I BugleRcsEngine: [787] aomg.b: System Binding updated
03-06 20:17:10.801  8326  8350 I RcsClientLib: Connecting TransportControlService
03-06 20:17:10.812  8326  8348 I BugleRcsProvisioning: RcsAvailabilityUpdaterLocal: Provisioning Engine subscription{id:4}, simId: redacted-pii:sim_id[chars:20], provisioningEngineVersion: 3
03-06 20:17:10.814  8326  8348 I BugleRcsProvisioning: RcsAvailabilityUpdaterLocal: updateRcsAvailability, currentAvailability: 7, newAvailability: 7, hint: CSLIB_PHENOTYPE_UPDATE
03-06 20:17:10.818  8326  8349 I RcsClientLib: shouldUseCarrierServicesJibeService: true, CarrierServices rcs service found: true
03-06 20:17:10.824  8326  8326 I BugleDataModel: ProcessPendingRevocationsActionScheduler: scheduled next action. back off seconds: 0
03-06 20:17:10.828  8326  8326 I BugleGroupManagement: Skipping RCS group identifiers telephony batch migration. Disabled by phenotype.
03-06 20:17:10.829  8326  8349 I RcsClientLib: Connecting TransportControlService
03-06 20:17:10.829  8326  8326 I RcsClientLib: com.google.android.rcs.client.profile.RcsProfileService connected
03-06 20:17:10.829  8326  8326 I BugleRcs: com.google.android.rcs.client.profile.RcsProfileService RCS service connected
03-06 20:17:10.833  8326  8348 I RcsClientLib: Connecting BusinessInfoService
03-06 20:17:10.842  8326  8351 I BugleRcsProvisioning: RcsProvisioningTrigger: onRcsAvailabilityUpdate : availability is updated to RCS is setup, lastAvailability is RCS is setup, simId hash = -1070955062301017834, isPev3Enabled = true
03-06 20:17:10.843  8326  8350 I RcsClientLib: shouldUseCarrierServicesJibeService: true, CarrierServices rcs service found: true
03-06 20:17:10.845  8326  8351 D CompatibilityChangeReporter: Compat change id reported: 147600208; UID 10197; state: ENABLED
03-06 20:17:10.856  8326  8350 I BugleRcs: connecting to 10 Rcs Services
03-06 20:17:10.860  8326  8348 I RcsClientLib: shouldUseCarrierServicesJibeService: true, CarrierServices rcs service found: true
03-06 20:17:10.865  8326  8348 I RcsClientLib: Connecting RcsMessagingService
03-06 20:17:10.868  8326  8367 I Forking : Starting analysis.
03-06 20:17:10.868  8326  8367 I Misthreading: Starting analysis.
03-06 20:17:10.872  8326  8349 I RcsClientLib: shouldUseCarrierServicesJibeService: true, CarrierServices rcs service found: true
03-06 20:17:10.876  8326  8349 I BugleRcs: connecting to 7 Rcs Services
03-06 20:17:10.877  8326  8349 I BugleNetwork: FirebaseRegistrationStartupTask: Enabling Firebase component
03-06 20:17:10.886  8326  8326 I RcsClientLib: com.google.android.rcs.client.businessinfo.BusinessInfoService connected
03-06 20:17:10.886  8326  8326 I BugleRcs: com.google.android.rcs.client.businessinfo.BusinessInfoService RCS service connected
03-06 20:17:10.886  8326  8348 I RcsClientLib: shouldUseCarrierServicesJibeService: true, CarrierServices rcs service found: true
03-06 20:17:10.890  8326  8348 I RcsClientLib: Connecting TransportControlService
03-06 20:17:10.897  8326  8349 I FirebaseApp: Device unlocked: initializing all Firebase APIs for app [DEFAULT]
03-06 20:17:10.915  8326  8351 D MddListenableWorkerFactory: createWorker for class: com.google.android.apps.messaging.shared.datamodel.workqueue.WorkQueueWorkerShim
03-06 20:17:10.921  8326  8348 I RcsClientLib: shouldUseCarrierServicesJibeService: true, CarrierServices rcs service found: true
03-06 20:17:10.921  8326  8326 I RcsClientLib: com.google.android.rcs.client.messaging.RcsMessagingService connected
03-06 20:17:10.921  8326  8326 I BugleRcs: com.google.android.rcs.client.messaging.RcsMessagingService RCS service connected
03-06 20:17:10.923  8326  8348 I BugleRcs: connecting to 3 Rcs Services
03-06 20:17:10.951  8326  8350 I BugleEtouffee: EtouffeeStateMachine: Ensuring state machine consistency
03-06 20:17:10.952  8326  8326 I RcsClientLib: com.google.android.rcs.client.transportcontrol.TransportControlService connected
03-06 20:17:10.952  8326  8326 I BugleRcs: com.google.android.rcs.client.transportcontrol.TransportControlService RCS service connected
03-06 20:17:10.953  8326  8349 I BugleEtouffee: EtouffeeStateMachine: onRegistrationUpdate from Tachyon, status: REGISTERED_WITH_PREKEYS
03-06 20:17:10.954  8326  8349 I BugleEtouffee: EtouffeeStateMachine: Registration update, Previous Etouffee status: PROVISIONED, New Etouffee status: PROVISIONED
03-06 20:17:11.004  8326  8351 I BugleRcsProvisioning: RcsProvisioningTrigger: Schedule provisioning on app startup
03-06 20:17:11.006  8326  8351 I BugleRcsProvisioning: RcsProvisioningTrigger: schedule provisioning
03-06 20:17:11.007  8326  8351 I BugleNetwork: Startup: registering tachyon.
03-06 20:17:11.011 24401 24401 I Wear_Controller: Wearable module requires a companion app to be installed.
03-06 20:17:11.011 24401 24401 I WearableService: onCreate: Wearable Services not starting. Wear is not available on this device.
03-06 20:17:11.012  8326  8351 I BugleNetwork: Startup: registering tachyon for phone.
03-06 20:17:11.023  8326  8365 D MDD WorkManagerTaskScheduler: Scheduling periodic tasks for MDD lib MDD.CHARGING.PERIODIC.TASK 21600
03-06 20:17:11.024  8326  8365 D MDD WorkManagerTaskScheduler: Scheduling periodic tasks for MDD lib MDD.MAINTENANCE.PERIODIC.GCM.TASK 86400
03-06 20:17:11.024  8326  8365 D MDD WorkManagerTaskScheduler: Scheduling periodic tasks for MDD lib MDD.CELLULAR.CHARGING.PERIODIC.TASK 21600
03-06 20:17:11.024  8326  8365 D MDD WorkManagerTaskScheduler: Scheduling periodic tasks for MDD lib MDD.WIFI.CHARGING.PERIODIC.TASK 21600
03-06 20:17:11.024  8326  8365 I BugleMDD: MddBackgroundStartupTask: Scheduled MDD periodic tasks.
03-06 20:17:11.028  8326  8350 I WM-WorkerWrapper: Worker result SUCCESS for Work [ id=63ff9672-8de8-4b98-945f-5d437830a986, tags={ com.google.android.apps.messaging.shared.datamodel.workqueue.WorkQueueWorkerShim, disable_groups_for_chat_api_to_vanilla_rcs_migration- } ]
03-06 20:17:11.032 24401 24414 W WearableService: onGetService: Wear is not available on this device.
03-06 20:17:11.034  8326  8349 I BugleRcsEngine: [785] ofy.run: Skipping full provisioning scheduling since we already have valid and updated RCS configuration
03-06 20:17:11.080  8326  8351 D MDD WorkManagerTaskScheduler: Successfully updated periodic tasks for MDD lib MDD.MAINTENANCE.PERIODIC.GCM.TASK 86400
03-06 20:17:11.080  8326  8351 D MDD WorkManagerTaskScheduler: Successfully updated periodic tasks for MDD lib MDD.CELLULAR.CHARGING.PERIODIC.TASK 21600
03-06 20:17:11.080  8326  8351 D MDD WorkManagerTaskScheduler: Successfully updated periodic tasks for MDD lib MDD.WIFI.CHARGING.PERIODIC.TASK 21600
03-06 20:17:11.080  8326  8351 D MDD WorkManagerTaskScheduler: Successfully updated periodic tasks for MDD lib MDD.CHARGING.PERIODIC.TASK 21600
03-06 20:17:11.090  8326  8375 I BugleNetwork: TachyonPhoneRegistration: Ensuring Tachyon phone registration
03-06 20:17:11.094  8326  8351 I BugleNetwork: RegistrationProvider: Refresh Tachyon Registration with token Now
03-06 20:17:11.183  8326  8351 I BugleRcsProvisioning: BugleSystemBindingManager: onBuglePhenotypeFlagChanged
03-06 20:17:11.184  8326  8351 I BugleRcsProvisioning: BugleSystemBindingManager: onCsLibPhenotypeUpdated
03-06 20:17:11.214  8326  8351 I BugleRcsEngine: [787] agbb.b: SystemBindingManager: force P/H Flag update scheduled and start updateBinding
03-06 20:17:11.214  8326  8371 I BugleRcsEngine: [803] aqdj.b: Using MCC based URL
03-06 20:17:11.221  8326  8376 I BugleTransport: isChatAvailable: RcsAvailability is AVAILABLE (RCS is setup)
03-06 20:17:11.231  8326  8350 I BugleRcsEngine: [786] aomf.run: SystemBindingManager: SystemBinding enabled: true
03-06 20:17:11.231  8326  8350 I BugleRcsEngine: [786] aomg.b: System Binding updated
03-06 20:17:11.233  8326  8357 I BugleRcsEngine: [793] aqdj.b: Using MCC based URL
03-06 20:17:11.252  8326  8349 I BugleProtoData: TachyonPhoneDataService: Setting probationary values, state: 3, client feature flags: [6], client capabilities extension: [# boyx@aad9eeaf, # boyx@89e12f65, # boyx@e02d5f49, # boyx@30f985fa, # boyx@8c803a85, # boyx@c96d1ee6, # boyx@3791c696, # boyx@8695fcb7, # boyx@31c1e896, # boyx@809df7b6, # boyx@2548c6e2]
03-06 20:17:11.288  8326  8350 I BugleTransport: isChatAvailable: true, enabledTransport: 2
03-06 20:17:11.296  8326  8378 I BugleTachygram: Tachygram state change required. Forcing Tachyon phone registration. Active? false
03-06 20:17:11.296  8326  8378 I BugleNetwork: TachyonPhoneRegistration: Ensuring Tachyon phone registration
03-06 20:17:11.302  8326  8351 I BugleNetwork: RegistrationProvider: Refresh Tachyon Registration with token Now
03-06 20:17:11.635  9027  9027 I dex2oat64: dex2oat took 1.743s (4.066s cpu) (threads: 6) arena alloc=0B (0B) java alloc=19MB (20953424B) native alloc=4589KB (4699392B) free=6618KB (6777344B) swap=16MB (16777216B)
03-06 20:17:11.656  1569  8468 V installd: DexInv: --- END '/data/app/~~vtXINWp3a-aSjqIvdZfWXQ==/com.example.empoweher-Qr05Vz6PusKbr-6d0zmzRQ==/base.apk' (success) ---
03-06 20:17:11.708 23304 23318 I Backup  : [GmsBackupTransport] New restore session, 2 apps
03-06 20:17:11.711 23304 23318 I Backup  : [DenylistedInfoRequestProcessor] Attaching GetAppKeyDenylistInfo request to restore request.
03-06 20:17:11.765 23304 23318 W Conscrypt: Could not set socket write timeout: java.net.SocketException: Socket closed
03-06 20:17:11.765 23304 23318 W Conscrypt: 	at com.google.android.gms.org.conscrypt.Platform.setSocketWriteTimeout(:com.google.android.gms@240713038@24.07.13 (190400-607434947):228)
03-06 20:17:11.765 23304 23318 W Conscrypt: 	at com.google.android.gms.org.conscrypt.ConscryptFileDescriptorSocket.setSoWriteTimeout(:com.google.android.gms@240713038@24.07.13 (190400-607434947):4)
03-06 20:17:11.780   892   892 D PersistedStoragePackageUninstalledReceiver: Received android.intent.action.PACKAGE_FULLY_REMOVED for com.example.empoweher for u0
03-06 20:17:11.797  4634  5749 I MediaProvider: Begin Intent { act=android.intent.action.PACKAGE_FULLY_REMOVED dat=package:com.example.empoweher flg=0x5000010 cmp=com.google.android.providers.media.module/com.android.providers.media.MediaService (has extras) }
03-06 20:17:11.817  4634  5749 D MediaProvider: Deleted 0 Android/media items belonging to com.example.empoweher on /data/user/0/com.google.android.providers.media.module/databases/external.db
03-06 20:17:11.833  4634  5749 I MediaProvider: End Intent { act=android.intent.action.PACKAGE_FULLY_REMOVED dat=package:com.example.empoweher flg=0x5000010 cmp=com.google.android.providers.media.module/com.android.providers.media.MediaService (has extras) }
03-06 20:17:11.849 23304 23318 W Conscrypt: Could not set socket write timeout: java.net.SocketException: Socket closed
03-06 20:17:11.849 23304 23318 W Conscrypt: 	at com.google.android.gms.org.conscrypt.Platform.setSocketWriteTimeout(:com.google.android.gms@240713038@24.07.13 (190400-607434947):228)
03-06 20:17:11.849 23304 23318 W Conscrypt: 	at com.google.android.gms.org.conscrypt.ConscryptFileDescriptorSocket.setSoWriteTimeout(:com.google.android.gms@240713038@24.07.13 (190400-607434947):4)
03-06 20:17:11.851  1236  1236 D Zygote  : Forked child process 9068
03-06 20:17:11.869  9068  9068 I d.process.medi: Using CollectorTypeCC GC.
03-06 20:17:11.877  9068  9068 E d.process.medi: Not starting debugger since process cannot load the jdwp agent.
03-06 20:17:11.879  9068  9068 D ProcessState: Binder ioctl to enable oneway spam detection failed: Invalid argument
03-06 20:17:11.893  9068  9068 D CompatibilityChangeReporter: Compat change id reported: 171979766; UID 10108; state: ENABLED
03-06 20:17:11.915  9068  9068 D nativeloader: Configuring clns-shared-4 for other apk /system/priv-app/DownloadProvider/DownloadProvider.apk. target_sdk_version=31, uses_libraries=, library_path=/system/priv-app/DownloadProvider/lib/arm64:/system/lib64:/system_ext/lib64, permitted_path=/data:/mnt/expand:/data/user/0/com.android.providers.downloads:/system/priv-app/DownloadProvider:/system/lib64:/system_ext/lib64
03-06 20:17:11.926  9068  9068 V GraphicsEnvironment: ANGLE Developer option for 'com.android.providers.downloads' set to: 'default'
03-06 20:17:11.926  9068  9068 V GraphicsEnvironment: ANGLE GameManagerService for com.android.providers.downloads: false
03-06 20:17:11.928  9068  9068 D NetworkSecurityConfig: No Network Security Config specified, using platform default
03-06 20:17:11.929  9068  9068 D NetworkSecurityConfig: No Network Security Config specified, using platform default
03-06 20:17:11.930  8858  9082 D ProfileInstaller: Installing profile for com.example.benchmark
03-06 20:17:11.948  9068  9068 D nativeloader: Configuring clns-shared-5 for other apk /system/priv-app/MtpService/MtpService.apk. target_sdk_version=31, uses_libraries=, library_path=/system/priv-app/MtpService/lib/arm64:/system/lib64:/system_ext/lib64, permitted_path=/data:/mnt/expand:/data/user/0/com.android.mtp:/system/priv-app/MtpService:/system/lib64:/system_ext/lib64
03-06 20:17:12.010  8326  8388 I cr_CronetUrlRequestContext: destroyNativeStreamLocked org.chromium.net.impl.CronetBidirectionalStream@abffa00
03-06 20:17:12.011  8326  8350 I BugleNetwork: RegistrationProvider: Received Tachyon registration refresh token
03-06 20:17:12.020  8326  8348 I BugleProtoData: TachyonPhoneDataService: Setting probationary values, state: 3, client feature flags: [6], client capabilities extension: [# boyx@aad9eeaf, # boyx@89e12f65, # boyx@e02d5f49, # boyx@30f985fa, # boyx@8c803a85, # boyx@c96d1ee6, # boyx@3791c696, # boyx@8695fcb7, # boyx@31c1e896, # boyx@809df7b6, # boyx@2548c6e2]
03-06 20:17:12.021  8326  8375 I BugleEtouffee: EtouffeeStateMachine: onRegistrationUpdate from Tachyon, status: REGISTERED_WITH_PREKEYS
03-06 20:17:12.023  8326  8349 I BugleEtouffee: EtouffeeStateMachine: Registration update, Previous Etouffee status: PROVISIONED, New Etouffee status: PROVISIONED
03-06 20:17:12.051  9068  9068 D nativeloader: Configuring clns-shared-6 for other apk /system/priv-app/MediaProviderLegacy/MediaProviderLegacy.apk. target_sdk_version=31, uses_libraries=, library_path=/system/priv-app/MediaProviderLegacy/lib/arm64:/system/lib64:/system_ext/lib64, permitted_path=/data:/mnt/expand:/data/user/0/com.android.providers.media:/system/priv-app/MediaProviderLegacy:/system/lib64:/system_ext/lib64
03-06 20:17:12.053  8326  8377 I BugleTransport: Broadcasting Tachygram information disabled by kill switch
03-06 20:17:12.054  8326  8377 I BugleTransport: Broadcasting Tachygram information disabled by kill switch
03-06 20:17:12.054  8326  8377 I BugleTransport: Broadcasting Tachygram information disabled by kill switch
03-06 20:17:12.055  8326  8357 I RcsClientLib: Connecting RcsEngineLifecycleService
03-06 20:17:12.056  8326  8349 I Bugle   : VerifiedSmsEnabledCheckerImpl: VSMS is disabled via Phenotype flag.
03-06 20:17:12.057  8326  8365 I RcsClientLib: Connecting RcsEngineLifecycleService
03-06 20:17:12.062  8326  8348 I Bugle   : VerifiedSmsStartupTask: Checking if Verified SMS tasks should be enqueued. feature supported: false, feature enabled: false, eligible / has registered key: true, C11N: false
03-06 20:17:12.062  8326  8348 I Bugle   : VerifiedSmsStartupTask: Not enqueuing VSMS periodic task, VSMS is disabled or not supported.
03-06 20:17:12.063  8326  8376 I Bugle   : VerifiedSmsStartupTask: Not calling C11N to get phone numbers.
03-06 20:17:12.072  8326  8365 I RcsClientLib: shouldUseCarrierServicesJibeService: true, CarrierServices rcs service found: true
03-06 20:17:12.072  8326  8357 I RcsClientLib: shouldUseCarrierServicesJibeService: true, CarrierServices rcs service found: true
03-06 20:17:12.077  8326  8326 I RcsClientLib: com.google.android.rcs.client.lifecycle.RcsEngineLifecycleService connected
03-06 20:17:12.078 12330 12344 I CarrierServices: [601] RcsEngineImpl.triggerStopRcsStack: RcsEngineImpl[DUAL_REG]:[a9e2e3fa-401b]: triggerStopRcsStack for msisdn:redacted-pii:phone_number[chars:13,last2:92]
03-06 20:17:12.078  8326  8378 I RcsClientLib: Disconnecting RcsEngineLifecycleService
03-06 20:17:12.079 12330 12735 I CarrierServices: [617] ekm.handleMessage: RcsEngineImpl[DUAL_REG]:[a9e2e3fa-401b]>Handler: handleMessage processing message:[STOP_RCS_STACK] with [non-null]:RcsEngineImpl reference
03-06 20:17:12.079 12330 12735 I CarrierServices: [617] ekm.handleMessage: RcsEngineImpl[DUAL_REG]:[a9e2e3fa-401b]>Handler: RCS engine STOP RCS stack
03-06 20:17:12.079 12330 12735 W CarrierServices: [617] RcsEngineImpl.f: RcsEngineImpl[DUAL_REG]:[a9e2e3fa-401b]: imsModule is null, shutdown not required
03-06 20:17:12.079 12330 12735 I CarrierServices: [617] RcsEngineImpl.stopRcsStackInternal: RcsEngineImpl[DUAL_REG]:[a9e2e3fa-401b]: skipping imsModule.stop
03-06 20:17:12.079 12330 12735 I CarrierServices: [617] ekm.handleMessage: RcsEngineImpl[DUAL_REG]:[a9e2e3fa-401b]>Handler: handleMessage processing message:[NOTIFY_UPTIME_IGNORE_STATE_CHANGED] with [non-null]:RcsEngineImpl reference
03-06 20:17:12.080  8326  8326 I RcsClientLib: com.google.android.rcs.client.lifecycle.RcsEngineLifecycleService connected
03-06 20:17:12.081 12330 12344 I CarrierServices: [601] RcsEngineImpl.triggerStopRcsStack: RcsEngineImpl[DUAL_REG]:[a9e2e3fa-401b]: triggerStopRcsStack for msisdn:redacted-pii:phone_number[chars:13,last2:92]
03-06 20:17:12.081  8326  8377 I RcsClientLib: Disconnecting RcsEngineLifecycleService
03-06 20:17:12.093 12330 12735 I CarrierServices: [617] ejf.f: ProvisioningEngineDataRetriever: Rcs is enabled from user settings: true
03-06 20:17:12.094 12330 12735 I CarrierServices: [617] ekm.handleMessage: RcsEngineImpl[DUAL_REG]:[a9e2e3fa-401b]>Handler: handleMessage processing message:[STOP_RCS_STACK] with [non-null]:RcsEngineImpl reference
03-06 20:17:12.095 12330 12735 I CarrierServices: [617] ekm.handleMessage: RcsEngineImpl[DUAL_REG]:[a9e2e3fa-401b]>Handler: RCS engine STOP RCS stack
03-06 20:17:12.095 12330 12735 W CarrierServices: [617] RcsEngineImpl.f: RcsEngineImpl[DUAL_REG]:[a9e2e3fa-401b]: imsModule is null, shutdown not required
03-06 20:17:12.095 12330 12735 I CarrierServices: [617] RcsEngineImpl.stopRcsStackInternal: RcsEngineImpl[DUAL_REG]:[a9e2e3fa-401b]: skipping imsModule.stop
03-06 20:17:12.095 12330 12735 I CarrierServices: [617] ekm.handleMessage: RcsEngineImpl[DUAL_REG]:[a9e2e3fa-401b]>Handler: handleMessage processing message:[NOTIFY_UPTIME_IGNORE_STATE_CHANGED] with [non-null]:RcsEngineImpl reference
03-06 20:17:12.102 12330 12735 I CarrierServices: [617] ejf.f: ProvisioningEngineDataRetriever: Rcs is enabled from user settings: true
03-06 20:17:12.144 23304 23318 I Backup  : [BackupHttpRequestUtil] Http Response Code: 200
03-06 20:17:12.146 23304 23513 I Backup  : [GmsBackupTransport] Got kv restore package: @pm@
03-06 20:17:12.149 23304 23318 I Backup  : [GmsBackupTransport] Encrypted kv restore of @pm@
03-06 20:17:12.153  2070  4645 I RecoverableAppKeyStore: Get 0/10156/com.google.android.gms.backup/folsom/9BB70C67C37051788C9D2EEA837AACF4
03-06 20:17:12.175 23304 23318 E GmsConnectionFactory: UID for network attribution might be misset for tag -252 [CONTEXT service_id=39 ]
03-06 20:17:12.175 23304 23318 E GmsConnectionFactory: efrf: FULL
03-06 20:17:12.175 23304 23318 E GmsConnectionFactory: 	at a.T(:com.google.android.gms@240713038@24.07.13 (190400-607434947):9)
03-06 20:17:12.175 23304 23318 E GmsConnectionFactory: 	at aydj.a(:com.google.android.gms@240713038@24.07.13 (190400-607434947):147)
03-06 20:17:12.175 23304 23318 E GmsConnectionFactory: 	at bbno.c(:com.google.android.gms@240713038@24.07.13 (190400-607434947):119)
03-06 20:17:12.175 23304 23318 E GmsConnectionFactory: 	at bbno.b(:com.google.android.gms@240713038@24.07.13 (190400-607434947):2)
03-06 20:17:12.175 23304 23318 E GmsConnectionFactory: 	at afny.a(:com.google.android.gms@240713038@24.07.13 (190400-607434947):115)
03-06 20:17:12.175 23304 23318 E GmsConnectionFactory: 	at afss.a(:com.google.android.gms@240713038@24.07.13 (190400-607434947):18)
03-06 20:17:12.175 23304 23318 E GmsConnectionFactory: 	at afpc.b(:com.google.android.gms@240713038@24.07.13 (190400-607434947):168)
03-06 20:17:12.175 23304 23318 E GmsConnectionFactory: 	at afoo.call(:com.google.android.gms@240713038@24.07.13 (190400-607434947):275)
03-06 20:17:12.175 23304 23318 E GmsConnectionFactory: 	at afpc.t(:com.google.android.gms@240713038@24.07.13 (190400-607434947):1)
03-06 20:17:12.175 23304 23318 E GmsConnectionFactory: 	at afpc.getRestoreData(:com.google.android.gms@240713038@24.07.13 (190400-607434947):11)
03-06 20:17:12.175 23304 23318 E GmsConnectionFactory: 	at android.app.backup.BackupTransport$TransportImpl.getRestoreData(BackupTransport.java:739)
03-06 20:17:12.175 23304 23318 E GmsConnectionFactory: 	at com.android.internal.backup.IBackupTransport$Stub.onTransact(IBackupTransport.java:707)
03-06 20:17:12.175 23304 23318 E GmsConnectionFactory: 	at android.os.Binder.transact(Binder.java:1072)
03-06 20:17:12.175 23304 23318 E GmsConnectionFactory: 	at bfva.onTransact(:com.google.android.gms@240713038@24.07.13 (190400-607434947):10)
03-06 20:17:12.175 23304 23318 E GmsConnectionFactory: 	at android.os.Binder.transact(Binder.java:1072)
03-06 20:17:12.175 23304 23318 E GmsConnectionFactory: 	at ayhi.onTransact(:com.google.android.gms@240713038@24.07.13 (190400-607434947):147)
