03-06 20:17:12.175 23304 23318 E GmsConnectionFactory: 	at android.os.Binder.execTransactInternal(Binder.java:1197)
03-06 20:17:12.175 23304 23318 E GmsConnectionFactory: 	at android.os.Binder.execTransact(Binder.java:1151)
03-06 20:17:12.191 23304 23318 W Conscrypt: Could not set socket write timeout: java.net.SocketException: Socket closed
03-06 20:17:12.192 23304 23318 W Conscrypt: 	at com.google.android.gms.org.conscrypt.Platform.setSocketWriteTimeout(:com.google.android.gms@240713038@24.07.13 (190400-607434947):228)
03-06 20:17:12.192 23304 23318 W Conscrypt: 	at com.google.android.gms.org.conscrypt.ConscryptFileDescriptorSocket.setSoWriteTimeout(:com.google.android.gms@240713038@24.07.13 (190400-607434947):4)
03-06 20:17:12.272 23304 23318 W Conscrypt: Could not set socket write timeout: java.net.SocketException: Socket closed
03-06 20:17:12.273 23304 23318 W Conscrypt: 	at com.google.android.gms.org.conscrypt.Platform.setSocketWriteTimeout(:com.google.android.gms@240713038@24.07.13 (190400-607434947):228)
03-06 20:17:12.273 23304 23318 W Conscrypt: 	at com.google.android.gms.org.conscrypt.ConscryptFileDescriptorSocket.setSoWriteTimeout(:com.google.android.gms@240713038@24.07.13 (190400-607434947):4)
03-06 20:17:12.741 23304 23304 D BoundBrokerSvc: onUnbind: Intent { act=com.google.android.gms.checkin.START pkg=com.google.android.gms }
03-06 20:17:14.096 23304 23318 I Backup  : [FullRestoreDownloader] Drive download http response status : 200
03-06 20:17:14.153 23304 23318 I Backup  : [GmsBackupTransport] Got full restore package: com.example.empoweher
03-06 20:17:14.163 23304 23318 I Backup  : [FullRestoreDataProcessorFac] Performing encrypted restore for com.example.empoweher
03-06 20:17:14.164  2070  9089 I RecoverableAppKeyStore: Get 0/10156/com.google.android.gms.backup/folsom/9BB70C67C37051788C9D2EEA837AACF4
03-06 20:17:15.025  3353  3353 D CarrierSvcBindHelper: No carrier app for: 0
03-06 20:17:15.029  3353  3353 E PhoneInterfaceManager: [PhoneIntfMgr] getCarrierPackageNamesForIntentAndPhone: No UICC
03-06 20:17:15.029  3353  3353 D CarrierSvcBindHelper: No carrier app for: 1
03-06 20:17:15.048  5135  5135 D AdaptivePerf: PackageChangedReceiver.onReceive [android.intent.action.PACKAGE_DATA_CLEARED, com.example.empoweher]
03-06 20:17:15.052  1236  1236 D Zygote  : Forked child process 9099
03-06 20:17:15.060  5135  4074 D AdaptivePerf: i.onPackageChanged [ApplicationInfo{39efca1 com.example.empoweher}.enabled]
03-06 20:17:15.067  9099  9099 I ample.empowehe: Using CollectorTypeCC GC.
03-06 20:17:15.075  7487  7492 I adbd    : jdwp connection from 9099
03-06 20:17:15.076  9099  9099 D ProcessState: Binder ioctl to enable oneway spam detection failed: Invalid argument
03-06 20:17:15.094  9099  9099 D CompatibilityChangeReporter: Compat change id reported: 171979766; UID 12031; state: ENABLED
03-06 20:17:15.112  9099  9099 D nativeloader: Configuring clns-4 for other apk /data/app/~~vtXINWp3a-aSjqIvdZfWXQ==/com.example.empoweher-Qr05Vz6PusKbr-6d0zmzRQ==/base.apk. target_sdk_version=34, uses_libraries=, library_path=/data/app/~~vtXINWp3a-aSjqIvdZfWXQ==/com.example.empoweher-Qr05Vz6PusKbr-6d0zmzRQ==/lib/arm64, permitted_path=/data:/mnt/expand:/data/user/0/com.example.empoweher
03-06 20:17:15.123 24401  8476 I Fitness : (REDACTED) FitCleanupIntentOperation received Intent %s
03-06 20:17:15.123 24401  8476 I Fitness : (REDACTED) Clearing all cached OAuth tokens for: %s
03-06 20:17:15.123 24401  8476 I Fitness : (REDACTED) Removing all subscriptions for: %s
03-06 20:17:15.124 23304 19168 I Icing   : doRemovePackageData com.example.empoweher
03-06 20:17:15.124 24401  8476 I AlarmManager: set [name: SystemMemoryCache type: 2 triggerAtMillis: 315814730554 windowMillis: -1 intervalMillis: 0]
03-06 20:17:15.127  9099  9099 V GraphicsEnvironment: ANGLE Developer option for 'com.example.empoweher' set to: 'default'
03-06 20:17:15.128  9099  9099 V GraphicsEnvironment: ANGLE GameManagerService for com.example.empoweher: false
03-06 20:17:15.128  9099  9099 V GraphicsEnvironment: Updatable production driver is not supported on the device.
03-06 20:17:15.131  9099  9099 D NetworkSecurityConfig: No Network Security Config specified, using platform default
03-06 20:17:15.131  9099  9099 D NetworkSecurityConfig: No Network Security Config specified, using platform default
03-06 20:17:15.146   892   892 D PersistedStoragePackageUninstalledReceiver: Received android.intent.action.PACKAGE_DATA_CLEARED for com.example.empoweher for u0
03-06 20:17:15.167  4634  5749 I MediaProvider: Begin Intent { act=android.intent.action.PACKAGE_DATA_CLEARED dat=package:com.example.empoweher flg=0x1000010 cmp=com.google.android.providers.media.module/com.android.providers.media.MediaService (has extras) }
03-06 20:17:15.168  9099  9099 I Process : Sending signal. PID: 9099 SIG: 9
03-06 20:17:15.171 23304 28931 I Backup  : [GmsBackupTransport] restore finished
03-06 20:17:15.178  1569  8468 E installd: Couldn't opendir /data/app/vmdl1400247409.tmp: No such file or directory
03-06 20:17:15.178  1569  8468 E installd: Failed to delete /data/app/vmdl1400247409.tmp: No such file or directory
03-06 20:17:15.191  4634  5749 D MediaProvider: Deleted 0 Android/media items belonging to com.example.empoweher on /data/user/0/com.google.android.providers.media.module/databases/external.db
03-06 20:17:15.205  3372  3372 D MotoSystemServer: #1 mRemovedPackages remove: com.example.empoweher
03-06 20:17:15.209  4653  4653 I GsaVoiceInteractionSrv: O received Intent { act=android.intent.action.PACKAGE_ADDED dat=package:com.example.empoweher flg=0x4000010 (has extras) }
03-06 20:17:15.210  8326  8367 I Bugle   : BroadcastReceiverAsyncWorkTracker: Acknowledging broadcast of afgi@a69dfd
03-06 20:17:15.213   667   667 I Finsky  : [2] xex.g(1): xex - Received: android.intent.action.PACKAGE_ADDED, [g9SSA3pKUvolV2YTFt__M66JdC0crvgqtLTSo4ubH_E]
03-06 20:17:15.214  4634  5749 I MediaProvider: End Intent { act=android.intent.action.PACKAGE_DATA_CLEARED dat=package:com.example.empoweher flg=0x1000010 cmp=com.google.android.providers.media.module/com.android.providers.media.MediaService (has extras) }
03-06 20:17:15.218  2070  2573 I RoleService: Granting default roles...
03-06 20:17:15.222  3372  3372 D MotoSystemServer: Finding service package:com.motorola.actions and service:com.motorola.actions.motoservice.MotoService
03-06 20:17:15.222  3372  3372 D MotoSystemServer: Finding service package:com.motorola.audiofx and service:com.motorola.motoaudio.data.service.MotoService
03-06 20:17:15.223  3372  3372 D MotoSystemServer: Finding service package:com.motorola.ccc.devicemanagement and service:com.motorola.ccc.devicemanagement.SystemServerBindService
03-06 20:17:15.223  3372  3372 D MotoSystemServer: Finding service package:com.motorola.discovery and service:com.motorola.discovery.bubble.service.BubbleHintService
03-06 20:17:15.223  3372  3372 D MotoSystemServer: Finding service package:com.motorola.dynamicvolume and service:com.motorola.dynamicvolume.service.DynamicVolumeService
03-06 20:17:15.223  3372  3372 D MotoSystemServer: Finding service package:com.motorola.gamemode and service:com.motorola.gamemode.GMPersistentService
03-06 20:17:15.223  3372  3372 D MotoSystemServer: Finding service package:com.motorola.help and service:com.motorola.feedback.logrequest.service.LogCollectionService
03-06 20:17:15.223  3372  3372 D MotoSystemServer: Finding service package:com.motorola.moto and service:com.motorola.mya.MayaManagerService
03-06 20:17:15.224  3372  3372 D MotoSystemServer: Finding service package:com.motorola.msimsettings and service:com.motorola.msimsettings.services.PersistentService
03-06 20:17:15.225  3372  3372 D MotoSystemServer: Finding service package:com.motorola.timeweatherwidget and service:com.motorola.commandcenter.weather.KeepLiveService
03-06 20:17:15.225  3353  3815 D TelephonyProvider: Using old permission behavior for telephony provider compat
03-06 20:17:15.226  3372  3372 D MotoSystemServer: binding  Moto service : com.motorola.ccc.devicemanagement/com.motorola.ccc.devicemanagement.SystemServerBindService
03-06 20:17:15.229  3372  3372 D MotoSystemServer: binding  Moto service : com.motorola.timeweatherwidget/com.motorola.commandcenter.weather.KeepLiveService
03-06 20:17:15.238   667   667 I Finsky  : [2] kkt.f(9): AIM: AppInfoCacheUpdater -> invalidating apps: [com.example.empoweher]
03-06 20:17:15.239   667   667 I Finsky  : [2] kli.g(21): AIM: AppInfoManager-Perf > getApps > called for 1 apps
03-06 20:17:15.241  7451  7498 I BtGatt.ScanManager: msg.what = 6
03-06 20:17:15.244  3372  3372 D MotoSystemServer: Component ComponentInfo{com.motorola.gamemode/com.motorola.gamemode.GMPersistentService} is Disabled
03-06 20:17:15.244  3372  3372 D MotoSystemServer: binding  Moto service : com.motorola.help/com.motorola.feedback.logrequest.service.LogCollectionService
03-06 20:17:15.245   667   667 I Finsky  : [2] rza.ajL(13): DTU: Received onPackageAdded, replacing: false
03-06 20:17:15.246   667   667 I Finsky  : [2] acqa.f(9): Clearing split related stale data.
03-06 20:17:15.247 32405 32704 E DatabaseUtils: Writing exception to parcel
03-06 20:17:15.247 32405 32704 E DatabaseUtils: java.security.AccessControlException: Access not allowed for app: com.motorola.launcher3
03-06 20:17:15.247 32405 32704 E DatabaseUtils: 	at bpa.a(PG:2)
03-06 20:17:15.247 32405 32704 E DatabaseUtils: 	at lrx.a(PG:2)
03-06 20:17:15.247 32405 32704 E DatabaseUtils: 	at mjn.f(PG:2)
03-06 20:17:15.247 32405 32704 E DatabaseUtils: 	at mjo.run(PG:9)
03-06 20:17:15.247 32405 32704 E DatabaseUtils: 	at irz.run(PG:5)
03-06 20:17:15.247 32405 32704 E DatabaseUtils: 	at java.util.concurrent.ThreadPoolExecutor.runWorker(ThreadPoolExecutor.java:1145)
03-06 20:17:15.247 32405 32704 E DatabaseUtils: 	at java.util.concurrent.ThreadPoolExecutor$Worker.run(ThreadPoolExecutor.java:644)
03-06 20:17:15.247 32405 32704 E DatabaseUtils: 	at irb.run(PG:2)
03-06 20:17:15.247 32405 32704 E DatabaseUtils: 	at irk.run(PG:4)
03-06 20:17:15.247 32405 32704 E DatabaseUtils: 	at java.lang.Thread.run(Thread.java:1012)
03-06 20:17:15.248 23215 23362 W SearchServiceCore: Abort, client detached.
03-06 20:17:15.249   667   705 I Finsky  : [805] kmo.a(55): AIM: AppInfoManager-Perf > OnDeviceAppInfo > cacheHitCount=0, cacheMissCount=1. Missed  in cache (limit 10) : [com.example.empoweher]
03-06 20:17:15.249 28304  4436 E WellbeingModel: Failed to retrieve data from content://com.google.android.apps.wellbeing.api: java.lang.SecurityException: Access not allowed for app: com.motorola.launcher3
03-06 20:17:15.254  3372  3372 D MotoSystemServer: binding  Moto service : com.motorola.moto/com.motorola.mya.MayaManagerService
03-06 20:17:15.261  2070  2671 I InputReader: Reconfiguring input devices, changes=KEYBOARD_LAYOUTS |
03-06 20:17:15.270  3372  3372 D MotoSystemServer: Component ComponentInfo{com.motorola.dynamicvolume/com.motorola.dynamicvolume.service.DynamicVolumeService} is Disabled
03-06 20:17:15.271  3372  3372 D MotoSystemServer: binding  Moto service : com.motorola.msimsettings/com.motorola.msimsettings.services.PersistentService
03-06 20:17:15.273  3353  3815 D PhoneInterfaceManager: [PhoneIntfMgr] getIccId from db
03-06 20:17:15.275  3353  3815 D TelephonyProvider: Using old permission behavior for telephony provider compat
03-06 20:17:15.277   667   705 I Finsky  : [805] kmo.a(55): AIM: AppInfoManager-Perf > OnDeviceAppInfo > cacheHitCount=0, cacheMissCount=1. Missed  in cache (limit 10) : [com.example.empoweher]
03-06 20:17:15.292  3353  3353 D CarrierSvcBindHelper: No carrier app for: 0
03-06 20:17:15.292  3353  3353 E PhoneInterfaceManager: [PhoneIntfMgr] getCarrierPackageNamesForIntentAndPhone: No UICC
03-06 20:17:15.292  3353  3353 D CarrierSvcBindHelper: No carrier app for: 1
03-06 20:17:15.293   667   712 I Finsky  : [809] kkm.apply(1379): AIM: Got app ownership map. App counts: . Unique apps: 0
03-06 20:17:15.296  3353  3815 D PhoneInterfaceManager: [PhoneIntfMgr] getIccId from db
03-06 20:17:15.297  3353  3815 D TelephonyProvider: Using old permission behavior for telephony provider compat
03-06 20:17:15.308  4651  4651 I AiAi    : onTrimMemory() with level 5
03-06 20:17:15.308  1236  1236 I Zygote  : Process 9099 exited due to signal 9 (Killed)
03-06 20:17:15.312  3353  3353 D ImsResolver: maybeAddedImsService, packageName: com.example.empoweher
03-06 20:17:15.313  3372  3372 D MotoSystemServer: binding  Moto service : com.motorola.actions/com.motorola.actions.motoservice.MotoService
03-06 20:17:15.314  3353  3353 D CarrierConfigLoader: mHandler: EVENT_PACKAGE_CHANGED phoneId: 0
03-06 20:17:15.318  8740  8740 I Finsky:background: [2] uuk.onTrimMemory(13): Memory trim requested to level 60
03-06 20:17:15.319  2070  2294 I libprocessgroup: Successfully killed process cgroup uid 12031 pid 9099 in 21ms
03-06 20:17:15.329   667   667 I Finsky  : [2] ajqk.c(44): Do not start WearSupportService due to Wear service optimization
03-06 20:17:15.330 24401  8488 W GCM     : Unexpected forwarded intent: Intent { act=android.intent.action.PACKAGE_ADDED dat=package:com.example.empoweher flg=0x4000010 pkg=com.google.android.gms cmp=com.google.android.gms/.chimera.PersistentIntentOperationService (has extras) }
03-06 20:17:15.331 24401  8488 W GCM     : Unexpected forwarded intent: Intent { act=android.intent.action.PACKAGE_ADDED dat=package:com.example.empoweher flg=0x4000010 pkg=com.google.android.gms cmp=com.google.android.gms/.chimera.PersistentIntentOperationService (has extras) }
03-06 20:17:15.332 23276 23276 W fbservices:InitStatus: Not blocking Service (234520612)
03-06 20:17:15.332  2070  2671 I InputReader: Reconfiguring input devices, changes=KEYBOARD_LAYOUTS |
03-06 20:17:15.333 23304  8490 I Auth    : [SupervisedAccountIntentOperation] onHandleIntent(): android.intent.action.PACKAGE_ADDED
03-06 20:17:15.336  3372  3372 D MotoSystemServer: Component ComponentInfo{com.motorola.discovery/com.motorola.discovery.bubble.service.BubbleHintService} is Disabled
03-06 20:17:15.337  3372  3372 D MotoSystemServer: binding  Moto service : com.motorola.audiofx/com.motorola.motoaudio.data.service.MotoService
03-06 20:17:15.337 23304  8489 I Dck     : (REDACTED) disableDckSupport: %s
03-06 20:17:15.337 23304  8489 I Dck     : (REDACTED) doesDeviceHaveSupportedWirelessCapabilities: wccSysProp:%d, wccMendel:%d, deviceWccOverride:%s
03-06 20:17:15.337 23304  8489 I Dck     : (REDACTED) isDckModuleEligible: isAtLeastR:%s, hasWccSupport:%s, downloadAllowed:%s
03-06 20:17:15.337 23304  8489 W Dck     : Dck module not eligible for asynchronous downloading [CONTEXT service_id=289 ]
03-06 20:17:15.341   667  8479 I Finsky  : [991] ons.accept(113): Wrote row to frosting DB: 88839
03-06 20:17:15.343   667   712 I Finsky  : [809] kkm.apply(1379): AIM: Got app ownership map. App counts: . Unique apps: 0
03-06 20:17:15.343  8326  8376 I Bugle   : BroadcastReceiverAsyncWorkTracker: Acknowledging broadcast of afgi@a69dfd
03-06 20:17:15.348  4601  4601 I AppBase : AppBase.onTrimMemory():736 onTrimMemory(): 5
03-06 20:17:15.349   667  8479 I Finsky  : [991] ons.accept(113): Wrote row to frosting DB: 88840
03-06 20:17:15.350  3353  3815 D PhoneInterfaceManager: [PhoneIntfMgr] getIccId from db
03-06 20:17:15.350  3353  3815 D TelephonyProvider: Using old permission behavior for telephony provider compat
03-06 20:17:15.370   667  8513 I Finsky  : [998] mfa.aiM(156): [ContentSync] finished, scheduled=false
03-06 20:17:15.377  3353  3815 D PhoneInterfaceManager: [PhoneIntfMgr] getIccId from phone
03-06 20:17:15.381  3353  3815 D PhoneInterfaceManager: [PhoneIntfMgr] getIccId from db
03-06 20:17:15.382  3353  3815 D TelephonyProvider: Using old permission behavior for telephony provider compat
03-06 20:17:15.382  3353  3353 D CarrierSvcBindHelper: No carrier app for: 0
03-06 20:17:15.383  3353  3353 E PhoneInterfaceManager: [PhoneIntfMgr] getCarrierPackageNamesForIntentAndPhone: No UICC
03-06 20:17:15.383  3353  3353 D CarrierSvcBindHelper: No carrier app for: 1
03-06 20:17:15.396  3353  3353 D ImsResolver: maybeAddedImsService, packageName: com.example.empoweher
03-06 20:17:15.401  4601  4601 I GoogleInputMethodService: GoogleInputMethodService.onTrimMemory():4502 onTrimMemory(): 5
03-06 20:17:15.423  3353  3815 D PhoneInterfaceManager: [PhoneIntfMgr] getIccId from db
03-06 20:17:15.423  3353  3815 D TelephonyProvider: Using old permission behavior for telephony provider compat
03-06 20:17:15.438  3353  3815 D PhoneInterfaceManager: [PhoneIntfMgr] getIccId from db
03-06 20:17:15.438  3353  3815 D TelephonyProvider: Using old permission behavior for telephony provider compat
03-06 20:17:15.445   667   667 I Finsky  : [2] uuk.onTrimMemory(13): Memory trim requested to level 5
03-06 20:17:15.448   667   667 I Finsky  : [2] xex.g(1): xex - Received: android.intent.action.PACKAGE_CHANGED, [g9SSA3pKUvolV2YTFt__M66JdC0crvgqtLTSo4ubH_E]
03-06 20:17:15.450   667  8325 E AbstractLogEventBuilder: The provided ProductIdOrigin 3 is not one of the process-level expected values: 1 or 2
03-06 20:17:15.450 24401  9150 I Fitness : (REDACTED) OnPackageChangedOperation got intent: %s
03-06 20:17:15.461   892   914 I PermissionControllerServiceImpl: Updating user sensitive for uid 12031
03-06 20:17:15.461  4634 18789 I MediaProvider: Invalidating LocalCallingIdentity cache for package com.example.benchmark. Reason: owned_database_row_deleted:/storage/emulated/0/Android/media/com.example.benchmark/temporaryScript5686591665097907644.tmp
03-06 20:17:15.464   667   711 I Finsky  : [808] kmj.a(206): AIM: AppInfoManager-Perf > ItemModel > CacheSize=106, cacheHitCount=0, cacheMissCount=0, total appsWithNoServerDataCount=5. Missed  in cache (limit 10) : []
03-06 20:17:15.468  4634 18789 I MediaProvider: Deleted 1 0 0 0 0 0 0 items on external_primary due to com.android.shell
03-06 20:17:15.470   667  8479 I Finsky  : [991] ons.accept(113): Wrote row to frosting DB: 88841
03-06 20:17:15.471   667   698 I Finsky  : [799] kmj.a(206): AIM: AppInfoManager-Perf > ItemModel > CacheSize=106, cacheHitCount=0, cacheMissCount=0, total appsWithNoServerDataCount=5. Missed  in cache (limit 10) : []
03-06 20:17:15.475 24401  9149 I Fitness : (REDACTED) FitCleanupIntentOperation received Intent %s
03-06 20:17:15.480   667   711 I Finsky  : [808] joq.accept(158): AIM: AppInfoManager-Perf > getApps > data collection finished
03-06 20:17:15.482  8858  8875 D Benchmark: Deleting /data/local/tmp/com.example.empoweher-0-1709736427620.apk
03-06 20:17:15.484   667   667 I Finsky  : [2] kkt.f(9): AIM: AppInfoCacheUpdater -> invalidating apps: [com.example.empoweher]
03-06 20:17:15.488   667   711 I Finsky  : [808] jzy.run(673): AIM: AppInfoManager-Perf > maybeDestroyAppInfoManager is called. actives = 0
03-06 20:17:15.492   667   667 I Finsky  : [2] kli.g(21): AIM: AppInfoManager-Perf > getApps > called for 1 apps
03-06 20:17:15.494   667   711 I Finsky  : [808] kmo.a(55): AIM: AppInfoManager-Perf > OnDeviceAppInfo > cacheHitCount=0, cacheMissCount=1. Missed  in cache (limit 10) : [com.example.empoweher]
03-06 20:17:15.498   667   711 I Finsky  : [808] kkm.apply(1379): AIM: Got app ownership map. App counts: . Unique apps: 0
03-06 20:17:15.501  4634 25511 W MediaProvider: isAppCloneUserPair failed. Users: 0 and 0
03-06 20:17:15.501  4634 25511 W MediaProvider: isAppCloneUserPair for user 0: false
03-06 20:17:15.501  2070  2257 W SearchableInfo: Invalid searchable metadata for com.instagram.android/com.instagram.direct.appwidget.DirectRecipientSearchActivity: Search label must be a resource reference.
03-06 20:17:15.507   892   914 I PermissionControllerServiceImpl: Updating user sensitive for uid 12031
03-06 20:17:15.516   667   711 I Finsky  : [808] kmo.a(55): AIM: AppInfoManager-Perf > OnDeviceAppInfo > cacheHitCount=1, cacheMissCount=0. Missed  in cache (limit 10) : []
03-06 20:17:15.516   667   667 I Finsky  : [2] VerifyInstallTask.akF(79): VerifyApps: Verification complete: id=37, package_name=com.example.empoweher
03-06 20:17:15.523   667  8479 I Finsky  : [991] ons.accept(113): Wrote row to frosting DB: 88842
03-06 20:17:15.529 24401 13763 I GmsCoreXrpcWrapper: (REDACTED) Returning a channel provider with trafficStatsTag=%d trafficStatsUid=%d
03-06 20:17:15.540 24401 13763 I GmsCoreXrpcWrapper: (REDACTED) Returning a channel provider with trafficStatsTag=%d trafficStatsUid=%d
03-06 20:17:15.542   667   711 I Finsky  : [808] kkm.apply(1379): AIM: Got app ownership map. App counts: . Unique apps: 0
03-06 20:17:15.546  8740  8740 I Finsky:background: [2] uuk.onTrimMemory(13): Memory trim requested to level 40
03-06 20:17:15.547 24401 13763 I GmsCoreXrpcWrapper: (REDACTED) Returning a channel provider with trafficStatsTag=%d trafficStatsUid=%d
03-06 20:17:15.551   667   667 I Finsky  : [2] uuk.onTrimMemory(13): Memory trim requested to level 40
03-06 20:17:15.552   667   667 I Finsky  : [2] uuj.accept(93): Flushing in-memory image cache
03-06 20:17:15.561 24401 13763 I Fitness : (REDACTED) Package %s enabled.  Potentially restarting recording
03-06 20:17:15.574 24401  9150 I Fitness : (REDACTED) OnPackageChangedOperation got intent: %s
03-06 20:17:15.624 28304 28323 D CustomAppIcons: Get custom app icon: android.app.Application@8977231 | com.example.empoweher | com.example.empoweher.activities.mainactivity
03-06 20:17:15.625 28304 28323 D CustomAppIcons: Icon from CustomAppIcons: com.example.empoweher | com.example.empoweher.activities.mainactivity | null
03-06 20:17:15.625 24401  8476 I Fitness : (REDACTED) FitCleanupIntentOperation received Intent %s
03-06 20:17:15.625 28304 28323 D CustomAppIcons: Get custom app icon: android.app.Application@8977231 | com.example.empoweher | com.example.empoweher.activities.mainactivity
03-06 20:17:15.625 28304 28323 D CustomAppIcons: Icon from CustomAppIcons: com.example.empoweher | com.example.empoweher.activities.mainactivity | null
03-06 20:17:15.627 24401 13763 I Fitness : (REDACTED) Package %s enabled.  Potentially restarting recording
03-06 20:17:15.631 28304 28323 E CustomAppIcons: Load icon from drawable: android.graphics.drawable.AdaptiveIconDrawable@d3e31b3
03-06 20:17:15.652   667   698 I Finsky  : [799] kmj.a(206): AIM: AppInfoManager-Perf > ItemModel > CacheSize=106, cacheHitCount=0, cacheMissCount=0, total appsWithNoServerDataCount=5. Missed  in cache (limit 10) : []
03-06 20:17:15.661 28304 28323 D CustomAppIcons: Get custom app icon: android.app.Application@8977231 | com.example.empoweher |
03-06 20:17:15.661 28304 28323 D CustomAppIcons: Icon from CustomAppIcons: com.example.empoweher |  | null
03-06 20:17:15.661   667   711 I Finsky  : [808] kmj.a(206): AIM: AppInfoManager-Perf > ItemModel > CacheSize=106, cacheHitCount=0, cacheMissCount=0, total appsWithNoServerDataCount=5. Missed  in cache (limit 10) : []
03-06 20:17:15.662 28304 28323 E CustomAppIcons: Load icon from drawable: android.graphics.drawable.AdaptiveIconDrawable@610647a
03-06 20:17:15.680   667   711 I Finsky  : [808] joq.accept(158): AIM: AppInfoManager-Perf > getApps > data collection finished
03-06 20:17:15.681   667   711 I Finsky  : [808] jzy.run(673): AIM: AppInfoManager-Perf > maybeDestroyAppInfoManager is called. actives = 0
03-06 20:17:15.681  1319  1319 I SDM     : HWCDisplayBuiltIn::GetOptimalRefreshRate: active_refresh_rate_: 60
03-06 20:17:15.717 24401  8504 I NetworkScheduler.Stats: (REDACTED) Task %s/%s started execution. cause:%s exec_start_elapsed_seconds: %s
03-06 20:17:15.722 23304 23726 I Icing   : Indexing com.google.android.gms-apps from com.google.android.gms
03-06 20:17:15.733 24401  8269 I NetworkScheduler.Stats: (REDACTED) Task %s/%s finished executing. cause:%s result: %s elapsed_millis: %s uptime_millis: %s exec_start_elapsed_seconds: %s
03-06 20:17:15.746 23304 23726 I Icing   : Indexing done com.google.android.gms-apps
03-06 20:17:15.747 23304 23726 I Icing   : Indexing com.google.android.gms-apps from com.google.android.gms
03-06 20:17:15.748 23304 23726 I Icing   : Indexing done com.google.android.gms-apps
03-06 20:17:15.756  4634 25556 I MediaProvider: Invalidating LocalCallingIdentity cache for package com.example.benchmark. Reason: owned_database_row_deleted:/storage/emulated/0/Android/media/com.example.benchmark/temporaryScript39695600451774454.tmp
03-06 20:17:15.769  4634 25556 I MediaProvider: Deleted 1 0 0 0 0 0 0 items on external_primary due to com.android.shell
03-06 20:17:15.777  8858  8875 D Benchmark: Profile Installer - Skip File Operation: WRITE_SKIP_FILE
03-06 20:17:15.787 23215  9023 I A       : Writing data of size=344 bytes with N=1 keys to Geller corpus DEVICE_INSTALLED_APPS at ts=1709736435786000
03-06 20:17:15.787  2070  2092 I system_server: Background concurrent copying GC freed 311719(13MB) AllocSpace objects, 87(4736KB) LOS objects, 29% free, 57MB/81MB, paused 1.397ms,149us total 609.242ms
03-06 20:17:15.792  2070  2094 W System  : A resource failed to call close.
03-06 20:17:15.794  2070  2094 W System  : A resource failed to call close.
03-06 20:17:15.808 24401  9058 I NetworkScheduler.Stats: (REDACTED) Task %s/%s started execution. cause:%s exec_start_elapsed_seconds: %s
03-06 20:17:15.811 24401  8269 I NetworkScheduler.Stats: (REDACTED) Task %s/%s started execution. cause:%s exec_start_elapsed_seconds: %s
03-06 20:17:15.814 23215 23384 I DeviceAppInfoWork: refreshDeviceAppInfoForAccount done.
03-06 20:17:15.815 23215  9023 I A       : Writing data of size=344 bytes with N=1 keys to Geller corpus DEVICE_INSTALLED_APPS at ts=1709736435794000
03-06 20:17:15.816  9189  9189 D ProcessState: Binder ioctl to enable oneway spam detection failed: Invalid argument
03-06 20:17:15.818 23215  9023 I A       : Writing data of size=344 bytes with N=1 keys to Geller corpus DEVICE_INSTALLED_APPS at ts=1709736435804000
03-06 20:17:15.819 23215 23384 I DeviceAppInfoWork: refreshDeviceAppInfoForAccount done.
03-06 20:17:15.819 23304  7147 I PlayGamesServices[GamesSyncAdapter]: Starting sync for 2345cfef
03-06 20:17:15.821 23304 23726 I PlayGamesServices[GamesSyncAdapter]: Starting sync for 4e50432
03-06 20:17:15.821 23215  9023 I A       : Writing data of size=344 bytes with N=1 keys to Geller corpus DEVICE_INSTALLED_APPS at ts=1709736435815000
03-06 20:17:15.822 23304  7147 I PlayGamesServices[GamesSyncAdapter]: Sync duration for 2345cfef: 2
03-06 20:17:15.822 23215 23361 I DeviceAppInfoWork: refreshDeviceAppInfoForAccount done.
03-06 20:17:15.823 23304 23726 I PlayGamesServices[GamesSyncAdapter]: Sync duration for 4e50432: 1
03-06 20:17:15.828 23215 23391 I DeviceAppInfoWork: refreshDeviceAppInfoForAccount done.
03-06 20:17:15.837  1236  1236 D Zygote  : Forked child process 9192
03-06 20:17:15.847 23304 23726 W PlayGamesServices[DataBroker]: No player ID found when refreshing
03-06 20:17:15.850 23304  7147 W PlayGamesServices[DataBroker]: No player ID found when refreshing
03-06 20:17:15.858 24401  9058 I NetworkScheduler.Stats: (REDACTED) Task %s/%s finished executing. cause:%s result: %s elapsed_millis: %s uptime_millis: %s exec_start_elapsed_seconds: %s
03-06 20:17:15.860 24401  9058 I NetworkScheduler.Stats: (REDACTED) Task %s/%s finished executing. cause:%s result: %s elapsed_millis: %s uptime_millis: %s exec_start_elapsed_seconds: %s
03-06 20:17:15.862  9192  9192 I ample.empowehe: Using CollectorTypeCC GC.
03-06 20:17:15.865 23304 23304 W PlayGamesServices[GamesLogHelper]: Failed to log event: Must not be called on GoogleApiHandler thread.
03-06 20:17:15.866 23304 23304 W PlayGamesServices[GamesLogHelper]: Failed to log event: Must not be called on GoogleApiHandler thread.
03-06 20:17:15.871  7487  7492 I adbd    : jdwp connection from 9192
03-06 20:17:15.873  9192  9192 D ProcessState: Binder ioctl to enable oneway spam detection failed: Invalid argument
03-06 20:17:15.887  9192  9192 D CompatibilityChangeReporter: Compat change id reported: 171979766; UID 12031; state: ENABLED
03-06 20:17:15.896 24401  9058 I NetworkScheduler.Stats: (REDACTED) Task %s/%s started execution. cause:%s exec_start_elapsed_seconds: %s
03-06 20:17:15.903  9192  9192 D nativeloader: Configuring clns-4 for other apk /data/app/~~vtXINWp3a-aSjqIvdZfWXQ==/com.example.empoweher-Qr05Vz6PusKbr-6d0zmzRQ==/base.apk. target_sdk_version=34, uses_libraries=, library_path=/data/app/~~vtXINWp3a-aSjqIvdZfWXQ==/com.example.empoweher-Qr05Vz6PusKbr-6d0zmzRQ==/lib/arm64, permitted_path=/data:/mnt/expand:/data/user/0/com.example.empoweher
03-06 20:17:15.904 24401  8267 I NetworkScheduler.Stats: (REDACTED) Task %s/%s started execution. cause:%s exec_start_elapsed_seconds: %s
03-06 20:17:15.910 23304 23726 I PlayGamesServices[GamesSyncAdapter]: Starting sync for c628a98
03-06 20:17:15.912 23304 23726 I PlayGamesServices[GamesSyncAdapter]: Sync duration for c628a98: 1
03-06 20:17:15.914 23304  7147 I PlayGamesServices[GamesSyncAdapter]: Starting sync for 25513c67
03-06 20:17:15.915 23304  7147 I PlayGamesServices[GamesSyncAdapter]: Sync duration for 25513c67: 1
03-06 20:17:15.921  9192  9192 V GraphicsEnvironment: ANGLE Developer option for 'com.example.empoweher' set to: 'default'
03-06 20:17:15.922  9192  9192 V GraphicsEnvironment: ANGLE GameManagerService for com.example.empoweher: false
03-06 20:17:15.922  9192  9192 V GraphicsEnvironment: Updatable production driver is not supported on the device.
03-06 20:17:15.924  9192  9192 D NetworkSecurityConfig: No Network Security Config specified, using platform default
03-06 20:17:15.924  9192  9192 D NetworkSecurityConfig: No Network Security Config specified, using platform default
03-06 20:17:15.928 23304 23726 W PlayGamesServices[DataBroker]: No player ID found when refreshing
03-06 20:17:15.937 23304 23304 W PlayGamesServices[GamesLogHelper]: Failed to log event: Must not be called on GoogleApiHandler thread.
03-06 20:17:15.937 24401  9058 I NetworkScheduler.Stats: (REDACTED) Task %s/%s finished executing. cause:%s result: %s elapsed_millis: %s uptime_millis: %s exec_start_elapsed_seconds: %s
03-06 20:17:15.938 23304  7147 W PlayGamesServices[DataBroker]: No player ID found when refreshing
03-06 20:17:15.945 23304 23304 W PlayGamesServices[GamesLogHelper]: Failed to log event: Must not be called on GoogleApiHandler thread.
03-06 20:17:15.957  9192  9192 I FirebaseApp: Device unlocked: initializing all Firebase APIs for app [DEFAULT]
03-06 20:17:15.961  9192  9192 I FirebaseInitProvider: FirebaseApp initialization successful
03-06 20:17:15.966 24401  9058 I NetworkScheduler.Stats: (REDACTED) Task %s/%s finished executing. cause:%s result: %s elapsed_millis: %s uptime_millis: %s exec_start_elapsed_seconds: %s
03-06 20:17:15.968 24401  9058 I NetworkScheduler.Stats: (REDACTED) Task %s/%s started execution. cause:%s exec_start_elapsed_seconds: %s
03-06 20:17:15.976 24401  9212 I NetworkScheduler.Stats: (REDACTED) Task %s/%s finished executing. cause:%s result: %s elapsed_millis: %s uptime_millis: %s exec_start_elapsed_seconds: %s
03-06 20:17:15.991  9192  9192 D WM-WrkMgrInitializer: Initializing WorkManager with default configuration.
03-06 20:17:16.004  9192  9192 D WM-PackageManagerHelper: androidx.work.impl.background.systemjob.SystemJobService enabled
03-06 20:17:16.004  9192  9192 D WM-Schedulers: Created SystemJobScheduler and enabled SystemJobService
03-06 20:17:16.016  9192  9192 D ProfileInstaller: RESULT_INSTALL_SKIP_FILE_SUCCESS
03-06 20:17:16.023  8858  8875 D Benchmark: Killing process com.example.empoweher
03-06 20:17:16.024  8858  8875 D Benchmark: Killing process com.example.empoweher
03-06 20:17:16.025  8858  8875 D UiDevice: Executing shell command: am force-stop com.example.empoweher
03-06 20:17:16.030  2070  2294 I libprocessgroup: Successfully killed process cgroup uid 10162 pid 7745 in 6ms
03-06 20:17:16.068  1236  1236 I Zygote  : Process 7745 exited due to signal 9 (Killed)
03-06 20:17:16.071  9221  9221 D ProcessState: Binder ioctl to enable oneway spam detection failed: Invalid argument
03-06 20:17:16.087  3353  3353 D CarrierSvcBindHelper: No carrier app for: 0
03-06 20:17:16.087  3353  3353 E PhoneInterfaceManager: [PhoneIntfMgr] getCarrierPackageNamesForIntentAndPhone: No UICC
03-06 20:17:16.088  3353  3353 D CarrierSvcBindHelper: No carrier app for: 1
03-06 20:17:16.089  2070  2294 I libprocessgroup: Successfully killed process cgroup uid 12031 pid 9192 in 12ms
03-06 20:17:16.089  8858  8875 D Benchmark: Profile Installer - Install profile
03-06 20:17:16.101  1236  1236 I Zygote  : Process 9192 exited due to signal 9 (Killed)
03-06 20:17:16.119  9230  9230 D ProcessState: Binder ioctl to enable oneway spam detection failed: Invalid argument
03-06 20:17:16.146  1236  1236 D Zygote  : Forked child process 9233
03-06 20:17:16.163  9233  9233 I ample.empowehe: Using CollectorTypeCC GC.
03-06 20:17:16.173  7487  7492 I adbd    : jdwp connection from 9233
03-06 20:17:16.175  9233  9233 D ProcessState: Binder ioctl to enable oneway spam detection failed: Invalid argument
03-06 20:17:16.187  9233  9233 D CompatibilityChangeReporter: Compat change id reported: 171979766; UID 12031; state: ENABLED
03-06 20:17:16.204  9233  9233 D nativeloader: Configuring clns-4 for other apk /data/app/~~vtXINWp3a-aSjqIvdZfWXQ==/com.example.empoweher-Qr05Vz6PusKbr-6d0zmzRQ==/base.apk. target_sdk_version=34, uses_libraries=, library_path=/data/app/~~vtXINWp3a-aSjqIvdZfWXQ==/com.example.empoweher-Qr05Vz6PusKbr-6d0zmzRQ==/lib/arm64, permitted_path=/data:/mnt/expand:/data/user/0/com.example.empoweher
03-06 20:17:16.225  9233  9233 V GraphicsEnvironment: ANGLE Developer option for 'com.example.empoweher' set to: 'default'
03-06 20:17:16.226  9233  9233 V GraphicsEnvironment: ANGLE GameManagerService for com.example.empoweher: false
03-06 20:17:16.226  9233  9233 V GraphicsEnvironment: Updatable production driver is not supported on the device.
03-06 20:17:16.228  9233  9233 D NetworkSecurityConfig: No Network Security Config specified, using platform default
03-06 20:17:16.229  9233  9233 D NetworkSecurityConfig: No Network Security Config specified, using platform default
03-06 20:17:16.234  2070  2573 I RoleService: Granting default roles...
03-06 20:17:16.258  9233  9233 I FirebaseApp: Device unlocked: initializing all Firebase APIs for app [DEFAULT]
03-06 20:17:16.262  9233  9233 I FirebaseInitProvider: FirebaseApp initialization successful
03-06 20:17:16.280  9233  9233 D WM-WrkMgrInitializer: Initializing WorkManager with default configuration.
03-06 20:17:16.296  9233  9233 D WM-PackageManagerHelper: Skipping component enablement for androidx.work.impl.background.systemjob.SystemJobService
03-06 20:17:16.296  9233  9233 D WM-Schedulers: Created SystemJobScheduler and enabled SystemJobService
03-06 20:17:16.304  9233  9233 D ProfileInstaller: Installing profile for com.example.empoweher
03-06 20:17:16.327  9233  9263 D CompatibilityChangeReporter: Compat change id reported: 160794467; UID 12031; state: ENABLED
03-06 20:17:16.331  8326  8365 I BugleDataModel: FixupMessageStatusOnStartupAction: sendFailedCnt: 0, downloadFailedCnt: 0, partsProcessingFailedCnt: 0
03-06 20:17:16.520  8326  8365 I BugleDataModel: PendingMessagesProcessor: process from FixupMessageStatusOnStartupAction due to connectivity changed with delay 0 with queues:
03-06 20:17:16.520  8326  8365 I BugleDataModel: ProcessPendingMessagesTimers: cleared next retry time for channel sms_send
03-06 20:17:16.520  8326  8365 I BugleDataModel: ProcessPendingMessagesTimers: cleared next retry time for channel mms_send
03-06 20:17:16.520  8326  8365 I BugleDataModel: ProcessPendingMessagesTimers: cleared next retry time for channel mms_download
03-06 20:17:16.520  8326  8365 I BugleDataModel: ProcessPendingMessagesTimers: cleared next retry time for channel rcs_send
03-06 20:17:16.520  8326  8365 I BugleDataModel: ProcessPendingMessagesTimers: cleared next retry time for channel rcs_ft_upload
03-06 20:17:16.520  8326  8365 I BugleDataModel: ProcessPendingMessagesTimers: cleared next retry time for channel rcs_ft_download
03-06 20:17:16.520  8326  8365 I BugleDataModel: ProcessPendingMessagesTimers: cleared next retry time for channel cloud_sync_send
03-06 20:17:16.520  8326  8365 I BugleDataModel: ProcessPendingMessagesTimers: cleared next retry time for channel cloud_sync_attachment_download
03-06 20:17:16.553  9233  9233 D ProfileInstaller: RESULT_INSTALL_SUCCESS
03-06 20:17:16.558  9233  9233 I Choreographer: Skipped 33 frames!  The application may be doing too much work on its main thread.
03-06 20:17:16.564  2070  2257 W SearchableInfo: Invalid searchable metadata for com.instagram.android/com.instagram.direct.appwidget.DirectRecipientSearchActivity: Search label must be a resource reference.
03-06 20:17:16.568  2070  2294 I libprocessgroup: Successfully killed process cgroup uid 10365 pid 7771 in 6ms
03-06 20:17:16.569  8858  8875 D Benchmark: Killing process com.example.empoweher
03-06 20:17:16.569  8858  8875 D Benchmark: Killing process com.example.empoweher
03-06 20:17:16.571  8858  8875 D UiDevice: Executing shell command: am force-stop com.example.empoweher
03-06 20:17:16.585  8326  8365 I BugleDataModel: PendingMessagesProcessor: process from ProcessPendingMessagesAction due to scheduled processing with delay 0 with queues:
03-06 20:17:16.596  8326  8357 I BugleJobs: GenericWorkerQueueAction: Bailing early, no work found, no failed work found
03-06 20:17:16.607  2070  2257 W SearchableInfo: Invalid searchable metadata for com.instagram.android/com.instagram.direct.appwidget.DirectRecipientSearchActivity: Search label must be a resource reference.
03-06 20:17:16.610  1236  1236 I Zygote  : Process 7771 exited due to signal 9 (Killed)
03-06 20:17:16.618  9269  9269 D ProcessState: Binder ioctl to enable oneway spam detection failed: Invalid argument
03-06 20:17:16.643  2070  2294 I libprocessgroup: Successfully killed process cgroup uid 12031 pid 9233 in 6ms
03-06 20:17:16.663  1236  1236 I Zygote  : Process 9233 exited due to signal 9 (Killed)
03-06 20:17:16.666  4634 25555 W MediaProvider: isAppCloneUserPair failed. Users: 0 and 0
03-06 20:17:16.666  4634 25555 W MediaProvider: isAppCloneUserPair for user 0: false
03-06 20:17:16.693  3353  3353 D CarrierSvcBindHelper: No carrier app for: 0
03-06 20:17:16.694  3353  3353 E PhoneInterfaceManager: [PhoneIntfMgr] getCarrierPackageNamesForIntentAndPhone: No UICC
03-06 20:17:16.694  3353  3353 D CarrierSvcBindHelper: No carrier app for: 1
03-06 20:17:16.695 28304 28323 D CustomAppIcons: Get custom app icon: android.app.Application@8977231 | com.example.empoweher | com.example.empoweher.activities.mainactivity
03-06 20:17:16.695 28304 28323 D CustomAppIcons: Icon from CustomAppIcons: com.example.empoweher | com.example.empoweher.activities.mainactivity | null
03-06 20:17:16.696 28304 28323 D CustomAppIcons: Get custom app icon: android.app.Application@8977231 | com.example.empoweher | com.example.empoweher.activities.mainactivity
03-06 20:17:16.696 28304 28323 D CustomAppIcons: Icon from CustomAppIcons: com.example.empoweher | com.example.empoweher.activities.mainactivity | null
03-06 20:17:16.699 28304 28323 E CustomAppIcons: Load icon from drawable: android.graphics.drawable.AdaptiveIconDrawable@a8ed807
03-06 20:17:16.722 28304 28323 D CustomAppIcons: Get custom app icon: android.app.Application@8977231 | com.example.empoweher |
03-06 20:17:16.722 28304 28323 D CustomAppIcons: Icon from CustomAppIcons: com.example.empoweher |  | null
03-06 20:17:16.722 28304 28323 E CustomAppIcons: Load icon from drawable: android.graphics.drawable.AdaptiveIconDrawable@10e4d34
03-06 20:17:16.722  9276  9276 D ProcessState: Binder ioctl to enable oneway spam detection failed: Invalid argument
03-06 20:17:16.771  2070  3461 I PackageDexOptimizer: Running dexopt (dexoptNeeded=-3) on: /data/app/~~vtXINWp3a-aSjqIvdZfWXQ==/com.example.empoweher-Qr05Vz6PusKbr-6d0zmzRQ==/base.apk pkg=com.example.empoweher isa=arm64 dexoptFlags=boot_complete,profile_guided,force,enable_hidden_api_checks targetFilter=speed-profile oatDir=/data/app/~~vtXINWp3a-aSjqIvdZfWXQ==/com.example.empoweher-Qr05Vz6PusKbr-6d0zmzRQ==/oat classLoaderContext=PCL[]{}
03-06 20:17:16.773  1569  8460 V installd: DexInv: --- BEGIN '/data/app/~~vtXINWp3a-aSjqIvdZfWXQ==/com.example.empoweher-Qr05Vz6PusKbr-6d0zmzRQ==/base.apk' ---
03-06 20:17:16.773  1569  8460 V installd: Running /apex/com.android.art/bin/dex2oat64 in=base.apk out=/data/app/~~vtXINWp3a-aSjqIvdZfWXQ==/com.example.empoweher-Qr05Vz6PusKbr-6d0zmzRQ==/oat/arm64/base.odex
03-06 20:17:16.780  1319  1319 I SDM     : HWCDisplayBuiltIn::GetOptimalRefreshRate: active_refresh_rate_: 60
03-06 20:17:16.801  9282  9282 W dex2oat64: Mismatch between dex2oat instruction set features to use (ISA: Arm64 Feature string: a53,crc,-lse,-fp16,-dotprod,-sve) and those from CPP defines (ISA: Arm64 Feature string: -a53,-crc,-lse,-fp16,-dotprod,-sve) for the command line:
03-06 20:17:16.801  9282  9282 W dex2oat64: /apex/com.android.art/bin/dex2oat64 --zip-fd=7 --zip-location=base.apk --oat-fd=8 --oat-location=/data/app/~~vtXINWp3a-aSjqIvdZfWXQ==/com.example.empoweher-Qr05Vz6PusKbr-6d0zmzRQ==/oat/arm64/base.odex --input-vdex-fd=9 --output-vdex-fd=10 --app-image-fd=13 --image-format=lz4 --profile-file-fd=12 --swap-fd=11 --classpath-dir=/data/app/~~vtXINWp3a-aSjqIvdZfWXQ==/com.example.empoweher-Qr05Vz6PusKbr-6d0zmzRQ== --class-loader-context=PCL[]{} --instruction-set=arm64 --instruction-set-features=default --instruction-set-variant=generic --compiler-filter=speed-profile --compilation-reason=cmdline --max-image-block-size=524288 --resolve-startup-const-strings=true --generate-mini-debug-info --runtime-arg -Xtarget-sdk-version:34 --runtime-arg -Xhidden-api-policy:enabled -j6 --runtime-arg -Xms64m --runtime-arg -Xmx512m
03-06 20:17:16.809  9282  9282 I dex2oat64: /apex/com.android.art/bin/dex2oat64 --input-vdex-fd=9 --output-vdex-fd=10 --profile-file-fd=12 --classpath-dir=/data/app/~~vtXINWp3a-aSjqIvdZfWXQ==/com.example.empoweher-Qr05Vz6PusKbr-6d0zmzRQ== --class-loader-context=PCL[]{} --compiler-filter=speed-profile --compilation-reason=cmdline --max-image-block-size=524288 --resolve-startup-const-strings=true --generate-mini-debug-info -j6
03-06 20:17:16.854 24401  8504 I NetworkScheduler.Stats: (REDACTED) Task %s/%s started execution. cause:%s exec_start_elapsed_seconds: %s
03-06 20:17:16.862  9282  9282 I dex2oat64: Using CollectorTypeCC GC.
03-06 20:17:16.877 24401  9212 I NetworkScheduler.Stats: (REDACTED) Task %s/%s finished executing. cause:%s result: %s elapsed_millis: %s uptime_millis: %s exec_start_elapsed_seconds: %s
03-06 20:17:16.905  8326  8365 I BugleDataModel: PendingMessagesProcessor: process from ProcessPendingMessagesAction due to scheduled processing with delay 0 with queues:
03-06 20:17:16.914  9282  9282 I dex2oat64: Large app, accepted running with swap.
03-06 20:17:16.933  7544  7627 I id.gms.unstabl: Explicit concurrent copying GC freed 4865(359KB) AllocSpace objects, 2(136KB) LOS objects, 24% free, 4061KB/5415KB, paused 146us,39us total 103.686ms
03-06 20:17:17.011  8326  8379 I Bugle   : BroadcastReceiverAsyncWorkTracker: Acknowledging broadcast of afgi@a69dfd
03-06 20:17:17.015  2070  2671 I InputReader: Reconfiguring input devices, changes=KEYBOARD_LAYOUTS |
03-06 20:17:17.022   892   914 I PermissionControllerServiceImpl: Updating user sensitive for uid 12031
03-06 20:17:17.042  3353  3353 D CarrierSvcBindHelper: No carrier app for: 0
03-06 20:17:17.042  3353  3353 E PhoneInterfaceManager: [PhoneIntfMgr] getCarrierPackageNamesForIntentAndPhone: No UICC
03-06 20:17:17.042  3353  3353 D CarrierSvcBindHelper: No carrier app for: 1
03-06 20:17:17.047  3353  3353 D ImsResolver: maybeAddedImsService, packageName: com.example.empoweher
03-06 20:17:17.055 24401  8476 I Fitness : (REDACTED) OnPackageChangedOperation got intent: %s
03-06 20:17:17.057  1236  1236 D Zygote  : Forked child process 9297
03-06 20:17:17.062   667   667 I Finsky  : [2] abik.onStartJob(128): SCH: job service start with id 9131.
03-06 20:17:17.067 24401  8476 I Fitness : (REDACTED) FitCleanupIntentOperation received Intent %s
03-06 20:17:17.077  2070  2257 W SearchableInfo: Invalid searchable metadata for com.instagram.android/com.instagram.direct.appwidget.DirectRecipientSearchActivity: Search label must be a resource reference.
03-06 20:17:17.088 24401 13763 I Fitness : (REDACTED) Package %s enabled.  Potentially restarting recording
03-06 20:17:17.090  9297  9297 I apido.passenge: Using CollectorTypeCC GC.
03-06 20:17:17.091   667  8513 I Finsky  : [998] abgz.a(995): SCH: Satisfied jobs for 9131 are: 12-1
03-06 20:17:17.097  9297  9297 E apido.passenge: Not starting debugger since process cannot load the jdwp agent.
03-06 20:17:17.099  9297  9297 D ProcessState: Binder ioctl to enable oneway spam detection failed: Invalid argument
03-06 20:17:17.110   667  9305 I Finsky  : [1003] aadu.accept(562): SCH: Job 12-1 starting
03-06 20:17:17.111  9297  9297 D CompatibilityChangeReporter: Compat change id reported: 171979766; UID 11044; state: ENABLED
03-06 20:17:17.113   667   667 I Finsky  : [2] ContentSyncJob.h(14): [ContentSync] job started
03-06 20:17:17.133  9297  9297 D nativeloader: Configuring clns-4 for other apk /system/framework/org.apache.http.legacy.jar. target_sdk_version=31, uses_libraries=ALL, library_path=/data/app/~~vWt8BOVbjf04xXec36f75g==/com.rapido.passenger-rpKbijK7IGx4wCOJpS-avQ==/lib/arm64:/data/app/~~vWt8BOVbjf04xXec36f75g==/com.rapido.passenger-rpKbijK7IGx4wCOJpS-avQ==/base.apk!/lib/arm64-v8a:/data/app/~~vWt8BOVbjf04xXec36f75g==/com.rapido.passenger-rpKbijK7IGx4wCOJpS-avQ==/split_config.arm64_v8a.apk!/lib/arm64-v8a:/data/app/~~vWt8BOVbjf04xXec36f75g==/com.rapido.passenger-rpKbijK7IGx4wCOJpS-avQ==/split_config.xxhdpi.apk!/lib/arm64-v8a, permitted_path=/data:/mnt/expand:/data/user/0/com.rapido.passenger
03-06 20:17:17.133  9297  9297 D nativeloader: Extending system_exposed_libraries: libvraudio_client.qti.so:libbinauralrenderer_wrapper.qti.so:libhoaeffects.qti.so:libjni_helper.motocameradesktop.so:libimgTuner_jni.motoimagetuner.so:libmcf_native_window_helper.motocamera.so:libupdateprof.qti.so:libdiag_system.qti.so:libqape.qti.so:libqesdk_ndk_platform.qti.so:liblistenjni.qti.so
03-06 20:17:17.156 23304  7147 I Icing   : Indexing com.google.android.gms-apps from com.google.android.gms
03-06 20:17:17.183 28304 28323 D CustomAppIcons: Get custom app icon: android.app.Application@8977231 | com.example.empoweher | com.example.empoweher.activities.mainactivity
03-06 20:17:17.183 28304 28323 D CustomAppIcons: Icon from CustomAppIcons: com.example.empoweher | com.example.empoweher.activities.mainactivity | null
03-06 20:17:17.184 28304 28323 D CustomAppIcons: Get custom app icon: android.app.Application@8977231 | com.example.empoweher | com.example.empoweher.activities.mainactivity
03-06 20:17:17.184 28304 28323 D CustomAppIcons: Icon from CustomAppIcons: com.example.empoweher | com.example.empoweher.activities.mainactivity | null
03-06 20:17:17.187 28304 28323 E CustomAppIcons: Load icon from drawable: android.graphics.drawable.AdaptiveIconDrawable@8ea6e1b
03-06 20:17:17.187 23304 23726 I Icing   : Indexing done com.google.android.gms-apps
03-06 20:17:17.198  9297  9297 W ziparchive: Unable to open '/data/app/~~vWt8BOVbjf04xXec36f75g==/com.rapido.passenger-rpKbijK7IGx4wCOJpS-avQ==/split_config.arm64_v8a.dm': No such file or directory
03-06 20:17:17.198  9297  9297 W ziparchive: Unable to open '/data/app/~~vWt8BOVbjf04xXec36f75g==/com.rapido.passenger-rpKbijK7IGx4wCOJpS-avQ==/split_config.arm64_v8a.dm': No such file or directory
03-06 20:17:17.199  9297  9297 W apido.passenge: Entry not found
03-06 20:17:17.199  9297  9297 W ziparchive: Unable to open '/data/app/~~vWt8BOVbjf04xXec36f75g==/com.rapido.passenger-rpKbijK7IGx4wCOJpS-avQ==/split_config.xxhdpi.dm': No such file or directory
03-06 20:17:17.199  9297  9297 W ziparchive: Unable to open '/data/app/~~vWt8BOVbjf04xXec36f75g==/com.rapido.passenger-rpKbijK7IGx4wCOJpS-avQ==/split_config.xxhdpi.dm': No such file or directory
03-06 20:17:17.200  9297  9297 W apido.passenge: Entry not found
03-06 20:17:17.201  9297  9297 D nativeloader: Configuring clns-5 for other apk /data/app/~~vWt8BOVbjf04xXec36f75g==/com.rapido.passenger-rpKbijK7IGx4wCOJpS-avQ==/base.apk:/data/app/~~vWt8BOVbjf04xXec36f75g==/com.rapido.passenger-rpKbijK7IGx4wCOJpS-avQ==/split_config.arm64_v8a.apk:/data/app/~~vWt8BOVbjf04xXec36f75g==/com.rapido.passenger-rpKbijK7IGx4wCOJpS-avQ==/split_config.xxhdpi.apk. target_sdk_version=31, uses_libraries=, library_path=/data/app/~~vWt8BOVbjf04xXec36f75g==/com.rapido.passenger-rpKbijK7IGx4wCOJpS-avQ==/lib/arm64:/data/app/~~vWt8BOVbjf04xXec36f75g==/com.rapido.passenger-rpKbijK7IGx4wCOJpS-avQ==/base.apk!/lib/arm64-v8a:/data/app/~~vWt8BOVbjf04xXec36f75g==/com.rapido.passenger-rpKbijK7IGx4wCOJpS-avQ==/split_config.arm64_v8a.apk!/lib/arm64-v8a:/data/app/~~vWt8BOVbjf04xXec36f75g==/com.rapido.passenger-rpKbijK7IGx4wCOJpS-avQ==/split_config.xxhdpi.apk!/lib/arm64-v8a, permitted_path=/data:/mnt/expand:/data/user/0/com.rapido.passenger
03-06 20:17:17.209  9297  9297 V GraphicsEnvironment: ANGLE Developer option for 'com.rapido.passenger' set to: 'default'
03-06 20:17:17.209  9297  9297 V GraphicsEnvironment: ANGLE GameManagerService for com.rapido.passenger: false
03-06 20:17:17.209  9297  9297 V GraphicsEnvironment: Updatable production driver is not supported on the device.
03-06 20:17:17.210  9297  9297 D NetworkSecurityConfig: Using Network Security Config from resource network_security_config debugBuild: false
03-06 20:17:17.211  9297  9297 D NetworkSecurityConfig: Using Network Security Config from resource network_security_config debugBuild: false
03-06 20:17:17.215 28304 28323 D CustomAppIcons: Get custom app icon: android.app.Application@8977231 | com.example.empoweher |
03-06 20:17:17.215 28304 28323 D CustomAppIcons: Icon from CustomAppIcons: com.example.empoweher |  | null
